******************************************************************************
                  TI ARM Linker PC v16.9.6                     
******************************************************************************
>> Linked Wed Dec 05 23:50:26 2018

OUTPUT FILE NAME:   <vivid_smart_lamp.out>
ENTRY POINT SYMBOL: "_c_int00"  address: 00001d61


MEMORY CONFIGURATION

         name            origin    length      used     unused   attr    fill
----------------------  --------  ---------  --------  --------  ----  --------
  FLASH                 00000000   00040000  0000366c  0003c994  R  X
  SRAM                  20000000   00008000  00000dd1  0000722f  RW X


SEGMENT ALLOCATION MAP

run origin  load origin   length   init length attrs members
----------  ----------- ---------- ----------- ----- -------
00000000    00000000    00003670   00003670    r-x
  00000000    00000000    0000026c   0000026c    r-- .intvecs
  0000026c    0000026c    000023d4   000023d4    r-x .text
  00002640    00002640    00000fe4   00000fe4    r-- .const
  00003628    00003628    00000048   00000048    r-- .cinit
20000000    20000000    00000dd4   00000000    rw-
  20000000    20000000    0000026c   00000000    rw- .vtable
  2000026c    2000026c    00000945   00000000    rw- .bss
  20000bb4    20000bb4    00000200   00000000    rw- .stack
  20000db4    20000db4    00000020   00000000    rw- .data


SECTION ALLOCATION MAP

 output                                  attributes/
section   page    origin      length       input sections
--------  ----  ----------  ----------   ----------------
.intvecs   0    00000000    0000026c     
                  00000000    0000026c     tm4c123gh6pm_startup_ccs.obj (.intvecs)

.text      0    0000026c    000023d4     
                  0000026c    0000066e     dsplib-cm4f.lib : arm_cfft_radix8_f32.obj (.text:arm_radix8_butterfly_f32)
                  000008da    00000462                     : arm_cfft_f32.obj (.text:arm_cfft_radix8by4_f32)
                  00000d3c    00000251     ustdlib.obj (.text:uvsnprintf)
                  00000f8d    00000001     --HOLE-- [fill = 0]
                  00000f8e    00000184     dsplib-cm4f.lib : arm_cfft_f32.obj (.text:arm_cfft_radix8by2_f32)
                  00001112    00000132     driverlib.lib : gpio.obj (.text:GPIOPadConfigSet)
                  00001244    00000110                   : sysctl.obj (.text:SysCtlClockGet)
                  00001354    000000f4                   : sysctl.obj (.text:SysCtlClockSet)
                  00001448    000000f0     OrbitOled.obj (.text:OrbitOledHostInit)
                  00001538    000000e0     main.obj (.text:main)
                  00001618    000000da     dsplib-cm4f.lib : arm_cfft_f32.obj (.text:arm_cfft_f32)
                  000016f2    0000009c     rtsv7M4_T_le_v4SPD16_eabi.lib : memcpy_t2.obj (.text)
                  0000178e    00000002     tm4c123gh6pm_startup_ccs.obj (.text:FaultISR)
                  00001790    00000090     OrbitOled.obj (.text:OrbitOledDevInit)
                  00001820    00000084     OrbitOled.obj (.text:OrbitOledDvrInit)
                  000018a4    0000007a     driverlib.lib : adc.obj (.text:ADCSequenceStepConfigure)
                  0000191e    0000007a     rtsv7M4_T_le_v4SPD16_eabi.lib : memset_t2.obj (.text)
                  00001998    00000070                                   : autoinit.obj (.text)
                  00001a08    00000068     driverlib.lib : interrupt.obj (.text:IntDisable)
                  00001a70    00000068                   : interrupt.obj (.text:IntEnable)
                  00001ad8    00000068     rtsv7M4_T_le_v4SPD16_eabi.lib : copy_decompress_lzss.obj (.text:decompress:lzss)
                  00001b40    00000064     driverlib.lib : interrupt.obj (.text:IntIsEnabled)
                  00001ba4    00000060                   : timer.obj (.text:TimerConfigure)
                  00001c04    00000058     main.obj (.text:ADCIntHandler)
                  00001c5c    00000058     OrbitOled.obj (.text:OrbitOledPutBuffer)
                  00001cb4    00000058     dsplib-cm4f.lib : arm_cmplx_mag_f32.obj (.text:arm_cmplx_mag_f32)
                  00001d0c    00000054     OrbitOledChar.obj (.text:OrbitOledDrawGlyph)
                  00001d60    00000054     rtsv7M4_T_le_v4SPD16_eabi.lib : boot.obj (.text)
                  00001db4    00000054                                   : exit.obj (.text)
                  00001e08    00000050     driverlib.lib : adc.obj (.text:ADCSequenceConfigure)
                  00001e58    00000050     OrbitOled.obj (.text:OrbitOledUpdate)
                  00001ea8    00000050     OrbitOled.obj (.text:Ssi3PutByte)
                  00001ef8    00000050     driverlib.lib : adc.obj (.text:_ADCIntNumberGet)
                  00001f48    0000004c                   : gpio.obj (.text:GPIOPinConfigure)
                  00001f94    0000004c     OrbitOledChar.obj (.text:OrbitOledSetCursor)
                  00001fe0    0000004c     main.obj (.text:initADC)
                  0000202c    0000004c     rtsv7M4_T_le_v4SPD16_eabi.lib : cpy_tbl.obj (.text)
                  00002078    00000048     OrbitOledGrph.obj (.text:OrbitOledMoveTo)
                  000020c0    00000044     OrbitOledGrph.obj (.text:OrbitOledSetDrawMode)
                  00002104    00000040     OrbitOledChar.obj (.text:OrbitOledAdvanceCursor)
                  00002144    00000040     rtsv7M4_T_le_v4SPD16_eabi.lib : u_divt2.obj (.text)
                  00002184    0000003c     driverlib.lib : ssi.obj (.text:SSIConfigSetExpClk)
                  000021c0    00000034                   : interrupt.obj (.text:IntRegister)
                  000021f4    00000034                   : sysctl.obj (.text:SysCtlPeripheralEnable)
                  00002228    00000034     dsplib-cm4f.lib : arm_cfft_f32.obj (.text:arm_bitreversal_32)
                  0000225c    0000002c     delay.obj (.text:DelayMs)
                  00002288    0000002c     driverlib.lib : gpio.obj (.text:GPIODirModeSet)
                  000022b4    0000002a     ustdlib.obj (.text:ustrncpy)
                  000022de    00000002     tm4c123gh6pm_startup_ccs.obj (.text:IntDefaultHandler)
                  000022e0    00000028     OrbitOledChar.obj (.text:OrbitOledPutString)
                  00002308    00000028     rtsv7M4_T_le_v4SPD16_eabi.lib : e_sqrtf.obj (.text)
                  00002330    00000024     delay.obj (.text:DelayInit)
                  00002354    00000020     main.obj (.text:initSysTickClock)
                  00002374    0000001e     driverlib.lib : adc.obj (.text:ADCSequenceDataGet)
                  00002392    00000002     tm4c123gh6pm_startup_ccs.obj (.text:NmiSR)
                  00002394    0000001c     OrbitOLEDInterface.obj (.text:OLEDInitialise)
                  000023b0    0000001c     driverlib.lib : systick.obj (.text:SysTickIntRegister)
                  000023cc    0000001a     ustdlib.obj (.text:usnprintf)
                  000023e6    00000018     driverlib.lib : adc.obj (.text:ADCIntRegister)
                  000023fe    00000018                   : adc.obj (.text:ADCProcessorTrigger)
                  00002416    00000018                   : gpio.obj (.text:GPIOPinTypeGPIOOutput)
                  0000242e    00000002     rtsv7M4_T_le_v4SPD16_eabi.lib : i_div0.obj (.text)
                  00002430    00000018     OrbitOled.obj (.text:OrbitOledClearBuffer)
                  00002448    00000018     rtsv7M4_T_le_v4SPD16_eabi.lib : args_main.obj (.text)
                  00002460    00000016     driverlib.lib : gpio.obj (.text:GPIOPinTypeSSI)
                  00002476    00000016     OrbitOLEDInterface.obj (.text:OLEDStringDraw)
                  0000248c    00000014     OrbitOled.obj (.text:OrbitOledInit)
                  000024a0    00000014     driverlib.lib : systick.obj (.text:SysTickEnable)
                  000024b4    00000014                   : systick.obj (.text:SysTickIntEnable)
                  000024c8    00000014     main.obj (.text:average)
                  000024dc    00000014     main.obj (.text:initClock)
                  000024f0    00000014     rtsv7M4_T_le_v4SPD16_eabi.lib : _lock.obj (.text)
                  00002504    00000010     driverlib.lib : adc.obj (.text:ADCIntEnable)
                  00002514    00000010                   : interrupt.obj (.text:IntMasterEnable)
                  00002524    00000010     OrbitOledGrph.obj (.text:OrbitOledClampXco)
                  00002534    00000010     OrbitOledGrph.obj (.text:OrbitOledClampYco)
                  00002544    00000010     driverlib.lib : systick.obj (.text:SysTickPeriodSet)
                  00002554    00000010     main.obj (.text:initialisations)
                  00002564    0000000e     driverlib.lib : adc.obj (.text:ADCSequenceEnable)
                  00002572    0000000e     OrbitOledGrph.obj (.text:OrbitOledRopSet)
                  00002580    0000000e     driverlib.lib : timer.obj (.text:TimerEnable)
                  0000258e    0000000e     rtsv7M4_T_le_v4SPD16_eabi.lib : copy_decompress_none.obj (.text:decompress:none)
                  0000259c    0000000c     driverlib.lib : cpu.obj (.text:CPUcpsie)
                  000025a8    0000000c     OrbitOled.obj (.text:OrbitOledClear)
                  000025b4    0000000c     driverlib.lib : ssi.obj (.text:SSIDataGet)
                  000025c0    0000000c     main.obj (.text:SysTickIntHandler)
                  000025cc    0000000c     rtsv7M4_T_le_v4SPD16_eabi.lib : copy_zero_init.obj (.text:decompress:ZI)
                  000025d8    0000000a     driverlib.lib : adc.obj (.text:ADCIntClear)
                  000025e2    0000000a                   : ssi.obj (.text:SSIDataPut)
                  000025ec    0000000a                   : ssi.obj (.text:SSIEnable)
                  000025f6    0000000a                   : timer.obj (.text:TimerValueGet)
                  00002600    00000008     OrbitOledGrph.obj (.text:OrbitOledRopAnd)
                  00002608    00000008     OrbitOledGrph.obj (.text:OrbitOledRopOr)
                  00002610    00000008     OrbitOledGrph.obj (.text:OrbitOledRopXor)
                  00002618    00000008     driverlib.lib : ssi.obj (.text:SSIBusy)
                  00002620    00000006                   : gpio.obj (.text:GPIOPinWrite)
                  00002626    00000006     tm4c123gh6pm_startup_ccs.obj (.text:ResetISR)
                  0000262c    00000006     driverlib.lib : ssi.obj (.text:SSIClockSourceSet)
                  00002632    00000006                   : sysctl.obj (.text:SysCtlDelay)
                  00002638    00000004     rtsv7M4_T_le_v4SPD16_eabi.lib : pre_init.obj (.text)
                  0000263c    00000002                                   : mpu_init.obj (.text)
                  0000263e    00000002                                   : startup.obj (.text)

.const     0    00002640    00000fe4     
                  00002640    00000800     dsplib-cm4f.lib : arm_common_tables.obj (.const:twiddleCoef_256)
                  00002e40    00000370                     : arm_common_tables.obj (.const:armBitRevIndexTable256)
                  000031b0    00000300     ChrFont0.obj (.const:.string:rgbOledFont0)
                  000034b0    00000090     driverlib.lib : gpio.obj (.const:g_pui32GPIOBaseAddrs)
                  00003540    0000006c                   : sysctl.obj (.const:g_pui32Xtals)
                  000035ac    00000040     FillPat.obj (.const:.string:rgbFillPat)
                  000035ec    00000014     driverlib.lib : interrupt.obj (.const:g_pui32Dii16Regs)
                  00003600    00000014                   : interrupt.obj (.const:g_pui32EnRegs)
                  00003614    00000010     dsplib-cm4f.lib : arm_const_structs.obj (.const:arm_cfft_sR_f32_len256)

.cinit     0    00003628    00000048     
                  00003628    00000011     (.cinit..data.load) [load image, compression = lzss]
                  00003639    00000003     --HOLE-- [fill = 0]
                  0000363c    0000000c     (__TI_handler_table)
                  00003648    00000008     (.cinit..bss.load) [load image, compression = zero_init]
                  00003650    00000008     (.cinit..vtable.load) [load image, compression = zero_init]
                  00003658    00000018     (__TI_cinit_table)

.init_array 
*          0    00000000    00000000     UNINITIALIZED

.vtable    0    20000000    0000026c     UNINITIALIZED
                  20000000    0000026c     driverlib.lib : interrupt.obj (.vtable)

.bss       0    2000026c    00000945     UNINITIALIZED
                  2000026c    00000400     main.obj (.bss:N_ADC_samples)
                  2000066c    00000200     main.obj (.bss:FFTOutput)
                  2000086c    00000200     (.common:rgbOledBmp)
                  20000a6c    00000100     (.common:rgbOledFontUser)
                  20000b6c    00000004     main.obj (.bss:singleADCSample)
                  20000b70    00000004     (.common:bnOledCur)
                  20000b74    00000004     (.common:dxcoOledFontCur)
                  20000b78    00000004     (.common:dycoOledFontCur)
                  20000b7c    00000004     (.common:fOledCharUpdate)
                  20000b80    00000004     (.common:modOledCur)
                  20000b84    00000004     (.common:pbOledCur)
                  20000b88    00000004     (.common:pbOledFontCur)
                  20000b8c    00000004     (.common:pbOledFontUser)
                  20000b90    00000004     (.common:pbOledPatCur)
                  20000b94    00000004     (.common:pfnDoRop)
                  20000b98    00000004     (.common:xchOledCur)
                  20000b9c    00000004     (.common:xchOledMax)
                  20000ba0    00000004     (.common:xcoOledCur)
                  20000ba4    00000004     (.common:ychOledCur)
                  20000ba8    00000004     (.common:ychOledMax)
                  20000bac    00000004     (.common:ycoOledCur)
                  20000bb0    00000001     (.common:clrOledCur)

.stack     0    20000bb4    00000200     UNINITIALIZED
                  20000bb4    00000200     --HOLE--

.data      0    20000db4    00000020     UNINITIALIZED
                  20000db4    0000000c     rtsv7M4_T_le_v4SPD16_eabi.lib : exit.obj (.data:$O1$$)
                  20000dc0    00000008                                   : _lock.obj (.data:$O1$$)
                  20000dc8    00000004     main.obj (.data)
                  20000dcc    00000004     rtsv7M4_T_le_v4SPD16_eabi.lib : errno.obj (.data)
                  20000dd0    00000004                                   : stkdepth_vars.obj (.data)

MODULE SUMMARY

       Module                         code   ro data   rw data
       ------                         ----   -------   -------
    .\
       main.obj                       488    0         1544   
       ustdlib.obj                    661    0         0      
       tm4c123gh6pm_startup_ccs.obj   12     620       0      
    +--+------------------------------+------+---------+---------+
       Total:                         1161   620       1544   
                                                              
    .\OrbitOLED\
       OrbitOLEDInterface.obj         50     0         0      
    +--+------------------------------+------+---------+---------+
       Total:                         50     0         0      
                                                              
    .\OrbitOLED\lib_OrbitOled\
       OrbitOled.obj                  820    0         553    
       ChrFont0.obj                   0      768       0      
       OrbitOledChar.obj              264    0         272    
       OrbitOledGrph.obj              210    0         8      
       delay.obj                      80     0         0      
       FillPat.obj                    0      64        0      
    +--+------------------------------+------+---------+---------+
       Total:                         1374   832       833    
                                                              
    C:/Users/Gabriel/workspace_v7/dsplib-cm4f/Debug/dsplib-cm4f.lib
       arm_common_tables.obj          0      2928      0      
       arm_cfft_f32.obj               1780   0         0      
       arm_cfft_radix8_f32.obj        1646   0         0      
       arm_cmplx_mag_f32.obj          88     0         0      
       arm_const_structs.obj          0      16        0      
    +--+------------------------------+------+---------+---------+
       Total:                         3514   2944      0      
                                                              
    C:/ti/TivaWare_C_Series-2.1.4.178/driverlib/ccs/Debug/driverlib.lib
       interrupt.obj                  376    40        620    
       sysctl.obj                     574    108       0      
       gpio.obj                       478    144       0      
       adc.obj                        400    0         0      
       timer.obj                      120    0         0      
       ssi.obj                        106    0         0      
       systick.obj                    84     0         0      
       cpu.obj                        12     0         0      
    +--+------------------------------+------+---------+---------+
       Total:                         2150   292       620    
                                                              
    C:\ti\ccsv7\tools\compiler\ti-cgt-arm_16.9.6.LTS\lib\rtsv7M4_T_le_v4SPD16_eabi.lib
       memcpy_t2.obj                  156    0         0      
       memset_t2.obj                  122    0         0      
       autoinit.obj                   112    0         0      
       copy_decompress_lzss.obj       104    0         0      
       exit.obj                       84     0         12     
       boot.obj                       84     0         0      
       cpy_tbl.obj                    76     0         0      
       u_divt2.obj                    64     0         0      
       e_sqrtf.obj                    40     0         0      
       _lock.obj                      20     0         8      
       args_main.obj                  24     0         0      
       copy_decompress_none.obj       14     0         0      
       copy_zero_init.obj             12     0         0      
       errno.obj                      0      0         4      
       pre_init.obj                   4      0         0      
       stkdepth_vars.obj              0      0         4      
       i_div0.obj                     2      0         0      
       mpu_init.obj                   2      0         0      
       startup.obj                    2      0         0      
    +--+------------------------------+------+---------+---------+
       Total:                         922    0         28     
                                                              
       Stack:                         0      0         512    
       Linker Generated:              0      69        0      
    +--+------------------------------+------+---------+---------+
       Grand Total:                   9171   4757      3537   


LINKER GENERATED COPY TABLES

__TI_cinit_table @ 00003658 records: 3, size/record: 8, table size: 24
	.data: load addr=00003628, load size=00000011 bytes, run addr=20000db4, run size=00000020 bytes, compression=lzss
	.bss: load addr=00003648, load size=00000008 bytes, run addr=2000026c, run size=00000945 bytes, compression=zero_init
	.vtable: load addr=00003650, load size=00000008 bytes, run addr=20000000, run size=0000026c bytes, compression=zero_init


LINKER GENERATED HANDLER TABLE

__TI_handler_table @ 0000363c records: 3, size/record: 4, table size: 12
	index: 0, handler: __TI_zero_init
	index: 1, handler: __TI_decompress_lzss
	index: 2, handler: __TI_decompress_none


GLOBAL SYMBOLS: SORTED ALPHABETICALLY BY Name 

address   name                           
-------   ----                           
000025d9  ADCIntClear                    
00002505  ADCIntEnable                   
00001c05  ADCIntHandler                  
000023e7  ADCIntRegister                 
000023ff  ADCProcessorTrigger            
00001e09  ADCSequenceConfigure           
00002375  ADCSequenceDataGet             
00002565  ADCSequenceEnable              
000018a5  ADCSequenceStepConfigure       
00001db5  C$$EXIT                        
0000259d  CPUcpsie                       
00002331  DelayInit                      
0000225d  DelayMs                        
00002289  GPIODirModeSet                 
00001113  GPIOPadConfigSet               
00001f49  GPIOPinConfigure               
00002417  GPIOPinTypeGPIOOutput          
00002461  GPIOPinTypeSSI                 
00002621  GPIOPinWrite                   
00001a09  IntDisable                     
00001a71  IntEnable                      
00001b41  IntIsEnabled                   
00002515  IntMasterEnable                
000021c1  IntRegister                    
00002395  OLEDInitialise                 
00002477  OLEDStringDraw                 
00002105  OrbitOledAdvanceCursor         
00002525  OrbitOledClampXco              
00002535  OrbitOledClampYco              
000025a9  OrbitOledClear                 
00002431  OrbitOledClearBuffer           
00001791  OrbitOledDevInit               
00001d0d  OrbitOledDrawGlyph             
00001821  OrbitOledDvrInit               
00001449  OrbitOledHostInit              
0000248d  OrbitOledInit                  
00002079  OrbitOledMoveTo                
00001c5d  OrbitOledPutBuffer             
000022e1  OrbitOledPutString             
00002601  OrbitOledRopAnd                
00002609  OrbitOledRopOr                 
00002573  OrbitOledRopSet                
00002611  OrbitOledRopXor                
00001f95  OrbitOledSetCursor             
000020c1  OrbitOledSetDrawMode           
00001e59  OrbitOledUpdate                
00002627  ResetISR                       
UNDEFED   SHT$$INIT_ARRAY$$Base          
UNDEFED   SHT$$INIT_ARRAY$$Limit         
00002619  SSIBusy                        
0000262d  SSIClockSourceSet              
00002185  SSIConfigSetExpClk             
000025b5  SSIDataGet                     
000025e3  SSIDataPut                     
000025ed  SSIEnable                      
00001ea9  Ssi3PutByte                    
00001245  SysCtlClockGet                 
00001355  SysCtlClockSet                 
00002633  SysCtlDelay                    
000021f5  SysCtlPeripheralEnable         
000024a1  SysTickEnable                  
000024b5  SysTickIntEnable               
000025c1  SysTickIntHandler              
000023b1  SysTickIntRegister             
00002545  SysTickPeriodSet               
00001ba5  TimerConfigure                 
00002581  TimerEnable                    
000025f7  TimerValueGet                  
20000db4  __STACK_END                    
00000200  __STACK_SIZE                   
20000db4  __STACK_TOP                    
00003658  __TI_CINIT_Base                
00003670  __TI_CINIT_Limit               
0000363c  __TI_Handler_Table_Base        
00003648  __TI_Handler_Table_Limit       
00001999  __TI_auto_init                 
20000db4  __TI_cleanup_ptr               
00001ad9  __TI_decompress_lzss           
0000258f  __TI_decompress_none           
20000db8  __TI_dtors_ptr                 
20000dbc  __TI_enable_exit_profile_output
ffffffff  __TI_pprof_out_hndl            
ffffffff  __TI_prof_data_size            
ffffffff  __TI_prof_data_start           
00000000  __TI_static_base__             
000025cd  __TI_zero_init                 
0000242f  __aeabi_idiv0                  
0000191f  __aeabi_memclr                 
0000191f  __aeabi_memclr4                
0000191f  __aeabi_memclr8                
000016f3  __aeabi_memcpy                 
000016f3  __aeabi_memcpy4                
000016f3  __aeabi_memcpy8                
00001921  __aeabi_memset                 
00001921  __aeabi_memset4                
00001921  __aeabi_memset8                
00002145  __aeabi_uidiv                  
00002145  __aeabi_uidivmod               
ffffffff  __binit__                      
ffffffff  __c_args__                     
0000263d  __mpu_init                     
20000bb4  __stack                        
00002449  _args_main                     
00001d61  _c_int00                       
20000dc0  _lock                          
000024ff  _nop                           
000024f7  _register_lock                 
000024f1  _register_unlock               
0000263f  _system_post_cinit             
00002639  _system_pre_init               
20000dc4  _unlock                        
00001db9  abort                          
00002e40  armBitRevIndexTable256         
00002229  arm_bitreversal_32             
00001619  arm_cfft_f32                   
00000f8f  arm_cfft_radix8by2_f32         
000008db  arm_cfft_radix8by4_f32         
00003614  arm_cfft_sR_f32_len256         
00001cb5  arm_cmplx_mag_f32              
0000026d  arm_radix8_butterfly_f32       
000024c9  average                        
ffffffff  binit                          
20000b70  bnOledCur                      
20000bb0  clrOledCur                     
0000202d  copy_in                        
20000b74  dxcoOledFontCur                
20000b78  dycoOledFontCur                
20000dcc  errno                          
00001dc1  exit                           
20000b7c  fOledCharUpdate                
20000000  g_pfnRAMVectors                
00000000  g_pfnVectors                   
00001fe1  initADC                        
000024dd  initClock                      
00002355  initSysTickClock               
00002555  initialisations                
00001539  main                           
20000dd0  main_func_sp                   
000016f3  memcpy                         
00001927  memset                         
20000b80  modOledCur                     
20000b84  pbOledCur                      
20000b88  pbOledFontCur                  
20000b8c  pbOledFontUser                 
20000b90  pbOledPatCur                   
20000b94  pfnDoRop                       
000035ac  rgbFillPat                     
2000086c  rgbOledBmp                     
000031b0  rgbOledFont0                   
20000a6c  rgbOledFontUser                
00002309  sqrtf                          
00002640  twiddleCoef_256                
000023cd  usnprintf                      
000022b5  ustrncpy                       
00000d3d  uvsnprintf                     
20000b98  xchOledCur                     
20000b9c  xchOledMax                     
20000ba0  xcoOledCur                     
20000ba4  ychOledCur                     
20000ba8  ychOledMax                     
20000bac  ycoOledCur                     


GLOBAL SYMBOLS: SORTED BY Symbol Address 

address   name                           
-------   ----                           
00000000  __TI_static_base__             
00000000  g_pfnVectors                   
00000200  __STACK_SIZE                   
0000026d  arm_radix8_butterfly_f32       
000008db  arm_cfft_radix8by4_f32         
00000d3d  uvsnprintf                     
00000f8f  arm_cfft_radix8by2_f32         
00001113  GPIOPadConfigSet               
00001245  SysCtlClockGet                 
00001355  SysCtlClockSet                 
00001449  OrbitOledHostInit              
00001539  main                           
00001619  arm_cfft_f32                   
000016f3  __aeabi_memcpy                 
000016f3  __aeabi_memcpy4                
000016f3  __aeabi_memcpy8                
000016f3  memcpy                         
00001791  OrbitOledDevInit               
00001821  OrbitOledDvrInit               
000018a5  ADCSequenceStepConfigure       
0000191f  __aeabi_memclr                 
0000191f  __aeabi_memclr4                
0000191f  __aeabi_memclr8                
00001921  __aeabi_memset                 
00001921  __aeabi_memset4                
00001921  __aeabi_memset8                
00001927  memset                         
00001999  __TI_auto_init                 
00001a09  IntDisable                     
00001a71  IntEnable                      
00001ad9  __TI_decompress_lzss           
00001b41  IntIsEnabled                   
00001ba5  TimerConfigure                 
00001c05  ADCIntHandler                  
00001c5d  OrbitOledPutBuffer             
00001cb5  arm_cmplx_mag_f32              
00001d0d  OrbitOledDrawGlyph             
00001d61  _c_int00                       
00001db5  C$$EXIT                        
00001db9  abort                          
00001dc1  exit                           
00001e09  ADCSequenceConfigure           
00001e59  OrbitOledUpdate                
00001ea9  Ssi3PutByte                    
00001f49  GPIOPinConfigure               
00001f95  OrbitOledSetCursor             
00001fe1  initADC                        
0000202d  copy_in                        
00002079  OrbitOledMoveTo                
000020c1  OrbitOledSetDrawMode           
00002105  OrbitOledAdvanceCursor         
00002145  __aeabi_uidiv                  
00002145  __aeabi_uidivmod               
00002185  SSIConfigSetExpClk             
000021c1  IntRegister                    
000021f5  SysCtlPeripheralEnable         
00002229  arm_bitreversal_32             
0000225d  DelayMs                        
00002289  GPIODirModeSet                 
000022b5  ustrncpy                       
000022e1  OrbitOledPutString             
00002309  sqrtf                          
00002331  DelayInit                      
00002355  initSysTickClock               
00002375  ADCSequenceDataGet             
00002395  OLEDInitialise                 
000023b1  SysTickIntRegister             
000023cd  usnprintf                      
000023e7  ADCIntRegister                 
000023ff  ADCProcessorTrigger            
00002417  GPIOPinTypeGPIOOutput          
0000242f  __aeabi_idiv0                  
00002431  OrbitOledClearBuffer           
00002449  _args_main                     
00002461  GPIOPinTypeSSI                 
00002477  OLEDStringDraw                 
0000248d  OrbitOledInit                  
000024a1  SysTickEnable                  
000024b5  SysTickIntEnable               
000024c9  average                        
000024dd  initClock                      
000024f1  _register_unlock               
000024f7  _register_lock                 
000024ff  _nop                           
00002505  ADCIntEnable                   
00002515  IntMasterEnable                
00002525  OrbitOledClampXco              
00002535  OrbitOledClampYco              
00002545  SysTickPeriodSet               
00002555  initialisations                
00002565  ADCSequenceEnable              
00002573  OrbitOledRopSet                
00002581  TimerEnable                    
0000258f  __TI_decompress_none           
0000259d  CPUcpsie                       
000025a9  OrbitOledClear                 
000025b5  SSIDataGet                     
000025c1  SysTickIntHandler              
000025cd  __TI_zero_init                 
000025d9  ADCIntClear                    
000025e3  SSIDataPut                     
000025ed  SSIEnable                      
000025f7  TimerValueGet                  
00002601  OrbitOledRopAnd                
00002609  OrbitOledRopOr                 
00002611  OrbitOledRopXor                
00002619  SSIBusy                        
00002621  GPIOPinWrite                   
00002627  ResetISR                       
0000262d  SSIClockSourceSet              
00002633  SysCtlDelay                    
00002639  _system_pre_init               
0000263d  __mpu_init                     
0000263f  _system_post_cinit             
00002640  twiddleCoef_256                
00002e40  armBitRevIndexTable256         
000031b0  rgbOledFont0                   
000035ac  rgbFillPat                     
00003614  arm_cfft_sR_f32_len256         
0000363c  __TI_Handler_Table_Base        
00003648  __TI_Handler_Table_Limit       
00003658  __TI_CINIT_Base                
00003670  __TI_CINIT_Limit               
20000000  g_pfnRAMVectors                
2000086c  rgbOledBmp                     
20000a6c  rgbOledFontUser                
20000b70  bnOledCur                      
20000b74  dxcoOledFontCur                
20000b78  dycoOledFontCur                
20000b7c  fOledCharUpdate                
20000b80  modOledCur                     
20000b84  pbOledCur                      
20000b88  pbOledFontCur                  
20000b8c  pbOledFontUser                 
20000b90  pbOledPatCur                   
20000b94  pfnDoRop                       
20000b98  xchOledCur                     
20000b9c  xchOledMax                     
20000ba0  xcoOledCur                     
20000ba4  ychOledCur                     
20000ba8  ychOledMax                     
20000bac  ycoOledCur                     
20000bb0  clrOledCur                     
20000bb4  __stack                        
20000db4  __STACK_END                    
20000db4  __STACK_TOP                    
20000db4  __TI_cleanup_ptr               
20000db8  __TI_dtors_ptr                 
20000dbc  __TI_enable_exit_profile_output
20000dc0  _lock                          
20000dc4  _unlock                        
20000dcc  errno                          
20000dd0  main_func_sp                   
ffffffff  __TI_pprof_out_hndl            
ffffffff  __TI_prof_data_size            
ffffffff  __TI_prof_data_start           
ffffffff  __binit__                      
ffffffff  __c_args__                     
ffffffff  binit                          
UNDEFED   SHT$$INIT_ARRAY$$Base          
UNDEFED   SHT$$INIT_ARRAY$$Limit         

[161 symbols]
