<?xml version="1.0"?>
<link_info>
   <banner>TI ARM Linker PC v16.9.6.LTS</banner>
   <copyright>Copyright (c) 1996-2017 Texas Instruments Incorporated</copyright>
   <link_time>0x5c11dd15</link_time>
   <link_errors>0x0</link_errors>
   <output_file>vivid_smart_lamp.out</output_file>
   <entry_point>
      <name>_c_int00</name>
      <address>0x1c11</address>
   </entry_point>
   <input_file_list>
      <input_file id="fl-2">
         <path>.\</path>
         <kind>object</kind>
         <file>fix_fft.obj</file>
         <name>fix_fft.obj</name>
      </input_file>
      <input_file id="fl-3">
         <path>.\</path>
         <kind>object</kind>
         <file>main_fft.obj</file>
         <name>main_fft.obj</name>
      </input_file>
      <input_file id="fl-4">
         <path>.\</path>
         <kind>object</kind>
         <file>pwm.obj</file>
         <name>pwm.obj</name>
      </input_file>
      <input_file id="fl-5">
         <path>.\</path>
         <kind>object</kind>
         <file>tm4c123gh6pm_startup_ccs.obj</file>
         <name>tm4c123gh6pm_startup_ccs.obj</name>
      </input_file>
      <input_file id="fl-6">
         <path>.\</path>
         <kind>object</kind>
         <file>ustdlib.obj</file>
         <name>ustdlib.obj</name>
      </input_file>
      <input_file id="fl-7">
         <path>.\OrbitOLED\</path>
         <kind>object</kind>
         <file>OrbitOLEDInterface.obj</file>
         <name>OrbitOLEDInterface.obj</name>
      </input_file>
      <input_file id="fl-8">
         <path>.\OrbitOLED\lib_OrbitOled\</path>
         <kind>object</kind>
         <file>ChrFont0.obj</file>
         <name>ChrFont0.obj</name>
      </input_file>
      <input_file id="fl-9">
         <path>.\OrbitOLED\lib_OrbitOled\</path>
         <kind>object</kind>
         <file>FillPat.obj</file>
         <name>FillPat.obj</name>
      </input_file>
      <input_file id="fl-a">
         <path>.\OrbitOLED\lib_OrbitOled\</path>
         <kind>object</kind>
         <file>OrbitOled.obj</file>
         <name>OrbitOled.obj</name>
      </input_file>
      <input_file id="fl-b">
         <path>.\OrbitOLED\lib_OrbitOled\</path>
         <kind>object</kind>
         <file>OrbitOledChar.obj</file>
         <name>OrbitOledChar.obj</name>
      </input_file>
      <input_file id="fl-c">
         <path>.\OrbitOLED\lib_OrbitOled\</path>
         <kind>object</kind>
         <file>OrbitOledGrph.obj</file>
         <name>OrbitOledGrph.obj</name>
      </input_file>
      <input_file id="fl-d">
         <path>.\OrbitOLED\lib_OrbitOled\</path>
         <kind>object</kind>
         <file>delay.obj</file>
         <name>delay.obj</name>
      </input_file>
      <input_file id="fl-13">
         <kind>object</kind>
         <file>&lt;internal&gt;</file>
         <name>&lt;internal&gt;</name>
      </input_file>
      <input_file id="fl-c9">
         <path>C:\ti\ccsv7\tools\compiler\ti-cgt-arm_16.9.6.LTS\lib\</path>
         <kind>archive</kind>
         <file>rtsv7M4_T_le_v4SPD16_eabi.lib</file>
         <name>boot.obj</name>
      </input_file>
      <input_file id="fl-ca">
         <path>C:\ti\ccsv7\tools\compiler\ti-cgt-arm_16.9.6.LTS\lib\</path>
         <kind>archive</kind>
         <file>rtsv7M4_T_le_v4SPD16_eabi.lib</file>
         <name>copy_decompress_lzss.obj</name>
      </input_file>
      <input_file id="fl-cb">
         <path>C:\ti\ccsv7\tools\compiler\ti-cgt-arm_16.9.6.LTS\lib\</path>
         <kind>archive</kind>
         <file>rtsv7M4_T_le_v4SPD16_eabi.lib</file>
         <name>copy_decompress_none.obj</name>
      </input_file>
      <input_file id="fl-cc">
         <path>C:\ti\ccsv7\tools\compiler\ti-cgt-arm_16.9.6.LTS\lib\</path>
         <kind>archive</kind>
         <file>rtsv7M4_T_le_v4SPD16_eabi.lib</file>
         <name>copy_zero_init.obj</name>
      </input_file>
      <input_file id="fl-cd">
         <path>C:\ti\ccsv7\tools\compiler\ti-cgt-arm_16.9.6.LTS\lib\</path>
         <kind>archive</kind>
         <file>rtsv7M4_T_le_v4SPD16_eabi.lib</file>
         <name>e_log10.obj</name>
      </input_file>
      <input_file id="fl-ce">
         <path>C:\ti\ccsv7\tools\compiler\ti-cgt-arm_16.9.6.LTS\lib\</path>
         <kind>archive</kind>
         <file>rtsv7M4_T_le_v4SPD16_eabi.lib</file>
         <name>e_sqrt.obj</name>
      </input_file>
      <input_file id="fl-cf">
         <path>C:\ti\ccsv7\tools\compiler\ti-cgt-arm_16.9.6.LTS\lib\</path>
         <kind>archive</kind>
         <file>rtsv7M4_T_le_v4SPD16_eabi.lib</file>
         <name>errno.obj</name>
      </input_file>
      <input_file id="fl-d0">
         <path>C:\ti\ccsv7\tools\compiler\ti-cgt-arm_16.9.6.LTS\lib\</path>
         <kind>archive</kind>
         <file>rtsv7M4_T_le_v4SPD16_eabi.lib</file>
         <name>exit.obj</name>
      </input_file>
      <input_file id="fl-d1">
         <path>C:\ti\ccsv7\tools\compiler\ti-cgt-arm_16.9.6.LTS\lib\</path>
         <kind>archive</kind>
         <file>rtsv7M4_T_le_v4SPD16_eabi.lib</file>
         <name>fd_add_t2.obj</name>
      </input_file>
      <input_file id="fl-d2">
         <path>C:\ti\ccsv7\tools\compiler\ti-cgt-arm_16.9.6.LTS\lib\</path>
         <kind>archive</kind>
         <file>rtsv7M4_T_le_v4SPD16_eabi.lib</file>
         <name>fd_cmp_t2.obj</name>
      </input_file>
      <input_file id="fl-d3">
         <path>C:\ti\ccsv7\tools\compiler\ti-cgt-arm_16.9.6.LTS\lib\</path>
         <kind>archive</kind>
         <file>rtsv7M4_T_le_v4SPD16_eabi.lib</file>
         <name>fd_div_t2.obj</name>
      </input_file>
      <input_file id="fl-d4">
         <path>C:\ti\ccsv7\tools\compiler\ti-cgt-arm_16.9.6.LTS\lib\</path>
         <kind>archive</kind>
         <file>rtsv7M4_T_le_v4SPD16_eabi.lib</file>
         <name>fd_mul_t2.obj</name>
      </input_file>
      <input_file id="fl-d5">
         <path>C:\ti\ccsv7\tools\compiler\ti-cgt-arm_16.9.6.LTS\lib\</path>
         <kind>archive</kind>
         <file>rtsv7M4_T_le_v4SPD16_eabi.lib</file>
         <name>fd_toi_t2.obj</name>
      </input_file>
      <input_file id="fl-d6">
         <path>C:\ti\ccsv7\tools\compiler\ti-cgt-arm_16.9.6.LTS\lib\</path>
         <kind>archive</kind>
         <file>rtsv7M4_T_le_v4SPD16_eabi.lib</file>
         <name>fd_tou_t2.obj</name>
      </input_file>
      <input_file id="fl-d7">
         <path>C:\ti\ccsv7\tools\compiler\ti-cgt-arm_16.9.6.LTS\lib\</path>
         <kind>archive</kind>
         <file>rtsv7M4_T_le_v4SPD16_eabi.lib</file>
         <name>i_tofd_t2.obj</name>
      </input_file>
      <input_file id="fl-d8">
         <path>C:\ti\ccsv7\tools\compiler\ti-cgt-arm_16.9.6.LTS\lib\</path>
         <kind>archive</kind>
         <file>rtsv7M4_T_le_v4SPD16_eabi.lib</file>
         <name>memcpy_t2.obj</name>
      </input_file>
      <input_file id="fl-d9">
         <path>C:\ti\ccsv7\tools\compiler\ti-cgt-arm_16.9.6.LTS\lib\</path>
         <kind>archive</kind>
         <file>rtsv7M4_T_le_v4SPD16_eabi.lib</file>
         <name>memset_t2.obj</name>
      </input_file>
      <input_file id="fl-da">
         <path>C:\ti\ccsv7\tools\compiler\ti-cgt-arm_16.9.6.LTS\lib\</path>
         <kind>archive</kind>
         <file>rtsv7M4_T_le_v4SPD16_eabi.lib</file>
         <name>mpu_init.obj</name>
      </input_file>
      <input_file id="fl-db">
         <path>C:\ti\ccsv7\tools\compiler\ti-cgt-arm_16.9.6.LTS\lib\</path>
         <kind>archive</kind>
         <file>rtsv7M4_T_le_v4SPD16_eabi.lib</file>
         <name>pre_init.obj</name>
      </input_file>
      <input_file id="fl-dc">
         <path>C:\ti\ccsv7\tools\compiler\ti-cgt-arm_16.9.6.LTS\lib\</path>
         <kind>archive</kind>
         <file>rtsv7M4_T_le_v4SPD16_eabi.lib</file>
         <name>s_ceil.obj</name>
      </input_file>
      <input_file id="fl-dd">
         <path>C:\ti\ccsv7\tools\compiler\ti-cgt-arm_16.9.6.LTS\lib\</path>
         <kind>archive</kind>
         <file>rtsv7M4_T_le_v4SPD16_eabi.lib</file>
         <name>stkdepth_vars.obj</name>
      </input_file>
      <input_file id="fl-de">
         <path>C:\ti\ccsv7\tools\compiler\ti-cgt-arm_16.9.6.LTS\lib\</path>
         <kind>archive</kind>
         <file>rtsv7M4_T_le_v4SPD16_eabi.lib</file>
         <name>u_divt2.obj</name>
      </input_file>
      <input_file id="fl-df">
         <path>C:\ti\ccsv7\tools\compiler\ti-cgt-arm_16.9.6.LTS\lib\</path>
         <kind>archive</kind>
         <file>rtsv7M4_T_le_v4SPD16_eabi.lib</file>
         <name>u_tofd_t2.obj</name>
      </input_file>
      <input_file id="fl-e0">
         <path>C:\ti\ccsv7\tools\compiler\ti-cgt-arm_16.9.6.LTS\lib\</path>
         <kind>archive</kind>
         <file>rtsv7M4_T_le_v4SPD16_eabi.lib</file>
         <name>_lock.obj</name>
      </input_file>
      <input_file id="fl-e1">
         <path>C:\ti\ccsv7\tools\compiler\ti-cgt-arm_16.9.6.LTS\lib\</path>
         <kind>archive</kind>
         <file>rtsv7M4_T_le_v4SPD16_eabi.lib</file>
         <name>args_main.obj</name>
      </input_file>
      <input_file id="fl-e2">
         <path>C:\ti\ccsv7\tools\compiler\ti-cgt-arm_16.9.6.LTS\lib\</path>
         <kind>archive</kind>
         <file>rtsv7M4_T_le_v4SPD16_eabi.lib</file>
         <name>autoinit.obj</name>
      </input_file>
      <input_file id="fl-e3">
         <path>C:\ti\ccsv7\tools\compiler\ti-cgt-arm_16.9.6.LTS\lib\</path>
         <kind>archive</kind>
         <file>rtsv7M4_T_le_v4SPD16_eabi.lib</file>
         <name>cpy_tbl.obj</name>
      </input_file>
      <input_file id="fl-e4">
         <path>C:\ti\ccsv7\tools\compiler\ti-cgt-arm_16.9.6.LTS\lib\</path>
         <kind>archive</kind>
         <file>rtsv7M4_T_le_v4SPD16_eabi.lib</file>
         <name>i_div0.obj</name>
      </input_file>
      <input_file id="fl-e5">
         <path>C:\ti\ccsv7\tools\compiler\ti-cgt-arm_16.9.6.LTS\lib\</path>
         <kind>archive</kind>
         <file>rtsv7M4_T_le_v4SPD16_eabi.lib</file>
         <name>startup.obj</name>
      </input_file>
      <input_file id="fl-e6">
         <path>C:\ti\TivaWare_C_Series-2.1.4.178\driverlib\ccs\Debug\</path>
         <kind>archive</kind>
         <file>driverlib.lib</file>
         <name>adc.obj</name>
      </input_file>
      <input_file id="fl-e7">
         <path>C:\ti\TivaWare_C_Series-2.1.4.178\driverlib\ccs\Debug\</path>
         <kind>archive</kind>
         <file>driverlib.lib</file>
         <name>gpio.obj</name>
      </input_file>
      <input_file id="fl-e8">
         <path>C:\ti\TivaWare_C_Series-2.1.4.178\driverlib\ccs\Debug\</path>
         <kind>archive</kind>
         <file>driverlib.lib</file>
         <name>interrupt.obj</name>
      </input_file>
      <input_file id="fl-e9">
         <path>C:\ti\TivaWare_C_Series-2.1.4.178\driverlib\ccs\Debug\</path>
         <kind>archive</kind>
         <file>driverlib.lib</file>
         <name>pwm.obj</name>
      </input_file>
      <input_file id="fl-ea">
         <path>C:\ti\TivaWare_C_Series-2.1.4.178\driverlib\ccs\Debug\</path>
         <kind>archive</kind>
         <file>driverlib.lib</file>
         <name>ssi.obj</name>
      </input_file>
      <input_file id="fl-eb">
         <path>C:\ti\TivaWare_C_Series-2.1.4.178\driverlib\ccs\Debug\</path>
         <kind>archive</kind>
         <file>driverlib.lib</file>
         <name>sysctl.obj</name>
      </input_file>
      <input_file id="fl-ec">
         <path>C:\ti\TivaWare_C_Series-2.1.4.178\driverlib\ccs\Debug\</path>
         <kind>archive</kind>
         <file>driverlib.lib</file>
         <name>systick.obj</name>
      </input_file>
      <input_file id="fl-ed">
         <path>C:\ti\TivaWare_C_Series-2.1.4.178\driverlib\ccs\Debug\</path>
         <kind>archive</kind>
         <file>driverlib.lib</file>
         <name>timer.obj</name>
      </input_file>
      <input_file id="fl-ee">
         <path>C:\ti\TivaWare_C_Series-2.1.4.178\driverlib\ccs\Debug\</path>
         <kind>archive</kind>
         <file>driverlib.lib</file>
         <name>cpu.obj</name>
      </input_file>
   </input_file_list>
   <object_component_list>
      <object_component id="oc-f">
         <name>.intvecs</name>
         <load_address>0x0</load_address>
         <run_address>0x0</run_address>
         <size>0x26c</size>
         <input_file_ref idref="fl-5"/>
      </object_component>
      <object_component id="oc-1de">
         <name>.text</name>
         <load_address>0x26c</load_address>
         <run_address>0x26c</run_address>
         <size>0x2f8</size>
         <input_file_ref idref="fl-cd"/>
      </object_component>
      <object_component id="oc-155">
         <name>.text:fix_fft</name>
         <load_address>0x564</load_address>
         <run_address>0x564</run_address>
         <size>0x240</size>
         <input_file_ref idref="fl-2"/>
      </object_component>
      <object_component id="oc-167">
         <name>.text:decode</name>
         <load_address>0x7a4</load_address>
         <run_address>0x7a4</run_address>
         <size>0x1e4</size>
         <input_file_ref idref="fl-3"/>
      </object_component>
      <object_component id="oc-14b">
         <name>.text</name>
         <load_address>0x988</load_address>
         <run_address>0x988</run_address>
         <size>0x1b6</size>
         <input_file_ref idref="fl-d1"/>
      </object_component>
      <object_component id="oc-37">
         <name>.text:FaultISR</name>
         <load_address>0xb3e</load_address>
         <run_address>0xb3e</run_address>
         <size>0x2</size>
         <input_file_ref idref="fl-5"/>
      </object_component>
      <object_component id="oc-15b">
         <name>.text</name>
         <load_address>0xb40</load_address>
         <run_address>0xb40</run_address>
         <size>0x170</size>
         <input_file_ref idref="fl-ce"/>
      </object_component>
      <object_component id="oc-f1">
         <name>.text:main</name>
         <load_address>0xcb0</load_address>
         <run_address>0xcb0</run_address>
         <size>0x138</size>
         <input_file_ref idref="fl-3"/>
      </object_component>
      <object_component id="oc-1e4">
         <name>.text</name>
         <load_address>0xde8</load_address>
         <run_address>0xde8</run_address>
         <size>0x136</size>
         <input_file_ref idref="fl-d3"/>
      </object_component>
      <object_component id="oc-2c8">
         <name>.text:GPIOPadConfigSet</name>
         <load_address>0xf1e</load_address>
         <run_address>0xf1e</run_address>
         <size>0x132</size>
         <input_file_ref idref="fl-e7"/>
      </object_component>
      <object_component id="oc-161">
         <name>.text:linear</name>
         <load_address>0x1050</load_address>
         <run_address>0x1050</run_address>
         <size>0x120</size>
         <input_file_ref idref="fl-3"/>
      </object_component>
      <object_component id="oc-239">
         <name>.text:SysCtlClockGet</name>
         <load_address>0x1170</load_address>
         <run_address>0x1170</run_address>
         <size>0x110</size>
         <input_file_ref idref="fl-eb"/>
      </object_component>
      <object_component id="oc-146">
         <name>.text</name>
         <load_address>0x1280</load_address>
         <run_address>0x1280</run_address>
         <size>0xfc</size>
         <input_file_ref idref="fl-d4"/>
      </object_component>
      <object_component id="oc-1f4">
         <name>.text</name>
         <load_address>0x137c</load_address>
         <run_address>0x137c</run_address>
         <size>0xf8</size>
         <input_file_ref idref="fl-dc"/>
      </object_component>
      <object_component id="oc-206">
         <name>.text:SysCtlClockSet</name>
         <load_address>0x1474</load_address>
         <run_address>0x1474</run_address>
         <size>0xf4</size>
         <input_file_ref idref="fl-eb"/>
      </object_component>
      <object_component id="oc-1b4">
         <name>.text:pwmInit</name>
         <load_address>0x1568</load_address>
         <run_address>0x1568</run_address>
         <size>0xe8</size>
         <input_file_ref idref="fl-4"/>
      </object_component>
      <object_component id="oc-16d">
         <name>.text:setDutyCycles</name>
         <load_address>0x1650</load_address>
         <run_address>0x1650</run_address>
         <size>0xc8</size>
         <input_file_ref idref="fl-3"/>
      </object_component>
      <object_component id="oc-5d">
         <name>.text</name>
         <load_address>0x1718</load_address>
         <run_address>0x1718</run_address>
         <size>0x9c</size>
         <input_file_ref idref="fl-d8"/>
      </object_component>
      <object_component id="oc-1cf">
         <name>.text:__aeabi_cdrcmple</name>
         <load_address>0x17b4</load_address>
         <run_address>0x17b4</run_address>
         <size>0x86</size>
         <input_file_ref idref="fl-d2"/>
      </object_component>
      <object_component id="oc-3d">
         <name>.text:IntDefaultHandler</name>
         <load_address>0x183a</load_address>
         <run_address>0x183a</run_address>
         <size>0x2</size>
         <input_file_ref idref="fl-5"/>
      </object_component>
      <object_component id="oc-49">
         <name>.text:ADCIntHandler</name>
         <load_address>0x183c</load_address>
         <run_address>0x183c</run_address>
         <size>0x7c</size>
         <input_file_ref idref="fl-3"/>
      </object_component>
      <object_component id="oc-220">
         <name>.text:ADCSequenceStepConfigure</name>
         <load_address>0x18b8</load_address>
         <run_address>0x18b8</run_address>
         <size>0x7a</size>
         <input_file_ref idref="fl-e6"/>
      </object_component>
      <object_component id="oc-69">
         <name>.text</name>
         <load_address>0x1932</load_address>
         <run_address>0x1932</run_address>
         <size>0x7a</size>
         <input_file_ref idref="fl-d9"/>
      </object_component>
      <object_component id="oc-81">
         <name>.text</name>
         <load_address>0x19ac</load_address>
         <run_address>0x19ac</run_address>
         <size>0x70</size>
         <input_file_ref idref="fl-e2"/>
      </object_component>
      <object_component id="oc-b4">
         <name>.text:IntDisable</name>
         <load_address>0x1a1c</load_address>
         <run_address>0x1a1c</run_address>
         <size>0x68</size>
         <input_file_ref idref="fl-e8"/>
      </object_component>
      <object_component id="oc-173">
         <name>.text:IntEnable</name>
         <load_address>0x1a84</load_address>
         <run_address>0x1a84</run_address>
         <size>0x68</size>
         <input_file_ref idref="fl-e8"/>
      </object_component>
      <object_component id="oc-12">
         <name>.text:decompress:lzss</name>
         <load_address>0x1aec</load_address>
         <run_address>0x1aec</run_address>
         <size>0x68</size>
         <input_file_ref idref="fl-ca"/>
      </object_component>
      <object_component id="oc-13b">
         <name>.text:IntIsEnabled</name>
         <load_address>0x1b54</load_address>
         <run_address>0x1b54</run_address>
         <size>0x64</size>
         <input_file_ref idref="fl-e8"/>
      </object_component>
      <object_component id="oc-1a8">
         <name>.text:initADC</name>
         <load_address>0x1bb8</load_address>
         <run_address>0x1bb8</run_address>
         <size>0x58</size>
         <input_file_ref idref="fl-3"/>
      </object_component>
      <object_component id="oc-24">
         <name>.text</name>
         <load_address>0x1c10</load_address>
         <run_address>0x1c10</run_address>
         <size>0x54</size>
         <input_file_ref idref="fl-c9"/>
      </object_component>
      <object_component id="oc-8d">
         <name>.text</name>
         <load_address>0x1c64</load_address>
         <run_address>0x1c64</run_address>
         <size>0x54</size>
         <input_file_ref idref="fl-d0"/>
      </object_component>
      <object_component id="oc-21a">
         <name>.text:ADCSequenceConfigure</name>
         <load_address>0x1cb8</load_address>
         <run_address>0x1cb8</run_address>
         <size>0x50</size>
         <input_file_ref idref="fl-e6"/>
      </object_component>
      <object_component id="oc-258">
         <name>.text:SysCtlPeripheralReset</name>
         <load_address>0x1d08</load_address>
         <run_address>0x1d08</run_address>
         <size>0x50</size>
         <input_file_ref idref="fl-eb"/>
      </object_component>
      <object_component id="oc-2a4">
         <name>.text:_ADCIntNumberGet</name>
         <load_address>0x1d58</load_address>
         <run_address>0x1d58</run_address>
         <size>0x50</size>
         <input_file_ref idref="fl-e6"/>
      </object_component>
      <object_component id="oc-264">
         <name>.text:GPIOPinConfigure</name>
         <load_address>0x1da8</load_address>
         <run_address>0x1da8</run_address>
         <size>0x4c</size>
         <input_file_ref idref="fl-e7"/>
      </object_component>
      <object_component id="oc-e3">
         <name>.text</name>
         <load_address>0x1df4</load_address>
         <run_address>0x1df4</run_address>
         <size>0x4c</size>
         <input_file_ref idref="fl-e3"/>
      </object_component>
      <object_component id="oc-150">
         <name>.text</name>
         <load_address>0x1e40</load_address>
         <run_address>0x1e40</run_address>
         <size>0x48</size>
         <input_file_ref idref="fl-d5"/>
      </object_component>
      <object_component id="oc-1ee">
         <name>.text</name>
         <load_address>0x1e88</load_address>
         <run_address>0x1e88</run_address>
         <size>0x44</size>
         <input_file_ref idref="fl-d6"/>
      </object_component>
      <object_component id="oc-214">
         <name>.text:SysCtlPeripheralReady</name>
         <load_address>0x1ecc</load_address>
         <run_address>0x1ecc</run_address>
         <size>0x38</size>
         <input_file_ref idref="fl-eb"/>
      </object_component>
      <object_component id="oc-2aa">
         <name>.text:IntRegister</name>
         <load_address>0x1f04</load_address>
         <run_address>0x1f04</run_address>
         <size>0x34</size>
         <input_file_ref idref="fl-e8"/>
      </object_component>
      <object_component id="oc-20e">
         <name>.text:SysCtlPeripheralEnable</name>
         <load_address>0x1f38</load_address>
         <run_address>0x1f38</run_address>
         <size>0x34</size>
         <input_file_ref idref="fl-eb"/>
      </object_component>
      <object_component id="oc-a1">
         <name>.text:ADCIntStatus</name>
         <load_address>0x1f6c</load_address>
         <run_address>0x1f6c</run_address>
         <size>0x2e</size>
         <input_file_ref idref="fl-e6"/>
      </object_component>
      <object_component id="oc-141">
         <name>.text</name>
         <load_address>0x1f9a</load_address>
         <run_address>0x1f9a</run_address>
         <size>0x2e</size>
         <input_file_ref idref="fl-d7"/>
      </object_component>
      <object_component id="oc-2c2">
         <name>.text:GPIODirModeSet</name>
         <load_address>0x1fc8</load_address>
         <run_address>0x1fc8</run_address>
         <size>0x2c</size>
         <input_file_ref idref="fl-e7"/>
      </object_component>
      <object_component id="oc-270">
         <name>.text:PWMGenConfigure</name>
         <load_address>0x1ff4</load_address>
         <run_address>0x1ff4</run_address>
         <size>0x22</size>
         <input_file_ref idref="fl-e9"/>
      </object_component>
      <object_component id="oc-31">
         <name>.text:NmiSR</name>
         <load_address>0x2016</load_address>
         <run_address>0x2016</run_address>
         <size>0x2</size>
         <input_file_ref idref="fl-5"/>
      </object_component>
      <object_component id="oc-43">
         <name>.text:SysTickIntHandler</name>
         <load_address>0x2018</load_address>
         <run_address>0x2018</run_address>
         <size>0x20</size>
         <input_file_ref idref="fl-3"/>
      </object_component>
      <object_component id="oc-1ae">
         <name>.text:initSysTickClock</name>
         <load_address>0x2038</load_address>
         <run_address>0x2038</run_address>
         <size>0x20</size>
         <input_file_ref idref="fl-3"/>
      </object_component>
      <object_component id="oc-1e9">
         <name>.text</name>
         <load_address>0x2058</load_address>
         <run_address>0x2058</run_address>
         <size>0x20</size>
         <input_file_ref idref="fl-df"/>
      </object_component>
      <object_component id="oc-a8">
         <name>.text:ADCSequenceDataGet</name>
         <load_address>0x2078</load_address>
         <run_address>0x2078</run_address>
         <size>0x1e</size>
         <input_file_ref idref="fl-e6"/>
      </object_component>
      <object_component id="oc-1fb">
         <name>.text:PWMPulseWidthSet</name>
         <load_address>0x2096</load_address>
         <run_address>0x2096</run_address>
         <size>0x1e</size>
         <input_file_ref idref="fl-e9"/>
      </object_component>
      <object_component id="oc-245">
         <name>.text:SysTickIntRegister</name>
         <load_address>0x20b4</load_address>
         <run_address>0x20b4</run_address>
         <size>0x1c</size>
         <input_file_ref idref="fl-ec"/>
      </object_component>
      <object_component id="oc-22c">
         <name>.text:ADCIntRegister</name>
         <load_address>0x20d0</load_address>
         <run_address>0x20d0</run_address>
         <size>0x18</size>
         <input_file_ref idref="fl-e6"/>
      </object_component>
      <object_component id="oc-9b">
         <name>.text:ADCProcessorTrigger</name>
         <load_address>0x20e8</load_address>
         <run_address>0x20e8</run_address>
         <size>0x18</size>
         <input_file_ref idref="fl-e6"/>
      </object_component>
      <object_component id="oc-87">
         <name>.text</name>
         <load_address>0x2100</load_address>
         <run_address>0x2100</run_address>
         <size>0x18</size>
         <input_file_ref idref="fl-e1"/>
      </object_component>
      <object_component id="oc-26a">
         <name>.text:GPIOPinTypePWM</name>
         <load_address>0x2118</load_address>
         <run_address>0x2118</run_address>
         <size>0x16</size>
         <input_file_ref idref="fl-e7"/>
      </object_component>
      <object_component id="oc-75">
         <name>.text</name>
         <load_address>0x212e</load_address>
         <run_address>0x212e</run_address>
         <size>0x2</size>
         <input_file_ref idref="fl-da"/>
      </object_component>
      <object_component id="oc-25e">
         <name>.text:SysCtlPWMClockSet</name>
         <load_address>0x2130</load_address>
         <run_address>0x2130</run_address>
         <size>0x14</size>
         <input_file_ref idref="fl-eb"/>
      </object_component>
      <object_component id="oc-251">
         <name>.text:SysTickEnable</name>
         <load_address>0x2144</load_address>
         <run_address>0x2144</run_address>
         <size>0x14</size>
         <input_file_ref idref="fl-ec"/>
      </object_component>
      <object_component id="oc-24b">
         <name>.text:SysTickIntEnable</name>
         <load_address>0x2158</load_address>
         <run_address>0x2158</run_address>
         <size>0x14</size>
         <input_file_ref idref="fl-ec"/>
      </object_component>
      <object_component id="oc-1a2">
         <name>.text:initClock</name>
         <load_address>0x216c</load_address>
         <run_address>0x216c</run_address>
         <size>0x14</size>
         <input_file_ref idref="fl-3"/>
      </object_component>
      <object_component id="oc-12f">
         <name>.text:initialisations</name>
         <load_address>0x2180</load_address>
         <run_address>0x2180</run_address>
         <size>0x14</size>
         <input_file_ref idref="fl-3"/>
      </object_component>
      <object_component id="oc-184">
         <name>.text</name>
         <load_address>0x2194</load_address>
         <run_address>0x2194</run_address>
         <size>0x14</size>
         <input_file_ref idref="fl-e0"/>
      </object_component>
      <object_component id="oc-27c">
         <name>.text:PWMOutputState</name>
         <load_address>0x21a8</load_address>
         <run_address>0x21a8</run_address>
         <size>0x12</size>
         <input_file_ref idref="fl-e9"/>
      </object_component>
      <object_component id="oc-232">
         <name>.text:ADCIntEnable</name>
         <load_address>0x21ba</load_address>
         <run_address>0x21ba</run_address>
         <size>0x10</size>
         <input_file_ref idref="fl-e6"/>
      </object_component>
      <object_component id="oc-135">
         <name>.text:IntMasterEnable</name>
         <load_address>0x21ca</load_address>
         <run_address>0x21ca</run_address>
         <size>0x10</size>
         <input_file_ref idref="fl-e8"/>
      </object_component>
      <object_component id="oc-276">
         <name>.text:PWMGenPeriodSet</name>
         <load_address>0x21da</load_address>
         <run_address>0x21da</run_address>
         <size>0x10</size>
         <input_file_ref idref="fl-e9"/>
      </object_component>
      <object_component id="oc-e9">
         <name>.text</name>
         <load_address>0x21ea</load_address>
         <run_address>0x21ea</run_address>
         <size>0x2</size>
         <input_file_ref idref="fl-e5"/>
      </object_component>
      <object_component id="oc-23f">
         <name>.text:SysTickPeriodSet</name>
         <load_address>0x21ec</load_address>
         <run_address>0x21ec</run_address>
         <size>0x10</size>
         <input_file_ref idref="fl-ec"/>
      </object_component>
      <object_component id="oc-226">
         <name>.text:ADCSequenceEnable</name>
         <load_address>0x21fc</load_address>
         <run_address>0x21fc</run_address>
         <size>0xe</size>
         <input_file_ref idref="fl-e6"/>
      </object_component>
      <object_component id="oc-18">
         <name>.text:decompress:none</name>
         <load_address>0x220a</load_address>
         <run_address>0x220a</run_address>
         <size>0xe</size>
         <input_file_ref idref="fl-cb"/>
      </object_component>
      <object_component id="oc-1bb">
         <name>.text:CPUcpsie</name>
         <load_address>0x2218</load_address>
         <run_address>0x2218</run_address>
         <size>0xc</size>
         <input_file_ref idref="fl-ee"/>
      </object_component>
      <object_component id="oc-282">
         <name>.text:PWMGenEnable</name>
         <load_address>0x2224</load_address>
         <run_address>0x2224</run_address>
         <size>0xc</size>
         <input_file_ref idref="fl-e9"/>
      </object_component>
      <object_component id="oc-1e">
         <name>.text:decompress:ZI</name>
         <load_address>0x2230</load_address>
         <run_address>0x2230</run_address>
         <size>0xc</size>
         <input_file_ref idref="fl-cc"/>
      </object_component>
      <object_component id="oc-ae">
         <name>.text:ADCIntClear</name>
         <load_address>0x223c</load_address>
         <run_address>0x223c</run_address>
         <size>0xa</size>
         <input_file_ref idref="fl-e6"/>
      </object_component>
      <object_component id="oc-2b">
         <name>.text:ResetISR</name>
         <load_address>0x2246</load_address>
         <run_address>0x2246</run_address>
         <size>0x6</size>
         <input_file_ref idref="fl-5"/>
      </object_component>
      <object_component id="oc-20c">
         <name>.text:SysCtlDelay</name>
         <load_address>0x224c</load_address>
         <run_address>0x224c</run_address>
         <size>0x6</size>
         <input_file_ref idref="fl-eb"/>
      </object_component>
      <object_component id="oc-7b">
         <name>.text</name>
         <load_address>0x2252</load_address>
         <run_address>0x2252</run_address>
         <size>0x4</size>
         <input_file_ref idref="fl-db"/>
      </object_component>
      <object_component id="oc-2bd">
         <name>.const:g_pui32GPIOBaseAddrs</name>
         <load_address>0x2258</load_address>
         <run_address>0x2258</run_address>
         <size>0x90</size>
         <input_file_ref idref="fl-e7"/>
      </object_component>
      <object_component id="oc-2b2">
         <name>.const:g_pui32Xtals</name>
         <load_address>0x22e8</load_address>
         <run_address>0x22e8</run_address>
         <size>0x6c</size>
         <input_file_ref idref="fl-eb"/>
      </object_component>
      <object_component id="oc-10e">
         <name>.const:g_pui32Dii16Regs</name>
         <load_address>0x2354</load_address>
         <run_address>0x2354</run_address>
         <size>0x14</size>
         <input_file_ref idref="fl-e8"/>
      </object_component>
      <object_component id="oc-1c2">
         <name>.const:g_pui32EnRegs</name>
         <load_address>0x2368</load_address>
         <run_address>0x2368</run_address>
         <size>0x14</size>
         <input_file_ref idref="fl-e8"/>
      </object_component>
      <object_component id="oc-310">
         <name>.cinit..data.load</name>
         <load_address>0x2380</load_address>
         <run_address>0x2380</run_address>
         <size>0x628</size>
      </object_component>
      <object_component id="oc-30d">
         <name>__TI_handler_table</name>
         <load_address>0x29a8</load_address>
         <run_address>0x29a8</run_address>
         <size>0xc</size>
      </object_component>
      <object_component id="oc-311">
         <name>.cinit..bss.load</name>
         <load_address>0x29b8</load_address>
         <run_address>0x29b8</run_address>
         <size>0x8</size>
      </object_component>
      <object_component id="oc-30f">
         <name>.cinit..vtable.load</name>
         <load_address>0x29c0</load_address>
         <run_address>0x29c0</run_address>
         <size>0x8</size>
      </object_component>
      <object_component id="oc-30e">
         <name>__TI_cinit_table</name>
         <load_address>0x29c8</load_address>
         <run_address>0x29c8</run_address>
         <size>0x18</size>
      </object_component>
      <object_component id="oc-2de">
         <name>.vtable</name>
         <uninitialized>true</uninitialized>
         <run_address>0x20000000</run_address>
         <size>0x26c</size>
         <input_file_ref idref="fl-e8"/>
      </object_component>
      <object_component id="oc-1ca">
         <name>.data:Sinewave</name>
         <load_address>0x2000026c</load_address>
         <run_address>0x2000026c</run_address>
         <size>0x600</size>
         <input_file_ref idref="fl-2"/>
      </object_component>
      <object_component id="oc-bd">
         <name>.data</name>
         <load_address>0x20000880</load_address>
         <run_address>0x20000880</run_address>
         <size>0x4</size>
         <input_file_ref idref="fl-3"/>
      </object_component>
      <object_component id="oc-1d4">
         <name>.data</name>
         <load_address>0x20000884</load_address>
         <run_address>0x20000884</run_address>
         <size>0x4</size>
         <input_file_ref idref="fl-cf"/>
      </object_component>
      <object_component id="oc-f9">
         <name>.data:$O1$$</name>
         <load_address>0x2000086c</load_address>
         <run_address>0x2000086c</run_address>
         <size>0xc</size>
         <input_file_ref idref="fl-d0"/>
      </object_component>
      <object_component id="oc-93">
         <name>.data</name>
         <load_address>0x20000888</load_address>
         <run_address>0x20000888</run_address>
         <size>0x4</size>
         <input_file_ref idref="fl-dd"/>
      </object_component>
      <object_component id="oc-fc">
         <name>.data:$O1$$</name>
         <load_address>0x20000878</load_address>
         <run_address>0x20000878</run_address>
         <size>0x8</size>
         <input_file_ref idref="fl-e0"/>
      </object_component>
      <object_component id="oc-ba">
         <name>.bss:singleADCSample</name>
         <uninitialized>true</uninitialized>
         <run_address>0x20000c8c</run_address>
         <size>0x4</size>
         <input_file_ref idref="fl-3"/>
      </object_component>
      <object_component id="oc-c0">
         <name>.common:real</name>
         <uninitialized>true</uninitialized>
         <run_address>0x20000a8c</run_address>
         <size>0x200</size>
      </object_component>
      <object_component id="oc-179">
         <name>.common:imag</name>
         <uninitialized>true</uninitialized>
         <run_address>0x2000088c</run_address>
         <size>0x200</size>
      </object_component>
      <object_component id="oc-2a">
         <name>.stack</name>
         <uninitialized>true</uninitialized>
         <run_address>0x20000c90</run_address>
         <size>0x0</size>
         <input_file_ref idref="fl-c9"/>
      </object_component>
      <object_component id="oc-312">
         <name>.stack</name>
         <uninitialized>true</uninitialized>
         <run_address>0x20000c90</run_address>
         <size>0x0</size>
      </object_component>
      <object_component id="oc-1ce">
         <name>.debug_info</name>
         <load_address>0x0</load_address>
         <run_address>0x0</run_address>
         <size>0x2ad</size>
         <input_file_ref idref="fl-2"/>
      </object_component>
      <object_component id="oc-1cb">
         <name>.debug_info</name>
         <load_address>0x2ad</load_address>
         <run_address>0x2ad</run_address>
         <size>0x10f</size>
         <input_file_ref idref="fl-2"/>
      </object_component>
      <object_component id="oc-156">
         <name>.debug_info</name>
         <load_address>0x3bc</load_address>
         <run_address>0x3bc</run_address>
         <size>0x361</size>
         <input_file_ref idref="fl-2"/>
      </object_component>
      <object_component id="oc-58">
         <name>.debug_info</name>
         <load_address>0x71d</load_address>
         <run_address>0x71d</run_address>
         <size>0x84</size>
         <input_file_ref idref="fl-2"/>
      </object_component>
      <object_component id="oc-c1">
         <name>.debug_info</name>
         <load_address>0x7a1</load_address>
         <run_address>0x7a1</run_address>
         <size>0x94c</size>
         <input_file_ref idref="fl-3"/>
      </object_component>
      <object_component id="oc-bb">
         <name>.debug_info</name>
         <load_address>0x10ed</load_address>
         <run_address>0x10ed</run_address>
         <size>0xe2</size>
         <input_file_ref idref="fl-3"/>
      </object_component>
      <object_component id="oc-be">
         <name>.debug_info</name>
         <load_address>0x11cf</load_address>
         <run_address>0x11cf</run_address>
         <size>0xdc</size>
         <input_file_ref idref="fl-3"/>
      </object_component>
      <object_component id="oc-16e">
         <name>.debug_info</name>
         <load_address>0x12ab</load_address>
         <run_address>0x12ab</run_address>
         <size>0x2f4</size>
         <input_file_ref idref="fl-3"/>
      </object_component>
      <object_component id="oc-1a3">
         <name>.debug_info</name>
         <load_address>0x159f</load_address>
         <run_address>0x159f</run_address>
         <size>0x130</size>
         <input_file_ref idref="fl-3"/>
      </object_component>
      <object_component id="oc-1a9">
         <name>.debug_info</name>
         <load_address>0x16cf</load_address>
         <run_address>0x16cf</run_address>
         <size>0x1b8</size>
         <input_file_ref idref="fl-3"/>
      </object_component>
      <object_component id="oc-1af">
         <name>.debug_info</name>
         <load_address>0x1887</load_address>
         <run_address>0x1887</run_address>
         <size>0x187</size>
         <input_file_ref idref="fl-3"/>
      </object_component>
      <object_component id="oc-130">
         <name>.debug_info</name>
         <load_address>0x1a0e</load_address>
         <run_address>0x1a0e</run_address>
         <size>0x15b</size>
         <input_file_ref idref="fl-3"/>
      </object_component>
      <object_component id="oc-162">
         <name>.debug_info</name>
         <load_address>0x1b69</load_address>
         <run_address>0x1b69</run_address>
         <size>0x262</size>
         <input_file_ref idref="fl-3"/>
      </object_component>
      <object_component id="oc-168">
         <name>.debug_info</name>
         <load_address>0x1dcb</load_address>
         <run_address>0x1dcb</run_address>
         <size>0x3d2</size>
         <input_file_ref idref="fl-3"/>
      </object_component>
      <object_component id="oc-f2">
         <name>.debug_info</name>
         <load_address>0x219d</load_address>
         <run_address>0x219d</run_address>
         <size>0x281</size>
         <input_file_ref idref="fl-3"/>
      </object_component>
      <object_component id="oc-45">
         <name>.debug_info</name>
         <load_address>0x241e</load_address>
         <run_address>0x241e</run_address>
         <size>0x146</size>
         <input_file_ref idref="fl-3"/>
      </object_component>
      <object_component id="oc-4b">
         <name>.debug_info</name>
         <load_address>0x2564</load_address>
         <run_address>0x2564</run_address>
         <size>0x15f</size>
         <input_file_ref idref="fl-3"/>
      </object_component>
      <object_component id="oc-119">
         <name>.debug_info</name>
         <load_address>0x26c3</load_address>
         <run_address>0x26c3</run_address>
         <size>0x1ea6</size>
         <input_file_ref idref="fl-3"/>
      </object_component>
      <object_component id="oc-107">
         <name>.debug_info</name>
         <load_address>0x4569</load_address>
         <run_address>0x4569</run_address>
         <size>0x8b</size>
         <input_file_ref idref="fl-3"/>
      </object_component>
      <object_component id="oc-c6">
         <name>.debug_info</name>
         <load_address>0x45f4</load_address>
         <run_address>0x45f4</run_address>
         <size>0x18b</size>
         <input_file_ref idref="fl-3"/>
      </object_component>
      <object_component id="oc-1b6">
         <name>.debug_info</name>
         <load_address>0x477f</load_address>
         <run_address>0x477f</run_address>
         <size>0x300</size>
         <input_file_ref idref="fl-4"/>
      </object_component>
      <object_component id="oc-51">
         <name>.debug_info</name>
         <load_address>0x4a7f</load_address>
         <run_address>0x4a7f</run_address>
         <size>0x2e8</size>
         <input_file_ref idref="fl-5"/>
      </object_component>
      <object_component id="oc-10">
         <name>.debug_info</name>
         <load_address>0x4d67</load_address>
         <run_address>0x4d67</run_address>
         <size>0xed</size>
         <input_file_ref idref="fl-5"/>
      </object_component>
      <object_component id="oc-2c">
         <name>.debug_info</name>
         <load_address>0x4e54</load_address>
         <run_address>0x4e54</run_address>
         <size>0x137</size>
         <input_file_ref idref="fl-5"/>
      </object_component>
      <object_component id="oc-32">
         <name>.debug_info</name>
         <load_address>0x4f8b</load_address>
         <run_address>0x4f8b</run_address>
         <size>0x128</size>
         <input_file_ref idref="fl-5"/>
      </object_component>
      <object_component id="oc-3e">
         <name>.debug_info</name>
         <load_address>0x50b3</load_address>
         <run_address>0x50b3</run_address>
         <size>0x140</size>
         <input_file_ref idref="fl-5"/>
      </object_component>
      <object_component id="oc-38">
         <name>.debug_info</name>
         <load_address>0x51f3</load_address>
         <run_address>0x51f3</run_address>
         <size>0x12e</size>
         <input_file_ref idref="fl-5"/>
      </object_component>
      <object_component id="oc-27">
         <name>.debug_info</name>
         <load_address>0x5321</load_address>
         <run_address>0x5321</run_address>
         <size>0x160</size>
         <input_file_ref idref="fl-c9"/>
      </object_component>
      <object_component id="oc-d0">
         <name>.debug_info</name>
         <load_address>0x5481</load_address>
         <run_address>0x5481</run_address>
         <size>0x293</size>
         <input_file_ref idref="fl-ca"/>
      </object_component>
      <object_component id="oc-16">
         <name>.debug_info</name>
         <load_address>0x5714</load_address>
         <run_address>0x5714</run_address>
         <size>0x245</size>
         <input_file_ref idref="fl-ca"/>
      </object_component>
      <object_component id="oc-53">
         <name>.debug_info</name>
         <load_address>0x5959</load_address>
         <run_address>0x5959</run_address>
         <size>0x60</size>
         <input_file_ref idref="fl-ca"/>
      </object_component>
      <object_component id="oc-cb">
         <name>.debug_info</name>
         <load_address>0x59b9</load_address>
         <run_address>0x59b9</run_address>
         <size>0x46</size>
         <input_file_ref idref="fl-ca"/>
      </object_component>
      <object_component id="oc-68">
         <name>.debug_info</name>
         <load_address>0x59ff</load_address>
         <run_address>0x59ff</run_address>
         <size>0x2da</size>
         <input_file_ref idref="fl-cb"/>
      </object_component>
      <object_component id="oc-19">
         <name>.debug_info</name>
         <load_address>0x5cd9</load_address>
         <run_address>0x5cd9</run_address>
         <size>0x1df</size>
         <input_file_ref idref="fl-cb"/>
      </object_component>
      <object_component id="oc-63">
         <name>.debug_info</name>
         <load_address>0x5eb8</load_address>
         <run_address>0x5eb8</run_address>
         <size>0x46</size>
         <input_file_ref idref="fl-cb"/>
      </object_component>
      <object_component id="oc-d2">
         <name>.debug_info</name>
         <load_address>0x5efe</load_address>
         <run_address>0x5efe</run_address>
         <size>0x2c</size>
         <input_file_ref idref="fl-cb"/>
      </object_component>
      <object_component id="oc-74">
         <name>.debug_info</name>
         <load_address>0x5f2a</load_address>
         <run_address>0x5f2a</run_address>
         <size>0x2c9</size>
         <input_file_ref idref="fl-cc"/>
      </object_component>
      <object_component id="oc-20">
         <name>.debug_info</name>
         <load_address>0x61f3</load_address>
         <run_address>0x61f3</run_address>
         <size>0x1aa</size>
         <input_file_ref idref="fl-cc"/>
      </object_component>
      <object_component id="oc-6f">
         <name>.debug_info</name>
         <load_address>0x639d</load_address>
         <run_address>0x639d</run_address>
         <size>0x46</size>
         <input_file_ref idref="fl-cc"/>
      </object_component>
      <object_component id="oc-da">
         <name>.debug_info</name>
         <load_address>0x63e3</load_address>
         <run_address>0x63e3</run_address>
         <size>0x2c</size>
         <input_file_ref idref="fl-cc"/>
      </object_component>
      <object_component id="oc-1df">
         <name>.debug_info</name>
         <load_address>0x640f</load_address>
         <run_address>0x640f</run_address>
         <size>0x48d</size>
         <input_file_ref idref="fl-cd"/>
      </object_component>
      <object_component id="oc-1d8">
         <name>.debug_info</name>
         <load_address>0x689c</load_address>
         <run_address>0x689c</run_address>
         <size>0x39</size>
         <input_file_ref idref="fl-cd"/>
      </object_component>
      <object_component id="oc-1dd">
         <name>.debug_info</name>
         <load_address>0x68d5</load_address>
         <run_address>0x68d5</run_address>
         <size>0x2e3</size>
         <input_file_ref idref="fl-ce"/>
      </object_component>
      <object_component id="oc-15e">
         <name>.debug_info</name>
         <load_address>0x6bb8</load_address>
         <run_address>0x6bb8</run_address>
         <size>0x240</size>
         <input_file_ref idref="fl-ce"/>
      </object_component>
      <object_component id="oc-1d5">
         <name>.debug_info</name>
         <load_address>0x6df8</load_address>
         <run_address>0x6df8</run_address>
         <size>0xf3</size>
         <input_file_ref idref="fl-cf"/>
      </object_component>
      <object_component id="oc-100">
         <name>.debug_info</name>
         <load_address>0x6eeb</load_address>
         <run_address>0x6eeb</run_address>
         <size>0x3ce</size>
         <input_file_ref idref="fl-d0"/>
      </object_component>
      <object_component id="oc-fa">
         <name>.debug_info</name>
         <load_address>0x72b9</load_address>
         <run_address>0x72b9</run_address>
         <size>0x185</size>
         <input_file_ref idref="fl-d0"/>
      </object_component>
      <object_component id="oc-8e">
         <name>.debug_info</name>
         <load_address>0x743e</load_address>
         <run_address>0x743e</run_address>
         <size>0x214</size>
         <input_file_ref idref="fl-d0"/>
      </object_component>
      <object_component id="oc-14d">
         <name>.debug_info</name>
         <load_address>0x7652</load_address>
         <run_address>0x7652</run_address>
         <size>0x144</size>
         <input_file_ref idref="fl-d1"/>
      </object_component>
      <object_component id="oc-1d0">
         <name>.debug_info</name>
         <load_address>0x7796</load_address>
         <run_address>0x7796</run_address>
         <size>0x122</size>
         <input_file_ref idref="fl-d2"/>
      </object_component>
      <object_component id="oc-1e6">
         <name>.debug_info</name>
         <load_address>0x78b8</load_address>
         <run_address>0x78b8</run_address>
         <size>0x132</size>
         <input_file_ref idref="fl-d3"/>
      </object_component>
      <object_component id="oc-147">
         <name>.debug_info</name>
         <load_address>0x79ea</load_address>
         <run_address>0x79ea</run_address>
         <size>0x132</size>
         <input_file_ref idref="fl-d4"/>
      </object_component>
      <object_component id="oc-152">
         <name>.debug_info</name>
         <load_address>0x7b1c</load_address>
         <run_address>0x7b1c</run_address>
         <size>0x126</size>
         <input_file_ref idref="fl-d5"/>
      </object_component>
      <object_component id="oc-1f0">
         <name>.debug_info</name>
         <load_address>0x7c42</load_address>
         <run_address>0x7c42</run_address>
         <size>0x131</size>
         <input_file_ref idref="fl-d6"/>
      </object_component>
      <object_component id="oc-144">
         <name>.debug_info</name>
         <load_address>0x7d73</load_address>
         <run_address>0x7d73</run_address>
         <size>0x124</size>
         <input_file_ref idref="fl-d7"/>
      </object_component>
      <object_component id="oc-5f">
         <name>.debug_info</name>
         <load_address>0x7e97</load_address>
         <run_address>0x7e97</run_address>
         <size>0x111</size>
         <input_file_ref idref="fl-d8"/>
      </object_component>
      <object_component id="oc-6b">
         <name>.debug_info</name>
         <load_address>0x7fa8</load_address>
         <run_address>0x7fa8</run_address>
         <size>0x13f</size>
         <input_file_ref idref="fl-d9"/>
      </object_component>
      <object_component id="oc-76">
         <name>.debug_info</name>
         <load_address>0x80e7</load_address>
         <run_address>0x80e7</run_address>
         <size>0x138</size>
         <input_file_ref idref="fl-da"/>
      </object_component>
      <object_component id="oc-7c">
         <name>.debug_info</name>
         <load_address>0x821f</load_address>
         <run_address>0x821f</run_address>
         <size>0x148</size>
         <input_file_ref idref="fl-db"/>
      </object_component>
      <object_component id="oc-29a">
         <name>.debug_info</name>
         <load_address>0x8367</load_address>
         <run_address>0x8367</run_address>
         <size>0x2cd</size>
         <input_file_ref idref="fl-dc"/>
      </object_component>
      <object_component id="oc-1f5">
         <name>.debug_info</name>
         <load_address>0x8634</load_address>
         <run_address>0x8634</run_address>
         <size>0x21a</size>
         <input_file_ref idref="fl-dc"/>
      </object_component>
      <object_component id="oc-94">
         <name>.debug_info</name>
         <load_address>0x884e</load_address>
         <run_address>0x884e</run_address>
         <size>0x109</size>
         <input_file_ref idref="fl-dd"/>
      </object_component>
      <object_component id="oc-1ea">
         <name>.debug_info</name>
         <load_address>0x8957</load_address>
         <run_address>0x8957</run_address>
         <size>0x126</size>
         <input_file_ref idref="fl-df"/>
      </object_component>
      <object_component id="oc-18c">
         <name>.debug_info</name>
         <load_address>0x8a7d</load_address>
         <run_address>0x8a7d</run_address>
         <size>0x2be</size>
         <input_file_ref idref="fl-e0"/>
      </object_component>
      <object_component id="oc-fd">
         <name>.debug_info</name>
         <load_address>0x8d3b</load_address>
         <run_address>0x8d3b</run_address>
         <size>0x113</size>
         <input_file_ref idref="fl-e0"/>
      </object_component>
      <object_component id="oc-185">
         <name>.debug_info</name>
         <load_address>0x8e4e</load_address>
         <run_address>0x8e4e</run_address>
         <size>0x21f</size>
         <input_file_ref idref="fl-e0"/>
      </object_component>
      <object_component id="oc-f8">
         <name>.debug_info</name>
         <load_address>0x906d</load_address>
         <run_address>0x906d</run_address>
         <size>0x300</size>
         <input_file_ref idref="fl-e1"/>
      </object_component>
      <object_component id="oc-88">
         <name>.debug_info</name>
         <load_address>0x936d</load_address>
         <run_address>0x936d</run_address>
         <size>0x167</size>
         <input_file_ref idref="fl-e1"/>
      </object_component>
      <object_component id="oc-17d">
         <name>.debug_info</name>
         <load_address>0x94d4</load_address>
         <run_address>0x94d4</run_address>
         <size>0x5e</size>
         <input_file_ref idref="fl-e1"/>
      </object_component>
      <object_component id="oc-f0">
         <name>.debug_info</name>
         <load_address>0x9532</load_address>
         <run_address>0x9532</run_address>
         <size>0x483</size>
         <input_file_ref idref="fl-e2"/>
      </object_component>
      <object_component id="oc-82">
         <name>.debug_info</name>
         <load_address>0x99b5</load_address>
         <run_address>0x99b5</run_address>
         <size>0x190</size>
         <input_file_ref idref="fl-e2"/>
      </object_component>
      <object_component id="oc-125">
         <name>.debug_info</name>
         <load_address>0x9b45</load_address>
         <run_address>0x9b45</run_address>
         <size>0x39</size>
         <input_file_ref idref="fl-e2"/>
      </object_component>
      <object_component id="oc-19d">
         <name>.debug_info</name>
         <load_address>0x9b7e</load_address>
         <run_address>0x9b7e</run_address>
         <size>0x39</size>
         <input_file_ref idref="fl-e2"/>
      </object_component>
      <object_component id="oc-12a">
         <name>.debug_info</name>
         <load_address>0x9bb7</load_address>
         <run_address>0x9bb7</run_address>
         <size>0xcd</size>
         <input_file_ref idref="fl-e2"/>
      </object_component>
      <object_component id="oc-121">
         <name>.debug_info</name>
         <load_address>0x9c84</load_address>
         <run_address>0x9c84</run_address>
         <size>0x37a</size>
         <input_file_ref idref="fl-e3"/>
      </object_component>
      <object_component id="oc-e4">
         <name>.debug_info</name>
         <load_address>0x9ffe</load_address>
         <run_address>0x9ffe</run_address>
         <size>0x183</size>
         <input_file_ref idref="fl-e3"/>
      </object_component>
      <object_component id="oc-198">
         <name>.debug_info</name>
         <load_address>0xa181</load_address>
         <run_address>0xa181</run_address>
         <size>0x2c</size>
         <input_file_ref idref="fl-e3"/>
      </object_component>
      <object_component id="oc-ea">
         <name>.debug_info</name>
         <load_address>0xa1ad</load_address>
         <run_address>0xa1ad</run_address>
         <size>0x145</size>
         <input_file_ref idref="fl-e5"/>
      </object_component>
      <object_component id="oc-105">
         <name>.debug_info</name>
         <load_address>0xa2f2</load_address>
         <run_address>0xa2f2</run_address>
         <size>0x356</size>
         <input_file_ref idref="fl-e6"/>
      </object_component>
      <object_component id="oc-222">
         <name>.debug_info</name>
         <load_address>0xa648</load_address>
         <run_address>0xa648</run_address>
         <size>0x29c</size>
         <input_file_ref idref="fl-e6"/>
      </object_component>
      <object_component id="oc-228">
         <name>.debug_info</name>
         <load_address>0xa8e4</load_address>
         <run_address>0xa8e4</run_address>
         <size>0x209</size>
         <input_file_ref idref="fl-e6"/>
      </object_component>
      <object_component id="oc-aa">
         <name>.debug_info</name>
         <load_address>0xaaed</load_address>
         <run_address>0xaaed</run_address>
         <size>0x268</size>
         <input_file_ref idref="fl-e6"/>
      </object_component>
      <object_component id="oc-21c">
         <name>.debug_info</name>
         <load_address>0xad55</load_address>
         <run_address>0xad55</run_address>
         <size>0x28f</size>
         <input_file_ref idref="fl-e6"/>
      </object_component>
      <object_component id="oc-9d">
         <name>.debug_info</name>
         <load_address>0xafe4</load_address>
         <run_address>0xafe4</run_address>
         <size>0x20d</size>
         <input_file_ref idref="fl-e6"/>
      </object_component>
      <object_component id="oc-2a6">
         <name>.debug_info</name>
         <load_address>0xb1f1</load_address>
         <run_address>0xb1f1</run_address>
         <size>0x228</size>
         <input_file_ref idref="fl-e6"/>
      </object_component>
      <object_component id="oc-a3">
         <name>.debug_info</name>
         <load_address>0xb419</load_address>
         <run_address>0xb419</run_address>
         <size>0x250</size>
         <input_file_ref idref="fl-e6"/>
      </object_component>
      <object_component id="oc-22e">
         <name>.debug_info</name>
         <load_address>0xb669</load_address>
         <run_address>0xb669</run_address>
         <size>0x248</size>
         <input_file_ref idref="fl-e6"/>
      </object_component>
      <object_component id="oc-234">
         <name>.debug_info</name>
         <load_address>0xb8b1</load_address>
         <run_address>0xb8b1</run_address>
         <size>0x1ff</size>
         <input_file_ref idref="fl-e6"/>
      </object_component>
      <object_component id="oc-b0">
         <name>.debug_info</name>
         <load_address>0xbab0</load_address>
         <run_address>0xbab0</run_address>
         <size>0x1fd</size>
         <input_file_ref idref="fl-e6"/>
      </object_component>
      <object_component id="oc-2c1">
         <name>.debug_info</name>
         <load_address>0xbcad</load_address>
         <run_address>0xbcad</run_address>
         <size>0x385</size>
         <input_file_ref idref="fl-e7"/>
      </object_component>
      <object_component id="oc-2be">
         <name>.debug_info</name>
         <load_address>0xc032</load_address>
         <run_address>0xc032</run_address>
         <size>0x112</size>
         <input_file_ref idref="fl-e7"/>
      </object_component>
      <object_component id="oc-2c4">
         <name>.debug_info</name>
         <load_address>0xc144</load_address>
         <run_address>0xc144</run_address>
         <size>0x21c</size>
         <input_file_ref idref="fl-e7"/>
      </object_component>
      <object_component id="oc-2ca">
         <name>.debug_info</name>
         <load_address>0xc360</load_address>
         <run_address>0xc360</run_address>
         <size>0x27f</size>
         <input_file_ref idref="fl-e7"/>
      </object_component>
      <object_component id="oc-26c">
         <name>.debug_info</name>
         <load_address>0xc5df</load_address>
         <run_address>0xc5df</run_address>
         <size>0x1f9</size>
         <input_file_ref idref="fl-e7"/>
      </object_component>
      <object_component id="oc-266">
         <name>.debug_info</name>
         <load_address>0xc7d8</load_address>
         <run_address>0xc7d8</run_address>
         <size>0x1e9</size>
         <input_file_ref idref="fl-e7"/>
      </object_component>
      <object_component id="oc-112">
         <name>.debug_info</name>
         <load_address>0xc9c1</load_address>
         <run_address>0xc9c1</run_address>
         <size>0x353</size>
         <input_file_ref idref="fl-e8"/>
      </object_component>
      <object_component id="oc-1c3">
         <name>.debug_info</name>
         <load_address>0xcd14</load_address>
         <run_address>0xcd14</run_address>
         <size>0x109</size>
         <input_file_ref idref="fl-e8"/>
      </object_component>
      <object_component id="oc-10f">
         <name>.debug_info</name>
         <load_address>0xce1d</load_address>
         <run_address>0xce1d</run_address>
         <size>0x10f</size>
         <input_file_ref idref="fl-e8"/>
      </object_component>
      <object_component id="oc-2df">
         <name>.debug_info</name>
         <load_address>0xcf2c</load_address>
         <run_address>0xcf2c</run_address>
         <size>0x10e</size>
         <input_file_ref idref="fl-e8"/>
      </object_component>
      <object_component id="oc-2ab">
         <name>.debug_info</name>
         <load_address>0xd03a</load_address>
         <run_address>0xd03a</run_address>
         <size>0x22a</size>
         <input_file_ref idref="fl-e8"/>
      </object_component>
      <object_component id="oc-136">
         <name>.debug_info</name>
         <load_address>0xd264</load_address>
         <run_address>0xd264</run_address>
         <size>0x1a7</size>
         <input_file_ref idref="fl-e8"/>
      </object_component>
      <object_component id="oc-13c">
         <name>.debug_info</name>
         <load_address>0xd40b</load_address>
         <run_address>0xd40b</run_address>
         <size>0x20a</size>
         <input_file_ref idref="fl-e8"/>
      </object_component>
      <object_component id="oc-174">
         <name>.debug_info</name>
         <load_address>0xd615</load_address>
         <run_address>0xd615</run_address>
         <size>0x1d1</size>
         <input_file_ref idref="fl-e8"/>
      </object_component>
      <object_component id="oc-b5">
         <name>.debug_info</name>
         <load_address>0xd7e6</load_address>
         <run_address>0xd7e6</run_address>
         <size>0x1d3</size>
         <input_file_ref idref="fl-e8"/>
      </object_component>
      <object_component id="oc-29c">
         <name>.debug_info</name>
         <load_address>0xd9b9</load_address>
         <run_address>0xd9b9</run_address>
         <size>0x332</size>
         <input_file_ref idref="fl-e9"/>
      </object_component>
      <object_component id="oc-1ff">
         <name>.debug_info</name>
         <load_address>0xdceb</load_address>
         <run_address>0xdceb</run_address>
         <size>0x25f</size>
         <input_file_ref idref="fl-e9"/>
      </object_component>
      <object_component id="oc-280">
         <name>.debug_info</name>
         <load_address>0xdf4a</load_address>
         <run_address>0xdf4a</run_address>
         <size>0x22d</size>
         <input_file_ref idref="fl-e9"/>
      </object_component>
      <object_component id="oc-277">
         <name>.debug_info</name>
         <load_address>0xe177</load_address>
         <run_address>0xe177</run_address>
         <size>0x21f</size>
         <input_file_ref idref="fl-e9"/>
      </object_component>
      <object_component id="oc-283">
         <name>.debug_info</name>
         <load_address>0xe396</load_address>
         <run_address>0xe396</run_address>
         <size>0x1df</size>
         <input_file_ref idref="fl-e9"/>
      </object_component>
      <object_component id="oc-271">
         <name>.debug_info</name>
         <load_address>0xe575</load_address>
         <run_address>0xe575</run_address>
         <size>0x21c</size>
         <input_file_ref idref="fl-e9"/>
      </object_component>
      <object_component id="oc-29e">
         <name>.debug_info</name>
         <load_address>0xe791</load_address>
         <run_address>0xe791</run_address>
         <size>0x3dd</size>
         <input_file_ref idref="fl-eb"/>
      </object_component>
      <object_component id="oc-2b3">
         <name>.debug_info</name>
         <load_address>0xeb6e</load_address>
         <run_address>0xeb6e</run_address>
         <size>0x104</size>
         <input_file_ref idref="fl-eb"/>
      </object_component>
      <object_component id="oc-259">
         <name>.debug_info</name>
         <load_address>0xec72</load_address>
         <run_address>0xec72</run_address>
         <size>0x1fe</size>
         <input_file_ref idref="fl-eb"/>
      </object_component>
      <object_component id="oc-215">
         <name>.debug_info</name>
         <load_address>0xee70</load_address>
         <run_address>0xee70</run_address>
         <size>0x1e8</size>
         <input_file_ref idref="fl-eb"/>
      </object_component>
      <object_component id="oc-20f">
         <name>.debug_info</name>
         <load_address>0xf058</load_address>
         <run_address>0xf058</run_address>
         <size>0x1e6</size>
         <input_file_ref idref="fl-eb"/>
      </object_component>
      <object_component id="oc-25f">
         <name>.debug_info</name>
         <load_address>0xf23e</load_address>
         <run_address>0xf23e</run_address>
         <size>0x1cc</size>
         <input_file_ref idref="fl-eb"/>
      </object_component>
      <object_component id="oc-207">
         <name>.debug_info</name>
         <load_address>0xf40a</load_address>
         <run_address>0xf40a</run_address>
         <size>0x244</size>
         <input_file_ref idref="fl-eb"/>
      </object_component>
      <object_component id="oc-23a">
         <name>.debug_info</name>
         <load_address>0xf64e</load_address>
         <run_address>0xf64e</run_address>
         <size>0x21e</size>
         <input_file_ref idref="fl-eb"/>
      </object_component>
      <object_component id="oc-2d9">
         <name>.debug_info</name>
         <load_address>0xf86c</load_address>
         <run_address>0xf86c</run_address>
         <size>0x51</size>
         <input_file_ref idref="fl-eb"/>
      </object_component>
      <object_component id="oc-2b7">
         <name>.debug_info</name>
         <load_address>0xf8bd</load_address>
         <run_address>0xf8bd</run_address>
         <size>0x2e2</size>
         <input_file_ref idref="fl-ec"/>
      </object_component>
      <object_component id="oc-240">
         <name>.debug_info</name>
         <load_address>0xfb9f</load_address>
         <run_address>0xfb9f</run_address>
         <size>0x1ca</size>
         <input_file_ref idref="fl-ec"/>
      </object_component>
      <object_component id="oc-246">
         <name>.debug_info</name>
         <load_address>0xfd69</load_address>
         <run_address>0xfd69</run_address>
         <size>0x1e0</size>
         <input_file_ref idref="fl-ec"/>
      </object_component>
      <object_component id="oc-24c">
         <name>.debug_info</name>
         <load_address>0xff49</load_address>
         <run_address>0xff49</run_address>
         <size>0x190</size>
         <input_file_ref idref="fl-ec"/>
      </object_component>
      <object_component id="oc-252">
         <name>.debug_info</name>
         <load_address>0x100d9</load_address>
         <run_address>0x100d9</run_address>
         <size>0x18a</size>
         <input_file_ref idref="fl-ec"/>
      </object_component>
      <object_component id="oc-1bf">
         <name>.debug_info</name>
         <load_address>0x10263</load_address>
         <run_address>0x10263</run_address>
         <size>0x17b</size>
         <input_file_ref idref="fl-ee"/>
      </object_component>
      <object_component id="oc-313">
         <name>.debug_info</name>
         <load_address>0x103de</load_address>
         <run_address>0x103de</run_address>
         <size>0xa3</size>
      </object_component>
      <object_component id="oc-28f">
         <name>.debug_line</name>
         <load_address>0x0</load_address>
         <run_address>0x0</run_address>
         <size>0x20</size>
         <input_file_ref idref="fl-2"/>
      </object_component>
      <object_component id="oc-28d">
         <name>.debug_line</name>
         <load_address>0x20</load_address>
         <run_address>0x20</run_address>
         <size>0x6b</size>
         <input_file_ref idref="fl-2"/>
      </object_component>
      <object_component id="oc-159">
         <name>.debug_line</name>
         <load_address>0x8b</load_address>
         <run_address>0x8b</run_address>
         <size>0x1c4</size>
         <input_file_ref idref="fl-2"/>
      </object_component>
      <object_component id="oc-5b">
         <name>.debug_line</name>
         <load_address>0x24f</load_address>
         <run_address>0x24f</run_address>
         <size>0x20</size>
         <input_file_ref idref="fl-2"/>
      </object_component>
      <object_component id="oc-118">
         <name>.debug_line</name>
         <load_address>0x26f</load_address>
         <run_address>0x26f</run_address>
         <size>0x18a</size>
         <input_file_ref idref="fl-3"/>
      </object_component>
      <object_component id="oc-114">
         <name>.debug_line</name>
         <load_address>0x3f9</load_address>
         <run_address>0x3f9</run_address>
         <size>0x31</size>
         <input_file_ref idref="fl-3"/>
      </object_component>
      <object_component id="oc-116">
         <name>.debug_line</name>
         <load_address>0x42a</load_address>
         <run_address>0x42a</run_address>
         <size>0x31</size>
         <input_file_ref idref="fl-3"/>
      </object_component>
      <object_component id="oc-171">
         <name>.debug_line</name>
         <load_address>0x45b</load_address>
         <run_address>0x45b</run_address>
         <size>0x4e</size>
         <input_file_ref idref="fl-3"/>
      </object_component>
      <object_component id="oc-1a6">
         <name>.debug_line</name>
         <load_address>0x4a9</load_address>
         <run_address>0x4a9</run_address>
         <size>0x44</size>
         <input_file_ref idref="fl-3"/>
      </object_component>
      <object_component id="oc-1ac">
         <name>.debug_line</name>
         <load_address>0x4ed</load_address>
         <run_address>0x4ed</run_address>
         <size>0x5e</size>
         <input_file_ref idref="fl-3"/>
      </object_component>
      <object_component id="oc-1b2">
         <name>.debug_line</name>
         <load_address>0x54b</load_address>
         <run_address>0x54b</run_address>
         <size>0x49</size>
         <input_file_ref idref="fl-3"/>
      </object_component>
      <object_component id="oc-133">
         <name>.debug_line</name>
         <load_address>0x594</load_address>
         <run_address>0x594</run_address>
         <size>0x49</size>
         <input_file_ref idref="fl-3"/>
      </object_component>
      <object_component id="oc-165">
         <name>.debug_line</name>
         <load_address>0x5dd</load_address>
         <run_address>0x5dd</run_address>
         <size>0x6a</size>
         <input_file_ref idref="fl-3"/>
      </object_component>
      <object_component id="oc-16b">
         <name>.debug_line</name>
         <load_address>0x647</load_address>
         <run_address>0x647</run_address>
         <size>0xbf</size>
         <input_file_ref idref="fl-3"/>
      </object_component>
      <object_component id="oc-f5">
         <name>.debug_line</name>
         <load_address>0x706</load_address>
         <run_address>0x706</run_address>
         <size>0xba</size>
         <input_file_ref idref="fl-3"/>
      </object_component>
      <object_component id="oc-44">
         <name>.debug_line</name>
         <load_address>0x7c0</load_address>
         <run_address>0x7c0</run_address>
         <size>0x4c</size>
         <input_file_ref idref="fl-3"/>
      </object_component>
      <object_component id="oc-4a">
         <name>.debug_line</name>
         <load_address>0x80c</load_address>
         <run_address>0x80c</run_address>
         <size>0x67</size>
         <input_file_ref idref="fl-3"/>
      </object_component>
      <object_component id="oc-11c">
         <name>.debug_line</name>
         <load_address>0x873</load_address>
         <run_address>0x873</run_address>
         <size>0x66</size>
         <input_file_ref idref="fl-3"/>
      </object_component>
      <object_component id="oc-10a">
         <name>.debug_line</name>
         <load_address>0x8d9</load_address>
         <run_address>0x8d9</run_address>
         <size>0x20</size>
         <input_file_ref idref="fl-3"/>
      </object_component>
      <object_component id="oc-c9">
         <name>.debug_line</name>
         <load_address>0x8f9</load_address>
         <run_address>0x8f9</run_address>
         <size>0x65</size>
         <input_file_ref idref="fl-3"/>
      </object_component>
      <object_component id="oc-1b5">
         <name>.debug_line</name>
         <load_address>0x95e</load_address>
         <run_address>0x95e</run_address>
         <size>0x75</size>
         <input_file_ref idref="fl-4"/>
      </object_component>
      <object_component id="oc-c5">
         <name>.debug_line</name>
         <load_address>0x9d3</load_address>
         <run_address>0x9d3</run_address>
         <size>0x41</size>
         <input_file_ref idref="fl-5"/>
      </object_component>
      <object_component id="oc-50">
         <name>.debug_line</name>
         <load_address>0xa14</load_address>
         <run_address>0xa14</run_address>
         <size>0x41</size>
         <input_file_ref idref="fl-5"/>
      </object_component>
      <object_component id="oc-30">
         <name>.debug_line</name>
         <load_address>0xa55</load_address>
         <run_address>0xa55</run_address>
         <size>0x53</size>
         <input_file_ref idref="fl-5"/>
      </object_component>
      <object_component id="oc-35">
         <name>.debug_line</name>
         <load_address>0xaa8</load_address>
         <run_address>0xaa8</run_address>
         <size>0x56</size>
         <input_file_ref idref="fl-5"/>
      </object_component>
      <object_component id="oc-41">
         <name>.debug_line</name>
         <load_address>0xafe</load_address>
         <run_address>0xafe</run_address>
         <size>0x56</size>
         <input_file_ref idref="fl-5"/>
      </object_component>
      <object_component id="oc-3b">
         <name>.debug_line</name>
         <load_address>0xb54</load_address>
         <run_address>0xb54</run_address>
         <size>0x56</size>
         <input_file_ref idref="fl-5"/>
      </object_component>
      <object_component id="oc-25">
         <name>.debug_line</name>
         <load_address>0xbaa</load_address>
         <run_address>0xbaa</run_address>
         <size>0x53</size>
         <input_file_ref idref="fl-c9"/>
      </object_component>
      <object_component id="oc-11f">
         <name>.debug_line</name>
         <load_address>0xbfd</load_address>
         <run_address>0xbfd</run_address>
         <size>0x20</size>
         <input_file_ref idref="fl-ca"/>
      </object_component>
      <object_component id="oc-13">
         <name>.debug_line</name>
         <load_address>0xc1d</load_address>
         <run_address>0xc1d</run_address>
         <size>0xa9</size>
         <input_file_ref idref="fl-ca"/>
      </object_component>
      <object_component id="oc-56">
         <name>.debug_line</name>
         <load_address>0xcc6</load_address>
         <run_address>0xcc6</run_address>
         <size>0x3a</size>
         <input_file_ref idref="fl-ca"/>
      </object_component>
      <object_component id="oc-ce">
         <name>.debug_line</name>
         <load_address>0xd00</load_address>
         <run_address>0xd00</run_address>
         <size>0x8a</size>
         <input_file_ref idref="fl-ca"/>
      </object_component>
      <object_component id="oc-d8">
         <name>.debug_line</name>
         <load_address>0xd8a</load_address>
         <run_address>0xd8a</run_address>
         <size>0x8a</size>
         <input_file_ref idref="fl-cb"/>
      </object_component>
      <object_component id="oc-1c">
         <name>.debug_line</name>
         <load_address>0xe14</load_address>
         <run_address>0xe14</run_address>
         <size>0x55</size>
         <input_file_ref idref="fl-cb"/>
      </object_component>
      <object_component id="oc-66">
         <name>.debug_line</name>
         <load_address>0xe69</load_address>
         <run_address>0xe69</run_address>
         <size>0x3a</size>
         <input_file_ref idref="fl-cb"/>
      </object_component>
      <object_component id="oc-d5">
         <name>.debug_line</name>
         <load_address>0xea3</load_address>
         <run_address>0xea3</run_address>
         <size>0x8a</size>
         <input_file_ref idref="fl-cb"/>
      </object_component>
      <object_component id="oc-e0">
         <name>.debug_line</name>
         <load_address>0xf2d</load_address>
         <run_address>0xf2d</run_address>
         <size>0x8a</size>
         <input_file_ref idref="fl-cc"/>
      </object_component>
      <object_component id="oc-1f">
         <name>.debug_line</name>
         <load_address>0xfb7</load_address>
         <run_address>0xfb7</run_address>
         <size>0x4f</size>
         <input_file_ref idref="fl-cc"/>
      </object_component>
      <object_component id="oc-72">
         <name>.debug_line</name>
         <load_address>0x1006</load_address>
         <run_address>0x1006</run_address>
         <size>0x34</size>
         <input_file_ref idref="fl-cc"/>
      </object_component>
      <object_component id="oc-dd">
         <name>.debug_line</name>
         <load_address>0x103a</load_address>
         <run_address>0x103a</run_address>
         <size>0x8a</size>
         <input_file_ref idref="fl-cc"/>
      </object_component>
      <object_component id="oc-1e3">
         <name>.debug_line</name>
         <load_address>0x10c4</load_address>
         <run_address>0x10c4</run_address>
         <size>0xac</size>
         <input_file_ref idref="fl-cd"/>
      </object_component>
      <object_component id="oc-1db">
         <name>.debug_line</name>
         <load_address>0x1170</load_address>
         <run_address>0x1170</run_address>
         <size>0x8a</size>
         <input_file_ref idref="fl-cd"/>
      </object_component>
      <object_component id="oc-294">
         <name>.debug_line</name>
         <load_address>0x11fa</load_address>
         <run_address>0x11fa</run_address>
         <size>0x89</size>
         <input_file_ref idref="fl-ce"/>
      </object_component>
      <object_component id="oc-15d">
         <name>.debug_line</name>
         <load_address>0x1283</load_address>
         <run_address>0x1283</run_address>
         <size>0x132</size>
         <input_file_ref idref="fl-ce"/>
      </object_component>
      <object_component id="oc-292">
[...]
            <allocated_space>
               <start_address>0x2000088c</start_address>
               <size>0x404</size>
               <logical_group_ref idref="lg-b"/>
            </allocated_space>
            <allocated_space>
               <start_address>0x20000c90</start_address>
               <size>0x200</size>
               <logical_group_ref idref="lg-d"/>
            </allocated_space>
            <available_space>
               <start_address>0x20000e90</start_address>
               <size>0x7170</size>
            </available_space>
         </usage_details>
      </memory_area>
   </placement_map>
   <cptbl_list>
      <cptbl>
         <name>__TI_cinit_table</name>
         <cprec>
            <name>.data</name>
            <load_address>0x2380</load_address>
            <load_size>0x628</load_size>
            <run_address>0x2000026c</run_address>
            <run_size>0x620</run_size>
            <compression>copy</compression>
         </cprec>
         <cprec>
            <name>.bss</name>
            <load_address>0x29b8</load_address>
            <load_size>0x8</load_size>
            <run_address>0x2000088c</run_address>
            <run_size>0x404</run_size>
            <compression>zero_init</compression>
         </cprec>
         <cprec>
            <name>.vtable</name>
            <load_address>0x29c0</load_address>
            <load_size>0x8</load_size>
            <run_address>0x20000000</run_address>
            <run_size>0x26c</run_size>
            <compression>zero_init</compression>
         </cprec>
      </cptbl>
   </cptbl_list>
   <handler_table>
      <handler_table_name>__TI_handler_table</handler_table_name>
      <handler>
         <index>0x0</index>
         <name>__TI_zero_init</name>
      </handler>
      <handler>
         <index>0x1</index>
         <name>__TI_decompress_lzss</name>
      </handler>
      <handler>
         <index>0x2</index>
         <name>__TI_decompress_none</name>
      </handler>
   </handler_table>
   <symbol_table>
      <symbol id="sm-1">
         <name>__STACK_TOP</name>
         <value>0x20000e90</value>
      </symbol>
      <symbol id="sm-2">
         <name>__TI_CINIT_Base</name>
         <value>0x29c8</value>
      </symbol>
      <symbol id="sm-3">
         <name>__TI_CINIT_Limit</name>
         <value>0x29e0</value>
      </symbol>
      <symbol id="sm-4">
         <name>__TI_Handler_Table_Base</name>
         <value>0x29a8</value>
      </symbol>
      <symbol id="sm-5">
         <name>__TI_Handler_Table_Limit</name>
         <value>0x29b4</value>
      </symbol>
      <symbol id="sm-6">
         <name>binit</name>
         <value>0xffffffff</value>
      </symbol>
      <symbol id="sm-7">
         <name>__binit__</name>
         <value>0xffffffff</value>
      </symbol>
      <symbol id="sm-8">
         <name>__STACK_SIZE</name>
         <value>0x200</value>
      </symbol>
      <symbol id="sm-9">
         <name>__STACK_END</name>
         <value>0x20000e90</value>
      </symbol>
      <symbol id="sm-a">
         <name>__c_args__</name>
         <value>0xffffffff</value>
      </symbol>
      <symbol id="sm-b">
         <name>__TI_pprof_out_hndl</name>
         <value>0xffffffff</value>
      </symbol>
      <symbol id="sm-c">
         <name>__TI_prof_data_start</name>
         <value>0xffffffff</value>
      </symbol>
      <symbol id="sm-d">
         <name>__TI_prof_data_size</name>
         <value>0xffffffff</value>
      </symbol>
      <symbol id="sm-4e">
         <name>Sinewave</name>
         <value>0x2000026c</value>
         <object_component_ref idref="oc-1ca"/>
      </symbol>
      <symbol id="sm-4f">
         <name>fix_fft</name>
         <value>0x565</value>
         <object_component_ref idref="oc-155"/>
      </symbol>
      <symbol id="sm-102">
         <name>real</name>
         <value>0x20000a8c</value>
      </symbol>
      <symbol id="sm-103">
         <name>imag</name>
         <value>0x2000088c</value>
      </symbol>
      <symbol id="sm-104">
         <name>setDutyCycles</name>
         <value>0x1651</value>
         <object_component_ref idref="oc-16d"/>
      </symbol>
      <symbol id="sm-105">
         <name>SysTickIntHandler</name>
         <value>0x2019</value>
         <object_component_ref idref="oc-43"/>
      </symbol>
      <symbol id="sm-106">
         <name>decode</name>
         <value>0x7a5</value>
         <object_component_ref idref="oc-167"/>
      </symbol>
      <symbol id="sm-107">
         <name>linear</name>
         <value>0x1051</value>
         <object_component_ref idref="oc-161"/>
      </symbol>
      <symbol id="sm-108">
         <name>main</name>
         <value>0xcb1</value>
         <object_component_ref idref="oc-f1"/>
      </symbol>
      <symbol id="sm-109">
         <name>initialisations</name>
         <value>0x2181</value>
         <object_component_ref idref="oc-12f"/>
      </symbol>
      <symbol id="sm-10a">
         <name>ADCIntHandler</name>
         <value>0x183d</value>
         <object_component_ref idref="oc-49"/>
      </symbol>
      <symbol id="sm-10b">
         <name>initADC</name>
         <value>0x1bb9</value>
         <object_component_ref idref="oc-1a8"/>
      </symbol>
      <symbol id="sm-10c">
         <name>initSysTickClock</name>
         <value>0x2039</value>
         <object_component_ref idref="oc-1ae"/>
      </symbol>
      <symbol id="sm-10d">
         <name>initClock</name>
         <value>0x216d</value>
         <object_component_ref idref="oc-1a2"/>
      </symbol>
      <symbol id="sm-121">
         <name>pwmInit</name>
         <value>0x1569</value>
         <object_component_ref idref="oc-1b4"/>
      </symbol>
      <symbol id="sm-152">
         <name>ResetISR</name>
         <value>0x2247</value>
         <object_component_ref idref="oc-2b"/>
      </symbol>
      <symbol id="sm-153">
         <name>g_pfnVectors</name>
         <value>0x0</value>
         <object_component_ref idref="oc-f"/>
      </symbol>
      <symbol id="sm-16c">
         <name>_c_int00</name>
         <value>0x1c11</value>
         <object_component_ref idref="oc-24"/>
      </symbol>
      <symbol id="sm-16d">
         <name>__stack</name>
         <value>0x20000c90</value>
         <object_component_ref idref="oc-2a"/>
      </symbol>
      <symbol id="sm-18b">
         <name>__TI_decompress_lzss</name>
         <value>0x1aed</value>
         <object_component_ref idref="oc-12"/>
      </symbol>
      <symbol id="sm-1a2">
         <name>__TI_decompress_none</name>
         <value>0x220b</value>
         <object_component_ref idref="oc-18"/>
      </symbol>
      <symbol id="sm-1b9">
         <name>__TI_zero_init</name>
         <value>0x2231</value>
         <object_component_ref idref="oc-1e"/>
      </symbol>
      <symbol id="sm-1e7">
         <name>log10</name>
         <value>0x26d</value>
         <object_component_ref idref="oc-1de"/>
      </symbol>
      <symbol id="sm-1e8">
         <name>log10l</name>
         <value>0x26d</value>
         <object_component_ref idref="oc-1de"/>
      </symbol>
      <symbol id="sm-20c">
         <name>sqrtl</name>
         <value>0xb41</value>
         <object_component_ref idref="oc-15b"/>
      </symbol>
      <symbol id="sm-20d">
         <name>sqrt</name>
         <value>0xb41</value>
         <object_component_ref idref="oc-15b"/>
      </symbol>
      <symbol id="sm-215">
         <name>errno</name>
         <value>0x20000884</value>
         <object_component_ref idref="oc-1d4"/>
      </symbol>
      <symbol id="sm-236">
         <name>C$$EXIT</name>
         <value>0x1c65</value>
         <object_component_ref idref="oc-8d"/>
      </symbol>
      <symbol id="sm-237">
         <name>abort</name>
         <value>0x1c69</value>
         <object_component_ref idref="oc-8d"/>
      </symbol>
      <symbol id="sm-238">
         <name>exit</name>
         <value>0x1c71</value>
         <object_component_ref idref="oc-8d"/>
      </symbol>
      <symbol id="sm-239">
         <name>__TI_dtors_ptr</name>
         <value>0x20000870</value>
         <object_component_ref idref="oc-f9"/>
      </symbol>
      <symbol id="sm-23a">
         <name>__TI_cleanup_ptr</name>
         <value>0x2000086c</value>
         <object_component_ref idref="oc-f9"/>
      </symbol>
      <symbol id="sm-23b">
         <name>__TI_enable_exit_profile_output</name>
         <value>0x20000874</value>
         <object_component_ref idref="oc-f9"/>
      </symbol>
      <symbol id="sm-252">
         <name>__aeabi_dsub</name>
         <value>0x989</value>
         <object_component_ref idref="oc-14b"/>
      </symbol>
      <symbol id="sm-253">
         <name>__aeabi_dadd</name>
         <value>0x993</value>
         <object_component_ref idref="oc-14b"/>
      </symbol>
      <symbol id="sm-265">
         <name>__aeabi_cdrcmple</name>
         <value>0x17b5</value>
         <object_component_ref idref="oc-1cf"/>
      </symbol>
      <symbol id="sm-279">
         <name>__aeabi_ddiv</name>
         <value>0xde9</value>
         <object_component_ref idref="oc-1e4"/>
      </symbol>
      <symbol id="sm-284">
         <name>__aeabi_dmul</name>
         <value>0x1281</value>
         <object_component_ref idref="oc-146"/>
      </symbol>
      <symbol id="sm-28e">
         <name>__aeabi_d2iz</name>
         <value>0x1e41</value>
         <object_component_ref idref="oc-150"/>
      </symbol>
      <symbol id="sm-298">
         <name>__aeabi_d2uiz</name>
         <value>0x1e89</value>
         <object_component_ref idref="oc-1ee"/>
      </symbol>
      <symbol id="sm-2a2">
         <name>__aeabi_i2d</name>
         <value>0x1f9b</value>
         <object_component_ref idref="oc-141"/>
      </symbol>
      <symbol id="sm-2bd">
         <name>memcpy</name>
         <value>0x1719</value>
         <object_component_ref idref="oc-5d"/>
      </symbol>
      <symbol id="sm-2be">
         <name>__aeabi_memcpy</name>
         <value>0x1719</value>
         <object_component_ref idref="oc-5d"/>
      </symbol>
      <symbol id="sm-2bf">
         <name>__aeabi_memcpy8</name>
         <value>0x1719</value>
         <object_component_ref idref="oc-5d"/>
      </symbol>
      <symbol id="sm-2c0">
         <name>__aeabi_memcpy4</name>
         <value>0x1719</value>
         <object_component_ref idref="oc-5d"/>
      </symbol>
      <symbol id="sm-2cf">
         <name>__aeabi_memset</name>
         <value>0x1935</value>
         <object_component_ref idref="oc-69"/>
      </symbol>
      <symbol id="sm-2d0">
         <name>memset</name>
         <value>0x193b</value>
         <object_component_ref idref="oc-69"/>
      </symbol>
      <symbol id="sm-2d1">
         <name>__aeabi_memset8</name>
         <value>0x1935</value>
         <object_component_ref idref="oc-69"/>
      </symbol>
      <symbol id="sm-2d2">
         <name>__aeabi_memset4</name>
         <value>0x1935</value>
         <object_component_ref idref="oc-69"/>
      </symbol>
      <symbol id="sm-2d3">
         <name>__aeabi_memclr8</name>
         <value>0x1933</value>
         <object_component_ref idref="oc-69"/>
      </symbol>
      <symbol id="sm-2d4">
         <name>__aeabi_memclr4</name>
         <value>0x1933</value>
         <object_component_ref idref="oc-69"/>
      </symbol>
      <symbol id="sm-2d5">
         <name>__aeabi_memclr</name>
         <value>0x1933</value>
         <object_component_ref idref="oc-69"/>
      </symbol>
      <symbol id="sm-2df">
         <name>__mpu_init</name>
         <value>0x212f</value>
         <object_component_ref idref="oc-75"/>
      </symbol>
      <symbol id="sm-2e9">
         <name>_system_pre_init</name>
         <value>0x2253</value>
         <object_component_ref idref="oc-7b"/>
      </symbol>
      <symbol id="sm-306">
         <name>ceil</name>
         <value>0x137d</value>
         <object_component_ref idref="oc-1f4"/>
      </symbol>
      <symbol id="sm-307">
         <name>ceill</name>
         <value>0x137d</value>
         <object_component_ref idref="oc-1f4"/>
      </symbol>
      <symbol id="sm-30f">
         <name>main_func_sp</name>
         <value>0x20000888</value>
         <object_component_ref idref="oc-93"/>
      </symbol>
      <symbol id="sm-31a">
         <name>__aeabi_ui2d</name>
         <value>0x2059</value>
         <object_component_ref idref="oc-1e9"/>
      </symbol>
      <symbol id="sm-333">
         <name>_nop</name>
         <value>0x21a3</value>
         <object_component_ref idref="oc-184"/>
      </symbol>
      <symbol id="sm-334">
         <name>_lock</name>
         <value>0x20000878</value>
         <object_component_ref idref="oc-fc"/>
      </symbol>
      <symbol id="sm-335">
         <name>_unlock</name>
         <value>0x2000087c</value>
         <object_component_ref idref="oc-fc"/>
      </symbol>
      <symbol id="sm-336">
         <name>_register_lock</name>
         <value>0x219b</value>
         <object_component_ref idref="oc-184"/>
      </symbol>
      <symbol id="sm-337">
         <name>_register_unlock</name>
         <value>0x2195</value>
         <object_component_ref idref="oc-184"/>
      </symbol>
      <symbol id="sm-34b">
         <name>_args_main</name>
         <value>0x2101</value>
         <object_component_ref idref="oc-87"/>
      </symbol>
      <symbol id="sm-375">
         <name>__TI_auto_init</name>
         <value>0x19ad</value>
         <object_component_ref idref="oc-81"/>
      </symbol>
      <symbol id="sm-38f">
         <name>copy_in</name>
         <value>0x1df5</value>
         <object_component_ref idref="oc-e3"/>
      </symbol>
      <symbol id="sm-39a">
         <name>_system_post_cinit</name>
         <value>0x21eb</value>
         <object_component_ref idref="oc-e9"/>
      </symbol>
      <symbol id="sm-402">
         <name>ADCProcessorTrigger</name>
         <value>0x20e9</value>
         <object_component_ref idref="oc-9b"/>
      </symbol>
      <symbol id="sm-403">
         <name>ADCSequenceEnable</name>
         <value>0x21fd</value>
         <object_component_ref idref="oc-226"/>
      </symbol>
      <symbol id="sm-404">
         <name>ADCSequenceConfigure</name>
         <value>0x1cb9</value>
         <object_component_ref idref="oc-21a"/>
      </symbol>
      <symbol id="sm-405">
         <name>ADCIntEnable</name>
         <value>0x21bb</value>
         <object_component_ref idref="oc-232"/>
      </symbol>
      <symbol id="sm-406">
         <name>ADCSequenceStepConfigure</name>
         <value>0x18b9</value>
         <object_component_ref idref="oc-220"/>
      </symbol>
      <symbol id="sm-407">
         <name>ADCIntClear</name>
         <value>0x223d</value>
         <object_component_ref idref="oc-ae"/>
      </symbol>
      <symbol id="sm-408">
         <name>ADCIntStatus</name>
         <value>0x1f6d</value>
         <object_component_ref idref="oc-a1"/>
      </symbol>
      <symbol id="sm-409">
         <name>ADCIntRegister</name>
         <value>0x20d1</value>
         <object_component_ref idref="oc-22c"/>
      </symbol>
      <symbol id="sm-40a">
         <name>ADCSequenceDataGet</name>
         <value>0x2079</value>
         <object_component_ref idref="oc-a8"/>
      </symbol>
      <symbol id="sm-43d">
         <name>GPIOPinTypePWM</name>
         <value>0x2119</value>
         <object_component_ref idref="oc-26a"/>
      </symbol>
      <symbol id="sm-43e">
         <name>GPIOPinConfigure</name>
         <value>0x1da9</value>
         <object_component_ref idref="oc-264"/>
      </symbol>
      <symbol id="sm-43f">
         <name>GPIODirModeSet</name>
         <value>0x1fc9</value>
         <object_component_ref idref="oc-2c2"/>
      </symbol>
      <symbol id="sm-440">
         <name>GPIOPadConfigSet</name>
         <value>0xf1f</value>
         <object_component_ref idref="oc-2c8"/>
      </symbol>
      <symbol id="sm-4a5">
         <name>IntIsEnabled</name>
         <value>0x1b55</value>
         <object_component_ref idref="oc-13b"/>
      </symbol>
      <symbol id="sm-4a6">
         <name>IntEnable</name>
         <value>0x1a85</value>
         <object_component_ref idref="oc-173"/>
      </symbol>
      <symbol id="sm-4a7">
         <name>IntDisable</name>
         <value>0x1a1d</value>
         <object_component_ref idref="oc-b4"/>
      </symbol>
      <symbol id="sm-4a8">
         <name>IntRegister</name>
         <value>0x1f05</value>
         <object_component_ref idref="oc-2aa"/>
      </symbol>
      <symbol id="sm-4a9">
         <name>g_pfnRAMVectors</name>
         <value>0x20000000</value>
         <object_component_ref idref="oc-2de"/>
      </symbol>
      <symbol id="sm-4aa">
         <name>IntMasterEnable</name>
         <value>0x21cb</value>
         <object_component_ref idref="oc-135"/>
      </symbol>
      <symbol id="sm-4d7">
         <name>PWMGenPeriodSet</name>
         <value>0x21db</value>
         <object_component_ref idref="oc-276"/>
      </symbol>
      <symbol id="sm-4d8">
         <name>PWMPulseWidthSet</name>
         <value>0x2097</value>
         <object_component_ref idref="oc-1fb"/>
      </symbol>
      <symbol id="sm-4d9">
         <name>PWMOutputState</name>
         <value>0x21a9</value>
         <object_component_ref idref="oc-27c"/>
      </symbol>
      <symbol id="sm-4da">
         <name>PWMGenEnable</name>
         <value>0x2225</value>
         <object_component_ref idref="oc-282"/>
      </symbol>
      <symbol id="sm-4db">
         <name>PWMGenConfigure</name>
         <value>0x1ff5</value>
         <object_component_ref idref="oc-270"/>
      </symbol>
      <symbol id="sm-54e">
         <name>SysCtlClockSet</name>
         <value>0x1475</value>
         <object_component_ref idref="oc-206"/>
      </symbol>
      <symbol id="sm-54f">
         <name>SysCtlDelay</name>
         <value>0x224d</value>
         <object_component_ref idref="oc-20c"/>
      </symbol>
      <symbol id="sm-550">
         <name>SysCtlPeripheralEnable</name>
         <value>0x1f39</value>
         <object_component_ref idref="oc-20e"/>
      </symbol>
      <symbol id="sm-551">
         <name>SysCtlClockGet</name>
         <value>0x1171</value>
         <object_component_ref idref="oc-239"/>
      </symbol>
      <symbol id="sm-552">
         <name>SysCtlPWMClockSet</name>
         <value>0x2131</value>
         <object_component_ref idref="oc-25e"/>
      </symbol>
      <symbol id="sm-553">
         <name>SysCtlPeripheralReady</name>
         <value>0x1ecd</value>
         <object_component_ref idref="oc-214"/>
      </symbol>
      <symbol id="sm-554">
         <name>SysCtlPeripheralReset</name>
         <value>0x1d09</value>
         <object_component_ref idref="oc-258"/>
      </symbol>
      <symbol id="sm-581">
         <name>SysTickEnable</name>
         <value>0x2145</value>
         <object_component_ref idref="oc-251"/>
      </symbol>
      <symbol id="sm-582">
         <name>SysTickIntRegister</name>
         <value>0x20b5</value>
         <object_component_ref idref="oc-245"/>
      </symbol>
      <symbol id="sm-583">
         <name>SysTickIntEnable</name>
         <value>0x2159</value>
         <object_component_ref idref="oc-24b"/>
      </symbol>
      <symbol id="sm-584">
         <name>SysTickPeriodSet</name>
         <value>0x21ed</value>
         <object_component_ref idref="oc-23f"/>
      </symbol>
      <symbol id="sm-58f">
         <name>CPUcpsie</name>
         <value>0x2219</value>
         <object_component_ref idref="oc-1bb"/>
      </symbol>
      <symbol id="sm-590">
         <name>__TI_static_base__</name>
         <value>0x0</value>
      </symbol>
      <symbol id="sm-593">
         <name>SHT$$INIT_ARRAY$$Limit</name>
         <value>0x0</value>
      </symbol>
      <symbol id="sm-594">
         <name>SHT$$INIT_ARRAY$$Base</name>
         <value>0x0</value>
      </symbol>
   </symbol_table>
   <title>Link successful</title>
</link_info>
