******************************************************************************
                  TI ARM Linker PC v16.9.6                     
******************************************************************************
>> Linked Fri Dec 07 23:01:52 2018

OUTPUT FILE NAME:   <vivid_smart_lamp.out>
ENTRY POINT SYMBOL: "_c_int00"  address: 000019d9


MEMORY CONFIGURATION

         name            origin    length      used     unused   attr    fill
----------------------  --------  ---------  --------  --------  ----  --------
  FLASH                 00000000   00040000  000027b4  0003d84c  R  X
  SRAM                  20000000   00008000  00000bd5  0000742b  RW X


SEGMENT ALLOCATION MAP

run origin  load origin   length   init length attrs members
----------  ----------- ---------- ----------- ----- -------
00000000    00000000    000027b8   000027b8    r-x
  00000000    00000000    0000026c   0000026c    r-- .intvecs
  0000026c    0000026c    0000209c   0000209c    r-x .text
  00002308    00002308    00000464   00000464    r-- .const
  00002770    00002770    00000048   00000048    r-- .cinit
20000000    20000000    00000bd8   00000000    rw-
  20000000    20000000    0000026c   00000000    rw- .vtable
  2000026c    2000026c    00000745   00000000    rw- .bss
  200009b4    200009b4    00000200   00000000    rw- .stack
  20000bb4    20000bb4    00000024   00000000    rw- .data


SECTION ALLOCATION MAP

 output                                  attributes/
section   page    origin      length       input sections
--------  ----  ----------  ----------   ----------------
.intvecs   0    00000000    0000026c     
                  00000000    0000026c     tm4c123gh6pm_startup_ccs.obj (.intvecs)

.text      0    0000026c    0000209c     
                  0000026c    000002f8     rtsv7M4_T_le_v4SPD16_eabi.lib : e_log10.obj (.text)
                  00000564    000001e4     pwm.obj (.text:decode)
                  00000748    000001b6     rtsv7M4_T_le_v4SPD16_eabi.lib : fd_add_t2.obj (.text)
                  000008fe    00000136                                   : fd_div_t2.obj (.text)
                  00000a34    00000132     driverlib.lib : gpio.obj (.text:GPIOPadConfigSet)
                  00000b66    00000002     tm4c123gh6pm_startup_ccs.obj (.text:FaultISR)
                  00000b68    00000124     pwm.obj (.text:linear)
                  00000c8c    00000110     driverlib.lib : sysctl.obj (.text:SysCtlClockGet)
                  00000d9c    000000fc     rtsv7M4_T_le_v4SPD16_eabi.lib : fd_mul_t2.obj (.text)
                  00000e98    000000f8                                   : s_ceil.obj (.text)
                  00000f90    000000f4     driverlib.lib : sysctl.obj (.text:SysCtlClockSet)
                  00001084    000000f0     OrbitOled.obj (.text:OrbitOledHostInit)
                  00001174    000000e8     pwm.obj (.text:pwmInit)
                  0000125c    000000c8     pwm.obj (.text:setDutyCycles)
                  00001324    0000009c     rtsv7M4_T_le_v4SPD16_eabi.lib : memcpy_t2.obj (.text)
                  000013c0    00000090     OrbitOled.obj (.text:OrbitOledDevInit)
                  00001450    00000086     rtsv7M4_T_le_v4SPD16_eabi.lib : fd_cmp_t2.obj (.text:__aeabi_cdrcmple)
                  000014d6    00000002     tm4c123gh6pm_startup_ccs.obj (.text:IntDefaultHandler)
                  000014d8    00000084     OrbitOled.obj (.text:OrbitOledDvrInit)
                  0000155c    0000007a     driverlib.lib : adc.obj (.text:ADCSequenceStepConfigure)
                  000015d6    0000007a     rtsv7M4_T_le_v4SPD16_eabi.lib : memset_t2.obj (.text)
                  00001650    00000070                                   : autoinit.obj (.text)
                  000016c0    0000006c     main.obj (.text:main)
                  0000172c    00000068     driverlib.lib : interrupt.obj (.text:IntDisable)
                  00001794    00000068                   : interrupt.obj (.text:IntEnable)
                  000017fc    00000068     rtsv7M4_T_le_v4SPD16_eabi.lib : copy_decompress_lzss.obj (.text:decompress:lzss)
                  00001864    00000064     driverlib.lib : interrupt.obj (.text:IntIsEnabled)
                  000018c8    00000060                   : timer.obj (.text:TimerConfigure)
                  00001928    00000058     main.obj (.text:ADCIntHandler)
                  00001980    00000058     OrbitOled.obj (.text:OrbitOledPutBuffer)
                  000019d8    00000054     rtsv7M4_T_le_v4SPD16_eabi.lib : boot.obj (.text)
                  00001a2c    00000054                                   : exit.obj (.text)
                  00001a80    00000050     driverlib.lib : adc.obj (.text:ADCSequenceConfigure)
                  00001ad0    00000050     OrbitOled.obj (.text:OrbitOledUpdate)
                  00001b20    00000050     OrbitOled.obj (.text:Ssi3PutByte)
                  00001b70    00000050     driverlib.lib : sysctl.obj (.text:SysCtlPeripheralReset)
                  00001bc0    00000050                   : adc.obj (.text:_ADCIntNumberGet)
                  00001c10    0000004c                   : gpio.obj (.text:GPIOPinConfigure)
                  00001c5c    0000004c     OrbitOledChar.obj (.text:OrbitOledSetCursor)
                  00001ca8    0000004c     main.obj (.text:initADC)
                  00001cf4    0000004c     rtsv7M4_T_le_v4SPD16_eabi.lib : cpy_tbl.obj (.text)
                  00001d40    00000048     OrbitOledGrph.obj (.text:OrbitOledMoveTo)
                  00001d88    00000048     rtsv7M4_T_le_v4SPD16_eabi.lib : fd_toi_t2.obj (.text)
                  00001dd0    00000044     OrbitOledGrph.obj (.text:OrbitOledSetDrawMode)
                  00001e14    00000044     rtsv7M4_T_le_v4SPD16_eabi.lib : fd_tou_t2.obj (.text)
                  00001e58    0000003c     driverlib.lib : ssi.obj (.text:SSIConfigSetExpClk)
                  00001e94    00000034                   : interrupt.obj (.text:IntRegister)
                  00001ec8    00000034                   : sysctl.obj (.text:SysCtlPeripheralEnable)
                  00001efc    0000002e     rtsv7M4_T_le_v4SPD16_eabi.lib : i_tofd_t2.obj (.text)
                  00001f2a    00000002     tm4c123gh6pm_startup_ccs.obj (.text:NmiSR)
                  00001f2c    0000002c     delay.obj (.text:DelayMs)
                  00001f58    0000002c     driverlib.lib : gpio.obj (.text:GPIODirModeSet)
                  00001f84    00000024     delay.obj (.text:DelayInit)
                  00001fa8    00000022     driverlib.lib : pwm.obj (.text:PWMGenConfigure)
                  00001fca    00000002     rtsv7M4_T_le_v4SPD16_eabi.lib : mpu_init.obj (.text)
                  00001fcc    00000020     main.obj (.text:initSysTickClock)
                  00001fec    00000020     rtsv7M4_T_le_v4SPD16_eabi.lib : u_tofd_t2.obj (.text)
                  0000200c    0000001e     driverlib.lib : adc.obj (.text:ADCSequenceDataGet)
                  0000202a    0000001e                   : pwm.obj (.text:PWMPulseWidthSet)
                  00002048    0000001c     OrbitOLEDInterface.obj (.text:OLEDInitialise)
                  00002064    0000001c     driverlib.lib : systick.obj (.text:SysTickIntRegister)
                  00002080    00000018                   : adc.obj (.text:ADCIntRegister)
                  00002098    00000018                   : adc.obj (.text:ADCProcessorTrigger)
                  000020b0    00000018                   : gpio.obj (.text:GPIOPinTypeGPIOOutput)
                  000020c8    00000018     OrbitOled.obj (.text:OrbitOledClearBuffer)
                  000020e0    00000018     rtsv7M4_T_le_v4SPD16_eabi.lib : args_main.obj (.text)
                  000020f8    00000016     driverlib.lib : gpio.obj (.text:GPIOPinTypePWM)
                  0000210e    00000016                   : gpio.obj (.text:GPIOPinTypeSSI)
                  00002124    00000014     OrbitOled.obj (.text:OrbitOledInit)
                  00002138    00000014     driverlib.lib : sysctl.obj (.text:SysCtlPWMClockSet)
                  0000214c    00000014                   : systick.obj (.text:SysTickEnable)
                  00002160    00000014                   : systick.obj (.text:SysTickIntEnable)
                  00002174    00000014     main.obj (.text:initClock)
                  00002188    00000014     main.obj (.text:initialisations)
                  0000219c    00000014     rtsv7M4_T_le_v4SPD16_eabi.lib : _lock.obj (.text)
                  000021b0    00000012     driverlib.lib : pwm.obj (.text:PWMOutputState)
                  000021c2    00000010                   : adc.obj (.text:ADCIntEnable)
                  000021d2    00000010                   : interrupt.obj (.text:IntMasterEnable)
                  000021e2    00000010     OrbitOledGrph.obj (.text:OrbitOledClampXco)
                  000021f2    00000010     OrbitOledGrph.obj (.text:OrbitOledClampYco)
                  00002202    00000010     driverlib.lib : pwm.obj (.text:PWMGenPeriodSet)
                  00002212    00000002     rtsv7M4_T_le_v4SPD16_eabi.lib : startup.obj (.text)
                  00002214    00000010     driverlib.lib : systick.obj (.text:SysTickPeriodSet)
                  00002224    0000000e                   : adc.obj (.text:ADCSequenceEnable)
                  00002232    0000000e     OrbitOledGrph.obj (.text:OrbitOledRopSet)
                  00002240    0000000e     driverlib.lib : timer.obj (.text:TimerEnable)
                  0000224e    0000000e     rtsv7M4_T_le_v4SPD16_eabi.lib : copy_decompress_none.obj (.text:decompress:none)
                  0000225c    0000000c     driverlib.lib : cpu.obj (.text:CPUcpsie)
                  00002268    0000000c     OrbitOled.obj (.text:OrbitOledClear)
                  00002274    0000000c     driverlib.lib : pwm.obj (.text:PWMGenEnable)
                  00002280    0000000c                   : ssi.obj (.text:SSIDataGet)
                  0000228c    0000000c     main.obj (.text:SysTickIntHandler)
                  00002298    0000000c     rtsv7M4_T_le_v4SPD16_eabi.lib : copy_zero_init.obj (.text:decompress:ZI)
                  000022a4    0000000a     driverlib.lib : adc.obj (.text:ADCIntClear)
                  000022ae    0000000a                   : ssi.obj (.text:SSIDataPut)
                  000022b8    0000000a                   : ssi.obj (.text:SSIEnable)
                  000022c2    0000000a                   : timer.obj (.text:TimerValueGet)
                  000022cc    00000008     OrbitOledGrph.obj (.text:OrbitOledRopAnd)
                  000022d4    00000008     OrbitOledGrph.obj (.text:OrbitOledRopOr)
                  000022dc    00000008     OrbitOledGrph.obj (.text:OrbitOledRopXor)
                  000022e4    00000008     driverlib.lib : ssi.obj (.text:SSIBusy)
                  000022ec    00000006                   : gpio.obj (.text:GPIOPinWrite)
                  000022f2    00000006     tm4c123gh6pm_startup_ccs.obj (.text:ResetISR)
                  000022f8    00000006     driverlib.lib : ssi.obj (.text:SSIClockSourceSet)
                  000022fe    00000006                   : sysctl.obj (.text:SysCtlDelay)
                  00002304    00000004     rtsv7M4_T_le_v4SPD16_eabi.lib : pre_init.obj (.text)

.const     0    00002308    00000464     
                  00002308    00000300     ChrFont0.obj (.const:.string:rgbOledFont0)
                  00002608    00000090     driverlib.lib : gpio.obj (.const:g_pui32GPIOBaseAddrs)
                  00002698    0000006c                   : sysctl.obj (.const:g_pui32Xtals)
                  00002704    00000040     FillPat.obj (.const:.string:rgbFillPat)
                  00002744    00000014     driverlib.lib : interrupt.obj (.const:g_pui32Dii16Regs)
                  00002758    00000014                   : interrupt.obj (.const:g_pui32EnRegs)

.cinit     0    00002770    00000048     
                  00002770    00000013     (.cinit..data.load) [load image, compression = lzss]
                  00002783    00000001     --HOLE-- [fill = 0]
                  00002784    0000000c     (__TI_handler_table)
                  00002790    00000008     (.cinit..bss.load) [load image, compression = zero_init]
                  00002798    00000008     (.cinit..vtable.load) [load image, compression = zero_init]
                  000027a0    00000018     (__TI_cinit_table)

.init_array 
*          0    00000000    00000000     UNINITIALIZED

.vtable    0    20000000    0000026c     UNINITIALIZED
                  20000000    0000026c     driverlib.lib : interrupt.obj (.vtable)

.bss       0    2000026c    00000745     UNINITIALIZED
                  2000026c    00000400     main.obj (.bss:N_ADC_samples)
                  2000066c    00000200     (.common:rgbOledBmp)
                  2000086c    00000100     (.common:rgbOledFontUser)
                  2000096c    00000004     main.obj (.bss:singleADCSample)
                  20000970    00000004     (.common:bnOledCur)
                  20000974    00000004     (.common:dxcoOledFontCur)
                  20000978    00000004     (.common:dycoOledFontCur)
                  2000097c    00000004     (.common:fOledCharUpdate)
                  20000980    00000004     (.common:modOledCur)
                  20000984    00000004     (.common:pbOledCur)
                  20000988    00000004     (.common:pbOledFontCur)
                  2000098c    00000004     (.common:pbOledFontUser)
                  20000990    00000004     (.common:pbOledPatCur)
                  20000994    00000004     (.common:pfnDoRop)
                  20000998    00000004     (.common:xchOledCur)
                  2000099c    00000004     (.common:xchOledMax)
                  200009a0    00000004     (.common:xcoOledCur)
                  200009a4    00000004     (.common:ychOledCur)
                  200009a8    00000004     (.common:ychOledMax)
                  200009ac    00000004     (.common:ycoOledCur)
                  200009b0    00000001     (.common:clrOledCur)

.stack     0    200009b4    00000200     UNINITIALIZED
                  200009b4    00000200     --HOLE--

.data      0    20000bb4    00000024     UNINITIALIZED
                  20000bb4    0000000c     rtsv7M4_T_le_v4SPD16_eabi.lib : exit.obj (.data:$O1$$)
                  20000bc0    00000008                                   : _lock.obj (.data:$O1$$)
                  20000bc8    00000008     main.obj (.data)
                  20000bd0    00000004     rtsv7M4_T_le_v4SPD16_eabi.lib : errno.obj (.data)
                  20000bd4    00000004                                   : stkdepth_vars.obj (.data)

MODULE SUMMARY

       Module                         code   ro data   rw data
       ------                         ----   -------   -------
    .\
       main.obj                       356    0         1036   
       pwm.obj                        1208   0         0      
       tm4c123gh6pm_startup_ccs.obj   12     620       0      
    +--+------------------------------+------+---------+---------+
       Total:                         1576   620       1036   
                                                              
    .\OrbitOLED\
       OrbitOLEDInterface.obj         28     0         0      
    +--+------------------------------+------+---------+---------+
       Total:                         28     0         0      
                                                              
    .\OrbitOLED\lib_OrbitOled\
       OrbitOled.obj                  820    0         553    
       ChrFont0.obj                   0      768       0      
       OrbitOledChar.obj              76     0         272    
       OrbitOledGrph.obj              210    0         8      
       delay.obj                      80     0         0      
       FillPat.obj                    0      64        0      
    +--+------------------------------+------+---------+---------+
       Total:                         1186   832       833    
                                                              
    C:/ti/TivaWare_C_Series-2.1.4.178/driverlib/ccs/Debug/driverlib.lib
       interrupt.obj                  376    40        620    
       sysctl.obj                     674    108       0      
       gpio.obj                       500    144       0      
       adc.obj                        400    0         0      
       timer.obj                      120    0         0      
       pwm.obj                        110    0         0      
       ssi.obj                        106    0         0      
       systick.obj                    84     0         0      
       cpu.obj                        12     0         0      
    +--+------------------------------+------+---------+---------+
       Total:                         2382   292       620    
                                                              
    C:\ti\ccsv7\tools\compiler\ti-cgt-arm_16.9.6.LTS\lib\rtsv7M4_T_le_v4SPD16_eabi.lib
       e_log10.obj                    760    0         0      
       fd_add_t2.obj                  438    0         0      
       fd_div_t2.obj                  310    0         0      
       fd_mul_t2.obj                  252    0         0      
       s_ceil.obj                     248    0         0      
       memcpy_t2.obj                  156    0         0      
       fd_cmp_t2.obj                  134    0         0      
       memset_t2.obj                  122    0         0      
       autoinit.obj                   112    0         0      
       copy_decompress_lzss.obj       104    0         0      
       exit.obj                       84     0         12     
       boot.obj                       84     0         0      
       cpy_tbl.obj                    76     0         0      
       fd_toi_t2.obj                  72     0         0      
       fd_tou_t2.obj                  68     0         0      
       i_tofd_t2.obj                  46     0         0      
       u_tofd_t2.obj                  32     0         0      
       _lock.obj                      20     0         8      
       args_main.obj                  24     0         0      
       copy_decompress_none.obj       14     0         0      
       copy_zero_init.obj             12     0         0      
       errno.obj                      0      0         4      
       pre_init.obj                   4      0         0      
       stkdepth_vars.obj              0      0         4      
       mpu_init.obj                   2      0         0      
       startup.obj                    2      0         0      
    +--+------------------------------+------+---------+---------+
       Total:                         3176   0         28     
                                                              
       Stack:                         0      0         512    
       Linker Generated:              0      71        0      
    +--+------------------------------+------+---------+---------+
       Grand Total:                   8348   1815      3029   


LINKER GENERATED COPY TABLES

__TI_cinit_table @ 000027a0 records: 3, size/record: 8, table size: 24
	.data: load addr=00002770, load size=00000013 bytes, run addr=20000bb4, run size=00000024 bytes, compression=lzss
	.bss: load addr=00002790, load size=00000008 bytes, run addr=2000026c, run size=00000745 bytes, compression=zero_init
	.vtable: load addr=00002798, load size=00000008 bytes, run addr=20000000, run size=0000026c bytes, compression=zero_init


LINKER GENERATED HANDLER TABLE

__TI_handler_table @ 00002784 records: 3, size/record: 4, table size: 12
	index: 0, handler: __TI_zero_init
	index: 1, handler: __TI_decompress_lzss
	index: 2, handler: __TI_decompress_none


GLOBAL SYMBOLS: SORTED ALPHABETICALLY BY Name 

address   name                           
-------   ----                           
000022a5  ADCIntClear                    
000021c3  ADCIntEnable                   
00001929  ADCIntHandler                  
00002081  ADCIntRegister                 
00002099  ADCProcessorTrigger            
00001a81  ADCSequenceConfigure           
0000200d  ADCSequenceDataGet             
00002225  ADCSequenceEnable              
0000155d  ADCSequenceStepConfigure       
00001a2d  C$$EXIT                        
0000225d  CPUcpsie                       
00001f85  DelayInit                      
00001f2d  DelayMs                        
00001f59  GPIODirModeSet                 
00000a35  GPIOPadConfigSet               
00001c11  GPIOPinConfigure               
000020b1  GPIOPinTypeGPIOOutput          
000020f9  GPIOPinTypePWM                 
0000210f  GPIOPinTypeSSI                 
000022ed  GPIOPinWrite                   
0000172d  IntDisable                     
00001795  IntEnable                      
00001865  IntIsEnabled                   
000021d3  IntMasterEnable                
00001e95  IntRegister                    
00002049  OLEDInitialise                 
000021e3  OrbitOledClampXco              
000021f3  OrbitOledClampYco              
00002269  OrbitOledClear                 
000020c9  OrbitOledClearBuffer           
000013c1  OrbitOledDevInit               
000014d9  OrbitOledDvrInit               
00001085  OrbitOledHostInit              
00002125  OrbitOledInit                  
00001d41  OrbitOledMoveTo                
00001981  OrbitOledPutBuffer             
000022cd  OrbitOledRopAnd                
000022d5  OrbitOledRopOr                 
00002233  OrbitOledRopSet                
000022dd  OrbitOledRopXor                
00001c5d  OrbitOledSetCursor             
00001dd1  OrbitOledSetDrawMode           
00001ad1  OrbitOledUpdate                
00001fa9  PWMGenConfigure                
00002275  PWMGenEnable                   
00002203  PWMGenPeriodSet                
000021b1  PWMOutputState                 
0000202b  PWMPulseWidthSet               
000022f3  ResetISR                       
UNDEFED   SHT$$INIT_ARRAY$$Base          
UNDEFED   SHT$$INIT_ARRAY$$Limit         
000022e5  SSIBusy                        
000022f9  SSIClockSourceSet              
00001e59  SSIConfigSetExpClk             
00002281  SSIDataGet                     
000022af  SSIDataPut                     
000022b9  SSIEnable                      
00001b21  Ssi3PutByte                    
00000c8d  SysCtlClockGet                 
00000f91  SysCtlClockSet                 
000022ff  SysCtlDelay                    
00002139  SysCtlPWMClockSet              
00001ec9  SysCtlPeripheralEnable         
00001b71  SysCtlPeripheralReset          
0000214d  SysTickEnable                  
00002161  SysTickIntEnable               
0000228d  SysTickIntHandler              
00002065  SysTickIntRegister             
00002215  SysTickPeriodSet               
000018c9  TimerConfigure                 
00002241  TimerEnable                    
000022c3  TimerValueGet                  
20000bb4  __STACK_END                    
00000200  __STACK_SIZE                   
20000bb4  __STACK_TOP                    
000027a0  __TI_CINIT_Base                
000027b8  __TI_CINIT_Limit               
00002784  __TI_Handler_Table_Base        
00002790  __TI_Handler_Table_Limit       
00001651  __TI_auto_init                 
20000bb4  __TI_cleanup_ptr               
000017fd  __TI_decompress_lzss           
0000224f  __TI_decompress_none           
20000bb8  __TI_dtors_ptr                 
20000bbc  __TI_enable_exit_profile_output
ffffffff  __TI_pprof_out_hndl            
ffffffff  __TI_prof_data_size            
ffffffff  __TI_prof_data_start           
00000000  __TI_static_base__             
00002299  __TI_zero_init                 
00001451  __aeabi_cdrcmple               
00001d89  __aeabi_d2iz                   
00001e15  __aeabi_d2uiz                  
00000753  __aeabi_dadd                   
000008ff  __aeabi_ddiv                   
00000d9d  __aeabi_dmul                   
00000749  __aeabi_dsub                   
00001efd  __aeabi_i2d                    
000015d7  __aeabi_memclr                 
000015d7  __aeabi_memclr4                
000015d7  __aeabi_memclr8                
00001325  __aeabi_memcpy                 
00001325  __aeabi_memcpy4                
00001325  __aeabi_memcpy8                
000015d9  __aeabi_memset                 
000015d9  __aeabi_memset4                
000015d9  __aeabi_memset8                
00001fed  __aeabi_ui2d                   
ffffffff  __binit__                      
ffffffff  __c_args__                     
00001fcb  __mpu_init                     
200009b4  __stack                        
000020e1  _args_main                     
000019d9  _c_int00                       
20000bc0  _lock                          
000021ab  _nop                           
000021a3  _register_lock                 
0000219d  _register_unlock               
00002213  _system_post_cinit             
00002305  _system_pre_init               
20000bc4  _unlock                        
00001a31  abort                          
ffffffff  binit                          
20000970  bnOledCur                      
00000e99  ceil                           
00000e99  ceill                          
200009b0  clrOledCur                     
00001cf5  copy_in                        
00000565  decode                         
20000974  dxcoOledFontCur                
20000978  dycoOledFontCur                
20000bd0  errno                          
00001a39  exit                           
2000097c  fOledCharUpdate                
20000000  g_pfnRAMVectors                
00000000  g_pfnVectors                   
00001ca9  initADC                        
00002175  initClock                      
00001fcd  initSysTickClock               
00002189  initialisations                
00000b69  linear                         
0000026d  log10                          
0000026d  log10l                         
000016c1  main                           
20000bd4  main_func_sp                   
00001325  memcpy                         
000015df  memset                         
20000980  modOledCur                     
20000bcc  numSamples                     
20000984  pbOledCur                      
20000988  pbOledFontCur                  
2000098c  pbOledFontUser                 
20000990  pbOledPatCur                   
20000994  pfnDoRop                       
00001175  pwmInit                        
00002704  rgbFillPat                     
2000066c  rgbOledBmp                     
00002308  rgbOledFont0                   
2000086c  rgbOledFontUser                
0000125d  setDutyCycles                  
20000998  xchOledCur                     
2000099c  xchOledMax                     
200009a0  xcoOledCur                     
200009a4  ychOledCur                     
200009a8  ychOledMax                     
200009ac  ycoOledCur                     


GLOBAL SYMBOLS: SORTED BY Symbol Address 

address   name                           
-------   ----                           
00000000  __TI_static_base__             
00000000  g_pfnVectors                   
00000200  __STACK_SIZE                   
0000026d  log10                          
0000026d  log10l                         
00000565  decode                         
00000749  __aeabi_dsub                   
00000753  __aeabi_dadd                   
000008ff  __aeabi_ddiv                   
00000a35  GPIOPadConfigSet               
00000b69  linear                         
00000c8d  SysCtlClockGet                 
00000d9d  __aeabi_dmul                   
00000e99  ceil                           
00000e99  ceill                          
00000f91  SysCtlClockSet                 
00001085  OrbitOledHostInit              
00001175  pwmInit                        
0000125d  setDutyCycles                  
00001325  __aeabi_memcpy                 
00001325  __aeabi_memcpy4                
00001325  __aeabi_memcpy8                
00001325  memcpy                         
000013c1  OrbitOledDevInit               
00001451  __aeabi_cdrcmple               
000014d9  OrbitOledDvrInit               
0000155d  ADCSequenceStepConfigure       
000015d7  __aeabi_memclr                 
000015d7  __aeabi_memclr4                
000015d7  __aeabi_memclr8                
000015d9  __aeabi_memset                 
000015d9  __aeabi_memset4                
000015d9  __aeabi_memset8                
000015df  memset                         
00001651  __TI_auto_init                 
000016c1  main                           
0000172d  IntDisable                     
00001795  IntEnable                      
000017fd  __TI_decompress_lzss           
00001865  IntIsEnabled                   
000018c9  TimerConfigure                 
00001929  ADCIntHandler                  
00001981  OrbitOledPutBuffer             
000019d9  _c_int00                       
00001a2d  C$$EXIT                        
00001a31  abort                          
00001a39  exit                           
00001a81  ADCSequenceConfigure           
00001ad1  OrbitOledUpdate                
00001b21  Ssi3PutByte                    
00001b71  SysCtlPeripheralReset          
00001c11  GPIOPinConfigure               
00001c5d  OrbitOledSetCursor             
00001ca9  initADC                        
00001cf5  copy_in                        
00001d41  OrbitOledMoveTo                
00001d89  __aeabi_d2iz                   
00001dd1  OrbitOledSetDrawMode           
00001e15  __aeabi_d2uiz                  
00001e59  SSIConfigSetExpClk             
00001e95  IntRegister                    
00001ec9  SysCtlPeripheralEnable         
00001efd  __aeabi_i2d                    
00001f2d  DelayMs                        
00001f59  GPIODirModeSet                 
00001f85  DelayInit                      
00001fa9  PWMGenConfigure                
00001fcb  __mpu_init                     
00001fcd  initSysTickClock               
00001fed  __aeabi_ui2d                   
0000200d  ADCSequenceDataGet             
0000202b  PWMPulseWidthSet               
00002049  OLEDInitialise                 
00002065  SysTickIntRegister             
00002081  ADCIntRegister                 
00002099  ADCProcessorTrigger            
000020b1  GPIOPinTypeGPIOOutput          
000020c9  OrbitOledClearBuffer           
000020e1  _args_main                     
000020f9  GPIOPinTypePWM                 
0000210f  GPIOPinTypeSSI                 
00002125  OrbitOledInit                  
00002139  SysCtlPWMClockSet              
0000214d  SysTickEnable                  
00002161  SysTickIntEnable               
00002175  initClock                      
00002189  initialisations                
0000219d  _register_unlock               
000021a3  _register_lock                 
000021ab  _nop                           
000021b1  PWMOutputState                 
000021c3  ADCIntEnable                   
000021d3  IntMasterEnable                
000021e3  OrbitOledClampXco              
000021f3  OrbitOledClampYco              
00002203  PWMGenPeriodSet                
00002213  _system_post_cinit             
00002215  SysTickPeriodSet               
00002225  ADCSequenceEnable              
00002233  OrbitOledRopSet                
00002241  TimerEnable                    
0000224f  __TI_decompress_none           
0000225d  CPUcpsie                       
00002269  OrbitOledClear                 
00002275  PWMGenEnable                   
00002281  SSIDataGet                     
0000228d  SysTickIntHandler              
00002299  __TI_zero_init                 
000022a5  ADCIntClear                    
000022af  SSIDataPut                     
000022b9  SSIEnable                      
000022c3  TimerValueGet                  
000022cd  OrbitOledRopAnd                
000022d5  OrbitOledRopOr                 
000022dd  OrbitOledRopXor                
000022e5  SSIBusy                        
000022ed  GPIOPinWrite                   
000022f3  ResetISR                       
000022f9  SSIClockSourceSet              
000022ff  SysCtlDelay                    
00002305  _system_pre_init               
00002308  rgbOledFont0                   
00002704  rgbFillPat                     
00002784  __TI_Handler_Table_Base        
00002790  __TI_Handler_Table_Limit       
000027a0  __TI_CINIT_Base                
000027b8  __TI_CINIT_Limit               
20000000  g_pfnRAMVectors                
2000066c  rgbOledBmp                     
2000086c  rgbOledFontUser                
20000970  bnOledCur                      
20000974  dxcoOledFontCur                
20000978  dycoOledFontCur                
2000097c  fOledCharUpdate                
20000980  modOledCur                     
20000984  pbOledCur                      
20000988  pbOledFontCur                  
2000098c  pbOledFontUser                 
20000990  pbOledPatCur                   
20000994  pfnDoRop                       
20000998  xchOledCur                     
2000099c  xchOledMax                     
200009a0  xcoOledCur                     
200009a4  ychOledCur                     
200009a8  ychOledMax                     
200009ac  ycoOledCur                     
200009b0  clrOledCur                     
200009b4  __stack                        
20000bb4  __STACK_END                    
20000bb4  __STACK_TOP                    
20000bb4  __TI_cleanup_ptr               
20000bb8  __TI_dtors_ptr                 
20000bbc  __TI_enable_exit_profile_output
20000bc0  _lock                          
20000bc4  _unlock                        
20000bcc  numSamples                     
20000bd0  errno                          
20000bd4  main_func_sp                   
ffffffff  __TI_pprof_out_hndl            
ffffffff  __TI_prof_data_size            
ffffffff  __TI_prof_data_start           
ffffffff  __binit__                      
ffffffff  __c_args__                     
ffffffff  binit                          
UNDEFED   SHT$$INIT_ARRAY$$Base          
UNDEFED   SHT$$INIT_ARRAY$$Limit         

[166 symbols]
