<?xml version="1.0"?>
<link_info>
   <banner>TI ARM Linker PC v16.9.6.LTS</banner>
   <copyright>Copyright (c) 1996-2017 Texas Instruments Incorporated</copyright>
   <link_time>0x5c08aa92</link_time>
   <link_errors>0x0</link_errors>
   <output_file>vivid_smart_lamp.out</output_file>
   <entry_point>
      <name>_c_int00</name>
      <address>0x1d61</address>
   </entry_point>
   <input_file_list>
      <input_file id="fl-2">
         <path>.\</path>
         <kind>object</kind>
         <file>main.obj</file>
         <name>main.obj</name>
      </input_file>
      <input_file id="fl-3">
         <path>.\</path>
         <kind>object</kind>
         <file>tm4c123gh6pm_startup_ccs.obj</file>
         <name>tm4c123gh6pm_startup_ccs.obj</name>
      </input_file>
      <input_file id="fl-4">
         <path>.\</path>
         <kind>object</kind>
         <file>ustdlib.obj</file>
         <name>ustdlib.obj</name>
      </input_file>
      <input_file id="fl-5">
         <path>.\OrbitOLED\</path>
         <kind>object</kind>
         <file>OrbitOLEDInterface.obj</file>
         <name>OrbitOLEDInterface.obj</name>
      </input_file>
      <input_file id="fl-6">
         <path>.\OrbitOLED\lib_OrbitOled\</path>
         <kind>object</kind>
         <file>ChrFont0.obj</file>
         <name>ChrFont0.obj</name>
      </input_file>
      <input_file id="fl-7">
         <path>.\OrbitOLED\lib_OrbitOled\</path>
         <kind>object</kind>
         <file>FillPat.obj</file>
         <name>FillPat.obj</name>
      </input_file>
      <input_file id="fl-8">
         <path>.\OrbitOLED\lib_OrbitOled\</path>
         <kind>object</kind>
         <file>OrbitOled.obj</file>
         <name>OrbitOled.obj</name>
      </input_file>
      <input_file id="fl-9">
         <path>.\OrbitOLED\lib_OrbitOled\</path>
         <kind>object</kind>
         <file>OrbitOledChar.obj</file>
         <name>OrbitOledChar.obj</name>
      </input_file>
      <input_file id="fl-a">
         <path>.\OrbitOLED\lib_OrbitOled\</path>
         <kind>object</kind>
         <file>OrbitOledGrph.obj</file>
         <name>OrbitOledGrph.obj</name>
      </input_file>
      <input_file id="fl-b">
         <path>.\OrbitOLED\lib_OrbitOled\</path>
         <kind>object</kind>
         <file>delay.obj</file>
         <name>delay.obj</name>
      </input_file>
      <input_file id="fl-11">
         <kind>object</kind>
         <file>&lt;internal&gt;</file>
         <name>&lt;internal&gt;</name>
      </input_file>
      <input_file id="fl-c7">
         <path>C:\ti\ccsv7\tools\compiler\ti-cgt-arm_16.9.6.LTS\lib\</path>
         <kind>archive</kind>
         <file>rtsv7M4_T_le_v4SPD16_eabi.lib</file>
         <name>boot.obj</name>
      </input_file>
      <input_file id="fl-c8">
         <path>C:\ti\ccsv7\tools\compiler\ti-cgt-arm_16.9.6.LTS\lib\</path>
         <kind>archive</kind>
         <file>rtsv7M4_T_le_v4SPD16_eabi.lib</file>
         <name>copy_decompress_lzss.obj</name>
      </input_file>
      <input_file id="fl-c9">
         <path>C:\ti\ccsv7\tools\compiler\ti-cgt-arm_16.9.6.LTS\lib\</path>
         <kind>archive</kind>
         <file>rtsv7M4_T_le_v4SPD16_eabi.lib</file>
         <name>copy_decompress_none.obj</name>
      </input_file>
      <input_file id="fl-ca">
         <path>C:\ti\ccsv7\tools\compiler\ti-cgt-arm_16.9.6.LTS\lib\</path>
         <kind>archive</kind>
         <file>rtsv7M4_T_le_v4SPD16_eabi.lib</file>
         <name>copy_zero_init.obj</name>
      </input_file>
      <input_file id="fl-cb">
         <path>C:\ti\ccsv7\tools\compiler\ti-cgt-arm_16.9.6.LTS\lib\</path>
         <kind>archive</kind>
         <file>rtsv7M4_T_le_v4SPD16_eabi.lib</file>
         <name>exit.obj</name>
      </input_file>
      <input_file id="fl-cc">
         <path>C:\ti\ccsv7\tools\compiler\ti-cgt-arm_16.9.6.LTS\lib\</path>
         <kind>archive</kind>
         <file>rtsv7M4_T_le_v4SPD16_eabi.lib</file>
         <name>memcpy_t2.obj</name>
      </input_file>
      <input_file id="fl-cd">
         <path>C:\ti\ccsv7\tools\compiler\ti-cgt-arm_16.9.6.LTS\lib\</path>
         <kind>archive</kind>
         <file>rtsv7M4_T_le_v4SPD16_eabi.lib</file>
         <name>memset_t2.obj</name>
      </input_file>
      <input_file id="fl-ce">
         <path>C:\ti\ccsv7\tools\compiler\ti-cgt-arm_16.9.6.LTS\lib\</path>
         <kind>archive</kind>
         <file>rtsv7M4_T_le_v4SPD16_eabi.lib</file>
         <name>mpu_init.obj</name>
      </input_file>
      <input_file id="fl-cf">
         <path>C:\ti\ccsv7\tools\compiler\ti-cgt-arm_16.9.6.LTS\lib\</path>
         <kind>archive</kind>
         <file>rtsv7M4_T_le_v4SPD16_eabi.lib</file>
         <name>pre_init.obj</name>
      </input_file>
      <input_file id="fl-d0">
         <path>C:\ti\ccsv7\tools\compiler\ti-cgt-arm_16.9.6.LTS\lib\</path>
         <kind>archive</kind>
         <file>rtsv7M4_T_le_v4SPD16_eabi.lib</file>
         <name>stkdepth_vars.obj</name>
      </input_file>
      <input_file id="fl-d1">
         <path>C:\ti\ccsv7\tools\compiler\ti-cgt-arm_16.9.6.LTS\lib\</path>
         <kind>archive</kind>
         <file>rtsv7M4_T_le_v4SPD16_eabi.lib</file>
         <name>u_divt2.obj</name>
      </input_file>
      <input_file id="fl-d2">
         <path>C:\ti\ccsv7\tools\compiler\ti-cgt-arm_16.9.6.LTS\lib\</path>
         <kind>archive</kind>
         <file>rtsv7M4_T_le_v4SPD16_eabi.lib</file>
         <name>_lock.obj</name>
      </input_file>
      <input_file id="fl-d3">
         <path>C:\ti\ccsv7\tools\compiler\ti-cgt-arm_16.9.6.LTS\lib\</path>
         <kind>archive</kind>
         <file>rtsv7M4_T_le_v4SPD16_eabi.lib</file>
         <name>args_main.obj</name>
      </input_file>
      <input_file id="fl-d4">
         <path>C:\ti\ccsv7\tools\compiler\ti-cgt-arm_16.9.6.LTS\lib\</path>
         <kind>archive</kind>
         <file>rtsv7M4_T_le_v4SPD16_eabi.lib</file>
         <name>autoinit.obj</name>
      </input_file>
      <input_file id="fl-d5">
         <path>C:\ti\ccsv7\tools\compiler\ti-cgt-arm_16.9.6.LTS\lib\</path>
         <kind>archive</kind>
         <file>rtsv7M4_T_le_v4SPD16_eabi.lib</file>
         <name>cpy_tbl.obj</name>
      </input_file>
      <input_file id="fl-d6">
         <path>C:\ti\ccsv7\tools\compiler\ti-cgt-arm_16.9.6.LTS\lib\</path>
         <kind>archive</kind>
         <file>rtsv7M4_T_le_v4SPD16_eabi.lib</file>
         <name>i_div0.obj</name>
      </input_file>
      <input_file id="fl-d7">
         <path>C:\ti\ccsv7\tools\compiler\ti-cgt-arm_16.9.6.LTS\lib\</path>
         <kind>archive</kind>
         <file>rtsv7M4_T_le_v4SPD16_eabi.lib</file>
         <name>startup.obj</name>
      </input_file>
      <input_file id="fl-d8">
         <path>C:\Users\Gabriel\workspace_v7\dsplib-cm4f\Debug\</path>
         <kind>archive</kind>
         <file>dsplib-cm4f.lib</file>
         <name>arm_const_structs.obj</name>
      </input_file>
      <input_file id="fl-d9">
         <path>C:\Users\Gabriel\workspace_v7\dsplib-cm4f\Debug\</path>
         <kind>archive</kind>
         <file>dsplib-cm4f.lib</file>
         <name>arm_cmplx_mag_f32.obj</name>
      </input_file>
      <input_file id="fl-da">
         <path>C:\Users\Gabriel\workspace_v7\dsplib-cm4f\Debug\</path>
         <kind>archive</kind>
         <file>dsplib-cm4f.lib</file>
         <name>arm_cfft_f32.obj</name>
      </input_file>
      <input_file id="fl-db">
         <path>C:\Users\Gabriel\workspace_v7\dsplib-cm4f\Debug\</path>
         <kind>archive</kind>
         <file>dsplib-cm4f.lib</file>
         <name>arm_cfft_radix8_f32.obj</name>
      </input_file>
      <input_file id="fl-dc">
         <path>C:\Users\Gabriel\workspace_v7\dsplib-cm4f\Debug\</path>
         <kind>archive</kind>
         <file>dsplib-cm4f.lib</file>
         <name>arm_rfft_init_q15.obj</name>
      </input_file>
      <input_file id="fl-dd">
         <path>C:\Users\Gabriel\workspace_v7\dsplib-cm4f\Debug\</path>
         <kind>archive</kind>
         <file>dsplib-cm4f.lib</file>
         <name>arm_rfft_init_q31.obj</name>
      </input_file>
      <input_file id="fl-de">
         <path>C:\Users\Gabriel\workspace_v7\dsplib-cm4f\Debug\</path>
         <kind>archive</kind>
         <file>dsplib-cm4f.lib</file>
         <name>arm_common_tables.obj</name>
      </input_file>
      <input_file id="fl-df">
         <path>C:\ti\TivaWare_C_Series-2.1.4.178\driverlib\ccs\Debug\</path>
         <kind>archive</kind>
         <file>driverlib.lib</file>
         <name>adc.obj</name>
      </input_file>
      <input_file id="fl-e0">
         <path>C:\ti\TivaWare_C_Series-2.1.4.178\driverlib\ccs\Debug\</path>
         <kind>archive</kind>
         <file>driverlib.lib</file>
         <name>gpio.obj</name>
      </input_file>
      <input_file id="fl-e1">
         <path>C:\ti\TivaWare_C_Series-2.1.4.178\driverlib\ccs\Debug\</path>
         <kind>archive</kind>
         <file>driverlib.lib</file>
         <name>interrupt.obj</name>
      </input_file>
      <input_file id="fl-e2">
         <path>C:\ti\TivaWare_C_Series-2.1.4.178\driverlib\ccs\Debug\</path>
         <kind>archive</kind>
         <file>driverlib.lib</file>
         <name>ssi.obj</name>
      </input_file>
      <input_file id="fl-e3">
         <path>C:\ti\TivaWare_C_Series-2.1.4.178\driverlib\ccs\Debug\</path>
         <kind>archive</kind>
         <file>driverlib.lib</file>
         <name>sysctl.obj</name>
      </input_file>
      <input_file id="fl-e4">
         <path>C:\ti\TivaWare_C_Series-2.1.4.178\driverlib\ccs\Debug\</path>
         <kind>archive</kind>
         <file>driverlib.lib</file>
         <name>systick.obj</name>
      </input_file>
      <input_file id="fl-e5">
         <path>C:\ti\TivaWare_C_Series-2.1.4.178\driverlib\ccs\Debug\</path>
         <kind>archive</kind>
         <file>driverlib.lib</file>
         <name>timer.obj</name>
      </input_file>
      <input_file id="fl-e6">
         <path>C:\ti\TivaWare_C_Series-2.1.4.178\driverlib\ccs\Debug\</path>
         <kind>archive</kind>
         <file>driverlib.lib</file>
         <name>cpu.obj</name>
      </input_file>
      <input_file id="fl-e7">
         <path>C:\ti\ccsv7\tools\compiler\ti-cgt-arm_16.9.6.LTS\lib\</path>
         <kind>archive</kind>
         <file>rtsv7M4_T_le_v4SPD16_eabi.lib</file>
         <name>e_sqrtf.obj</name>
      </input_file>
      <input_file id="fl-e8">
         <path>C:\ti\ccsv7\tools\compiler\ti-cgt-arm_16.9.6.LTS\lib\</path>
         <kind>archive</kind>
         <file>rtsv7M4_T_le_v4SPD16_eabi.lib</file>
         <name>errno.obj</name>
      </input_file>
   </input_file_list>
   <object_component_list>
      <object_component id="oc-f">
         <name>.intvecs</name>
         <load_address>0x0</load_address>
         <run_address>0x0</run_address>
         <size>0x26c</size>
         <input_file_ref idref="fl-3"/>
      </object_component>
      <object_component id="oc-1c5">
         <name>.text:arm_radix8_butterfly_f32</name>
         <load_address>0x26c</load_address>
         <run_address>0x26c</run_address>
         <size>0x66e</size>
         <input_file_ref idref="fl-db"/>
      </object_component>
      <object_component id="oc-1cb">
         <name>.text:arm_cfft_radix8by4_f32</name>
         <load_address>0x8da</load_address>
         <run_address>0x8da</run_address>
         <size>0x462</size>
         <input_file_ref idref="fl-da"/>
      </object_component>
      <object_component id="oc-1e8">
         <name>.text:uvsnprintf</name>
         <load_address>0xd3c</load_address>
         <run_address>0xd3c</run_address>
         <size>0x251</size>
         <input_file_ref idref="fl-4"/>
      </object_component>
      <object_component id="oc-1d1">
         <name>.text:arm_cfft_radix8by2_f32</name>
         <load_address>0xf8e</load_address>
         <run_address>0xf8e</run_address>
         <size>0x184</size>
         <input_file_ref idref="fl-da"/>
      </object_component>
      <object_component id="oc-388">
         <name>.text:GPIOPadConfigSet</name>
         <load_address>0x1112</load_address>
         <run_address>0x1112</run_address>
         <size>0x132</size>
         <input_file_ref idref="fl-e0"/>
      </object_component>
      <object_component id="oc-239">
         <name>.text:SysCtlClockGet</name>
         <load_address>0x1244</load_address>
         <run_address>0x1244</run_address>
         <size>0x110</size>
         <input_file_ref idref="fl-e3"/>
      </object_component>
      <object_component id="oc-212">
         <name>.text:SysCtlClockSet</name>
         <load_address>0x1354</load_address>
         <run_address>0x1354</run_address>
         <size>0xf4</size>
         <input_file_ref idref="fl-e3"/>
      </object_component>
      <object_component id="oc-25b">
         <name>.text:OrbitOledHostInit</name>
         <load_address>0x1448</load_address>
         <run_address>0x1448</run_address>
         <size>0xf0</size>
         <input_file_ref idref="fl-8"/>
      </object_component>
      <object_component id="oc-eb">
         <name>.text:main</name>
         <load_address>0x1538</load_address>
         <run_address>0x1538</run_address>
         <size>0xe0</size>
         <input_file_ref idref="fl-2"/>
      </object_component>
      <object_component id="oc-13c">
         <name>.text:arm_cfft_f32</name>
         <load_address>0x1618</load_address>
         <run_address>0x1618</run_address>
         <size>0xda</size>
         <input_file_ref idref="fl-da"/>
      </object_component>
      <object_component id="oc-5d">
         <name>.text</name>
         <load_address>0x16f2</load_address>
         <run_address>0x16f2</run_address>
         <size>0x9c</size>
         <input_file_ref idref="fl-cc"/>
      </object_component>
      <object_component id="oc-37">
         <name>.text:FaultISR</name>
         <load_address>0x178e</load_address>
         <run_address>0x178e</run_address>
         <size>0x2</size>
         <input_file_ref idref="fl-3"/>
      </object_component>
      <object_component id="oc-267">
         <name>.text:OrbitOledDevInit</name>
         <load_address>0x1790</load_address>
         <run_address>0x1790</run_address>
         <size>0x90</size>
         <input_file_ref idref="fl-8"/>
      </object_component>
      <object_component id="oc-261">
         <name>.text:OrbitOledDvrInit</name>
         <load_address>0x1820</load_address>
         <run_address>0x1820</run_address>
         <size>0x84</size>
         <input_file_ref idref="fl-8"/>
      </object_component>
      <object_component id="oc-220">
         <name>.text:ADCSequenceStepConfigure</name>
         <load_address>0x18a4</load_address>
         <run_address>0x18a4</run_address>
         <size>0x7a</size>
         <input_file_ref idref="fl-df"/>
      </object_component>
      <object_component id="oc-69">
         <name>.text</name>
         <load_address>0x191e</load_address>
         <run_address>0x191e</run_address>
         <size>0x7a</size>
         <input_file_ref idref="fl-cd"/>
      </object_component>
      <object_component id="oc-81">
         <name>.text</name>
         <load_address>0x1998</load_address>
         <run_address>0x1998</run_address>
         <size>0x70</size>
         <input_file_ref idref="fl-d4"/>
      </object_component>
      <object_component id="oc-a8">
         <name>.text:IntDisable</name>
         <load_address>0x1a08</load_address>
         <run_address>0x1a08</run_address>
         <size>0x68</size>
         <input_file_ref idref="fl-e1"/>
      </object_component>
      <object_component id="oc-15a">
         <name>.text:IntEnable</name>
         <load_address>0x1a70</load_address>
         <run_address>0x1a70</run_address>
         <size>0x68</size>
         <input_file_ref idref="fl-e1"/>
      </object_component>
      <object_component id="oc-12">
         <name>.text:decompress:lzss</name>
         <load_address>0x1ad8</load_address>
         <run_address>0x1ad8</run_address>
         <size>0x68</size>
         <input_file_ref idref="fl-c8"/>
      </object_component>
      <object_component id="oc-136">
         <name>.text:IntIsEnabled</name>
         <load_address>0x1b40</load_address>
         <run_address>0x1b40</run_address>
         <size>0x64</size>
         <input_file_ref idref="fl-e1"/>
      </object_component>
      <object_component id="oc-375">
         <name>.text:TimerConfigure</name>
         <load_address>0x1ba4</load_address>
         <run_address>0x1ba4</run_address>
         <size>0x60</size>
         <input_file_ref idref="fl-e5"/>
      </object_component>
      <object_component id="oc-49">
         <name>.text:ADCIntHandler</name>
         <load_address>0x1c04</load_address>
         <run_address>0x1c04</run_address>
         <size>0x58</size>
         <input_file_ref idref="fl-2"/>
      </object_component>
      <object_component id="oc-363">
         <name>.text:OrbitOledPutBuffer</name>
         <load_address>0x1c5c</load_address>
         <run_address>0x1c5c</run_address>
         <size>0x58</size>
         <input_file_ref idref="fl-8"/>
      </object_component>
      <object_component id="oc-142">
         <name>.text:arm_cmplx_mag_f32</name>
         <load_address>0x1cb4</load_address>
         <run_address>0x1cb4</run_address>
         <size>0x58</size>
         <input_file_ref idref="fl-d9"/>
      </object_component>
      <object_component id="oc-2a3">
         <name>.text:OrbitOledDrawGlyph</name>
         <load_address>0x1d0c</load_address>
         <run_address>0x1d0c</run_address>
         <size>0x54</size>
         <input_file_ref idref="fl-9"/>
      </object_component>
      <object_component id="oc-24">
         <name>.text</name>
         <load_address>0x1d60</load_address>
         <run_address>0x1d60</run_address>
         <size>0x54</size>
         <input_file_ref idref="fl-c7"/>
      </object_component>
      <object_component id="oc-8d">
         <name>.text</name>
         <load_address>0x1db4</load_address>
         <run_address>0x1db4</run_address>
         <size>0x54</size>
         <input_file_ref idref="fl-cb"/>
      </object_component>
      <object_component id="oc-21a">
         <name>.text:ADCSequenceConfigure</name>
         <load_address>0x1e08</load_address>
         <run_address>0x1e08</run_address>
         <size>0x50</size>
         <input_file_ref idref="fl-df"/>
      </object_component>
      <object_component id="oc-2af">
         <name>.text:OrbitOledUpdate</name>
         <load_address>0x1e58</load_address>
         <run_address>0x1e58</run_address>
         <size>0x50</size>
         <input_file_ref idref="fl-8"/>
      </object_component>
      <object_component id="oc-32f">
         <name>.text:Ssi3PutByte</name>
         <load_address>0x1ea8</load_address>
         <run_address>0x1ea8</run_address>
         <size>0x50</size>
         <input_file_ref idref="fl-8"/>
      </object_component>
      <object_component id="oc-2c9">
         <name>.text:_ADCIntNumberGet</name>
         <load_address>0x1ef8</load_address>
         <run_address>0x1ef8</run_address>
         <size>0x50</size>
         <input_file_ref idref="fl-df"/>
      </object_component>
      <object_component id="oc-2f2">
         <name>.text:GPIOPinConfigure</name>
         <load_address>0x1f48</load_address>
         <run_address>0x1f48</run_address>
         <size>0x4c</size>
         <input_file_ref idref="fl-e0"/>
      </object_component>
      <object_component id="oc-1f5">
         <name>.text:OrbitOledSetCursor</name>
         <load_address>0x1f94</load_address>
         <run_address>0x1f94</run_address>
         <size>0x4c</size>
         <input_file_ref idref="fl-9"/>
      </object_component>
      <object_component id="oc-1a0">
         <name>.text:initADC</name>
         <load_address>0x1fe0</load_address>
         <run_address>0x1fe0</run_address>
         <size>0x4c</size>
         <input_file_ref idref="fl-2"/>
      </object_component>
      <object_component id="oc-dd">
         <name>.text</name>
         <load_address>0x202c</load_address>
         <run_address>0x202c</run_address>
         <size>0x4c</size>
         <input_file_ref idref="fl-d5"/>
      </object_component>
      <object_component id="oc-292">
         <name>.text:OrbitOledMoveTo</name>
         <load_address>0x2078</load_address>
         <run_address>0x2078</run_address>
         <size>0x48</size>
         <input_file_ref idref="fl-a"/>
      </object_component>
      <object_component id="oc-317">
         <name>.text:OrbitOledSetDrawMode</name>
         <load_address>0x20c0</load_address>
         <run_address>0x20c0</run_address>
         <size>0x44</size>
         <input_file_ref idref="fl-a"/>
      </object_component>
      <object_component id="oc-2a9">
         <name>.text:OrbitOledAdvanceCursor</name>
         <load_address>0x2104</load_address>
         <run_address>0x2104</run_address>
         <size>0x40</size>
         <input_file_ref idref="fl-9"/>
      </object_component>
      <object_component id="oc-28a">
         <name>.text</name>
         <load_address>0x2144</load_address>
         <run_address>0x2144</run_address>
         <size>0x40</size>
         <input_file_ref idref="fl-d1"/>
      </object_component>
      <object_component id="oc-2fe">
         <name>.text:SSIConfigSetExpClk</name>
         <load_address>0x2184</load_address>
         <run_address>0x2184</run_address>
         <size>0x3c</size>
         <input_file_ref idref="fl-e2"/>
      </object_component>
      <object_component id="oc-2cf">
         <name>.text:IntRegister</name>
         <load_address>0x21c0</load_address>
         <run_address>0x21c0</run_address>
         <size>0x34</size>
         <input_file_ref idref="fl-e1"/>
      </object_component>
      <object_component id="oc-1b4">
         <name>.text:SysCtlPeripheralEnable</name>
         <load_address>0x21f4</load_address>
         <run_address>0x21f4</run_address>
         <size>0x34</size>
         <input_file_ref idref="fl-e3"/>
      </object_component>
      <object_component id="oc-1d7">
         <name>.text:arm_bitreversal_32</name>
         <load_address>0x2228</load_address>
         <run_address>0x2228</run_address>
         <size>0x34</size>
         <input_file_ref idref="fl-da"/>
      </object_component>
      <object_component id="oc-329">
         <name>.text:DelayMs</name>
         <load_address>0x225c</load_address>
         <run_address>0x225c</run_address>
         <size>0x2c</size>
         <input_file_ref idref="fl-b"/>
      </object_component>
      <object_component id="oc-382">
         <name>.text:GPIODirModeSet</name>
         <load_address>0x2288</load_address>
         <run_address>0x2288</run_address>
         <size>0x2c</size>
         <input_file_ref idref="fl-e0"/>
      </object_component>
      <object_component id="oc-284">
         <name>.text:ustrncpy</name>
         <load_address>0x22b4</load_address>
         <run_address>0x22b4</run_address>
         <size>0x2a</size>
         <input_file_ref idref="fl-4"/>
      </object_component>
      <object_component id="oc-3d">
         <name>.text:IntDefaultHandler</name>
         <load_address>0x22de</load_address>
         <run_address>0x22de</run_address>
         <size>0x2</size>
         <input_file_ref idref="fl-3"/>
      </object_component>
      <object_component id="oc-1fb">
         <name>.text:OrbitOledPutString</name>
         <load_address>0x22e0</load_address>
         <run_address>0x22e0</run_address>
         <size>0x28</size>
         <input_file_ref idref="fl-9"/>
      </object_component>
      <object_component id="oc-1df">
         <name>.text</name>
         <load_address>0x2308</load_address>
         <run_address>0x2308</run_address>
         <size>0x28</size>
         <input_file_ref idref="fl-e7"/>
      </object_component>
      <object_component id="oc-2e6">
         <name>.text:DelayInit</name>
         <load_address>0x2330</load_address>
         <run_address>0x2330</run_address>
         <size>0x24</size>
         <input_file_ref idref="fl-b"/>
      </object_component>
      <object_component id="oc-1a6">
         <name>.text:initSysTickClock</name>
         <load_address>0x2354</load_address>
         <run_address>0x2354</run_address>
         <size>0x20</size>
         <input_file_ref idref="fl-2"/>
      </object_component>
      <object_component id="oc-a2">
         <name>.text:ADCSequenceDataGet</name>
         <load_address>0x2374</load_address>
         <run_address>0x2374</run_address>
         <size>0x1e</size>
         <input_file_ref idref="fl-df"/>
      </object_component>
      <object_component id="oc-31">
         <name>.text:NmiSR</name>
         <load_address>0x2392</load_address>
         <run_address>0x2392</run_address>
         <size>0x2</size>
         <input_file_ref idref="fl-3"/>
      </object_component>
      <object_component id="oc-130">
         <name>.text:OLEDInitialise</name>
         <load_address>0x2394</load_address>
         <run_address>0x2394</run_address>
         <size>0x1c</size>
         <input_file_ref idref="fl-5"/>
      </object_component>
      <object_component id="oc-245">
         <name>.text:SysTickIntRegister</name>
         <load_address>0x23b0</load_address>
         <run_address>0x23b0</run_address>
         <size>0x1c</size>
         <input_file_ref idref="fl-e4"/>
      </object_component>
      <object_component id="oc-14e">
         <name>.text:usnprintf</name>
         <load_address>0x23cc</load_address>
         <run_address>0x23cc</run_address>
         <size>0x1a</size>
         <input_file_ref idref="fl-4"/>
      </object_component>
      <object_component id="oc-22c">
         <name>.text:ADCIntRegister</name>
         <load_address>0x23e6</load_address>
         <run_address>0x23e6</run_address>
         <size>0x18</size>
         <input_file_ref idref="fl-df"/>
      </object_component>
      <object_component id="oc-9b">
         <name>.text:ADCProcessorTrigger</name>
         <load_address>0x23fe</load_address>
         <run_address>0x23fe</run_address>
         <size>0x18</size>
         <input_file_ref idref="fl-df"/>
      </object_component>
      <object_component id="oc-310">
         <name>.text:GPIOPinTypeGPIOOutput</name>
         <load_address>0x2416</load_address>
         <run_address>0x2416</run_address>
         <size>0x18</size>
         <input_file_ref idref="fl-e0"/>
      </object_component>
      <object_component id="oc-344">
         <name>.text</name>
         <load_address>0x242e</load_address>
         <run_address>0x242e</run_address>
         <size>0x2</size>
         <input_file_ref idref="fl-d6"/>
      </object_component>
      <object_component id="oc-336">
         <name>.text:OrbitOledClearBuffer</name>
         <load_address>0x2430</load_address>
         <run_address>0x2430</run_address>
         <size>0x18</size>
         <input_file_ref idref="fl-8"/>
      </object_component>
      <object_component id="oc-87">
         <name>.text</name>
         <load_address>0x2448</load_address>
         <run_address>0x2448</run_address>
         <size>0x18</size>
         <input_file_ref idref="fl-d3"/>
      </object_component>
      <object_component id="oc-2ec">
         <name>.text:GPIOPinTypeSSI</name>
         <load_address>0x2460</load_address>
         <run_address>0x2460</run_address>
         <size>0x16</size>
         <input_file_ref idref="fl-e0"/>
      </object_component>
      <object_component id="oc-154">
         <name>.text:OLEDStringDraw</name>
         <load_address>0x2476</load_address>
         <run_address>0x2476</run_address>
         <size>0x16</size>
         <input_file_ref idref="fl-5"/>
      </object_component>
      <object_component id="oc-1ba">
         <name>.text:OrbitOledInit</name>
         <load_address>0x248c</load_address>
         <run_address>0x248c</run_address>
         <size>0x14</size>
         <input_file_ref idref="fl-8"/>
      </object_component>
      <object_component id="oc-251">
         <name>.text:SysTickEnable</name>
         <load_address>0x24a0</load_address>
         <run_address>0x24a0</run_address>
         <size>0x14</size>
         <input_file_ref idref="fl-e4"/>
      </object_component>
      <object_component id="oc-24b">
         <name>.text:SysTickIntEnable</name>
         <load_address>0x24b4</load_address>
         <run_address>0x24b4</run_address>
         <size>0x14</size>
         <input_file_ref idref="fl-e4"/>
      </object_component>
      <object_component id="oc-148">
         <name>.text:average</name>
         <load_address>0x24c8</load_address>
         <run_address>0x24c8</run_address>
         <size>0x14</size>
         <input_file_ref idref="fl-2"/>
      </object_component>
      <object_component id="oc-19a">
         <name>.text:initClock</name>
         <load_address>0x24dc</load_address>
         <run_address>0x24dc</run_address>
         <size>0x14</size>
         <input_file_ref idref="fl-2"/>
      </object_component>
      <object_component id="oc-175">
         <name>.text</name>
         <load_address>0x24f0</load_address>
         <run_address>0x24f0</run_address>
         <size>0x14</size>
         <input_file_ref idref="fl-d2"/>
      </object_component>
      <object_component id="oc-232">
         <name>.text:ADCIntEnable</name>
         <load_address>0x2504</load_address>
         <run_address>0x2504</run_address>
         <size>0x10</size>
         <input_file_ref idref="fl-df"/>
      </object_component>
      <object_component id="oc-12a">
         <name>.text:IntMasterEnable</name>
         <load_address>0x2514</load_address>
         <run_address>0x2514</run_address>
         <size>0x10</size>
         <input_file_ref idref="fl-e1"/>
      </object_component>
      <object_component id="oc-34b">
         <name>.text:OrbitOledClampXco</name>
         <load_address>0x2524</load_address>
         <run_address>0x2524</run_address>
         <size>0x10</size>
         <input_file_ref idref="fl-a"/>
      </object_component>
      <object_component id="oc-351">
         <name>.text:OrbitOledClampYco</name>
         <load_address>0x2534</load_address>
         <run_address>0x2534</run_address>
         <size>0x10</size>
         <input_file_ref idref="fl-a"/>
      </object_component>
      <object_component id="oc-23f">
         <name>.text:SysTickPeriodSet</name>
         <load_address>0x2544</load_address>
         <run_address>0x2544</run_address>
         <size>0x10</size>
         <input_file_ref idref="fl-e4"/>
      </object_component>
      <object_component id="oc-124">
         <name>.text:initialisations</name>
         <load_address>0x2554</load_address>
         <run_address>0x2554</run_address>
         <size>0x10</size>
         <input_file_ref idref="fl-2"/>
      </object_component>
      <object_component id="oc-226">
         <name>.text:ADCSequenceEnable</name>
         <load_address>0x2564</load_address>
         <run_address>0x2564</run_address>
         <size>0xe</size>
         <input_file_ref idref="fl-df"/>
      </object_component>
      <object_component id="oc-39e">
         <name>.text:OrbitOledRopSet</name>
         <load_address>0x2572</load_address>
         <run_address>0x2572</run_address>
         <size>0xe</size>
         <input_file_ref idref="fl-a"/>
      </object_component>
      <object_component id="oc-37b">
         <name>.text:TimerEnable</name>
         <load_address>0x2580</load_address>
         <run_address>0x2580</run_address>
         <size>0xe</size>
         <input_file_ref idref="fl-e5"/>
      </object_component>
      <object_component id="oc-18">
         <name>.text:decompress:none</name>
         <load_address>0x258e</load_address>
         <run_address>0x258e</run_address>
         <size>0xe</size>
         <input_file_ref idref="fl-c9"/>
      </object_component>
      <object_component id="oc-1ad">
         <name>.text:CPUcpsie</name>
         <load_address>0x259c</load_address>
         <run_address>0x259c</run_address>
         <size>0xc</size>
         <input_file_ref idref="fl-e6"/>
      </object_component>
      <object_component id="oc-26d">
         <name>.text:OrbitOledClear</name>
         <load_address>0x25a8</load_address>
         <run_address>0x25a8</run_address>
         <size>0xc</size>
         <input_file_ref idref="fl-8"/>
      </object_component>
      <object_component id="oc-3d1">
         <name>.text:SSIDataGet</name>
         <load_address>0x25b4</load_address>
         <run_address>0x25b4</run_address>
         <size>0xc</size>
         <input_file_ref idref="fl-e2"/>
      </object_component>
      <object_component id="oc-43">
         <name>.text:SysTickIntHandler</name>
         <load_address>0x25c0</load_address>
         <run_address>0x25c0</run_address>
         <size>0xc</size>
         <input_file_ref idref="fl-2"/>
      </object_component>
      <object_component id="oc-1e">
         <name>.text:decompress:ZI</name>
         <load_address>0x25cc</load_address>
         <run_address>0x25cc</run_address>
         <size>0xc</size>
         <input_file_ref idref="fl-ca"/>
      </object_component>
      <object_component id="oc-ae">
         <name>.text:ADCIntClear</name>
         <load_address>0x25d8</load_address>
         <run_address>0x25d8</run_address>
         <size>0xa</size>
         <input_file_ref idref="fl-df"/>
      </object_component>
      <object_component id="oc-3cb">
         <name>.text:SSIDataPut</name>
         <load_address>0x25e2</load_address>
         <run_address>0x25e2</run_address>
         <size>0xa</size>
         <input_file_ref idref="fl-e2"/>
      </object_component>
      <object_component id="oc-304">
         <name>.text:SSIEnable</name>
         <load_address>0x25ec</load_address>
         <run_address>0x25ec</run_address>
         <size>0xa</size>
         <input_file_ref idref="fl-e2"/>
      </object_component>
      <object_component id="oc-3bd">
         <name>.text:TimerValueGet</name>
         <load_address>0x25f6</load_address>
         <run_address>0x25f6</run_address>
         <size>0xa</size>
         <input_file_ref idref="fl-e5"/>
      </object_component>
      <object_component id="oc-3aa">
         <name>.text:OrbitOledRopAnd</name>
         <load_address>0x2600</load_address>
         <run_address>0x2600</run_address>
         <size>0x8</size>
         <input_file_ref idref="fl-a"/>
      </object_component>
      <object_component id="oc-3b0">
         <name>.text:OrbitOledRopOr</name>
         <load_address>0x2608</load_address>
         <run_address>0x2608</run_address>
         <size>0x8</size>
         <input_file_ref idref="fl-a"/>
      </object_component>
      <object_component id="oc-3a4">
         <name>.text:OrbitOledRopXor</name>
         <load_address>0x2610</load_address>
         <run_address>0x2610</run_address>
         <size>0x8</size>
         <input_file_ref idref="fl-a"/>
      </object_component>
      <object_component id="oc-3c5">
         <name>.text:SSIBusy</name>
         <load_address>0x2618</load_address>
         <run_address>0x2618</run_address>
         <size>0x8</size>
         <input_file_ref idref="fl-e2"/>
      </object_component>
      <object_component id="oc-30a">
         <name>.text:GPIOPinWrite</name>
         <load_address>0x2620</load_address>
         <run_address>0x2620</run_address>
         <size>0x6</size>
         <input_file_ref idref="fl-e0"/>
      </object_component>
      <object_component id="oc-2b">
         <name>.text:ResetISR</name>
         <load_address>0x2626</load_address>
         <run_address>0x2626</run_address>
         <size>0x6</size>
         <input_file_ref idref="fl-3"/>
      </object_component>
      <object_component id="oc-2f8">
         <name>.text:SSIClockSourceSet</name>
         <load_address>0x262c</load_address>
         <run_address>0x262c</run_address>
         <size>0x6</size>
         <input_file_ref idref="fl-e2"/>
      </object_component>
      <object_component id="oc-218">
         <name>.text:SysCtlDelay</name>
         <load_address>0x2632</load_address>
         <run_address>0x2632</run_address>
         <size>0x6</size>
         <input_file_ref idref="fl-e3"/>
      </object_component>
      <object_component id="oc-7b">
         <name>.text</name>
         <load_address>0x2638</load_address>
         <run_address>0x2638</run_address>
         <size>0x4</size>
         <input_file_ref idref="fl-cf"/>
      </object_component>
      <object_component id="oc-75">
         <name>.text</name>
         <load_address>0x263c</load_address>
         <run_address>0x263c</run_address>
         <size>0x2</size>
         <input_file_ref idref="fl-ce"/>
      </object_component>
      <object_component id="oc-e3">
         <name>.text</name>
         <load_address>0x263e</load_address>
         <run_address>0x263e</run_address>
         <size>0x2</size>
         <input_file_ref idref="fl-d7"/>
      </object_component>
      <object_component id="oc-206">
         <name>.const:twiddleCoef_256</name>
         <load_address>0x2640</load_address>
         <run_address>0x2640</run_address>
         <size>0x800</size>
         <input_file_ref idref="fl-de"/>
      </object_component>
      <object_component id="oc-209">
         <name>.const:armBitRevIndexTable256</name>
         <load_address>0x2e40</load_address>
         <run_address>0x2e40</run_address>
         <size>0x370</size>
         <input_file_ref idref="fl-de"/>
      </object_component>
      <object_component id="oc-31e">
         <name>.const:.string:rgbOledFont0</name>
         <load_address>0x31b0</load_address>
         <run_address>0x31b0</run_address>
         <size>0x300</size>
         <input_file_ref idref="fl-6"/>
      </object_component>
      <object_component id="oc-390">
         <name>.const:g_pui32GPIOBaseAddrs</name>
         <load_address>0x34b0</load_address>
         <run_address>0x34b0</run_address>
         <size>0x90</size>
         <input_file_ref idref="fl-e0"/>
      </object_component>
      <object_component id="oc-2d7">
         <name>.const:g_pui32Xtals</name>
         <load_address>0x3540</load_address>
         <run_address>0x3540</run_address>
         <size>0x6c</size>
         <input_file_ref idref="fl-e3"/>
      </object_component>
      <object_component id="oc-325">
         <name>.const:.string:rgbFillPat</name>
         <load_address>0x35ac</load_address>
         <run_address>0x35ac</run_address>
         <size>0x40</size>
         <input_file_ref idref="fl-7"/>
      </object_component>
      <object_component id="oc-101">
         <name>.const:g_pui32Dii16Regs</name>
         <load_address>0x35ec</load_address>
         <run_address>0x35ec</run_address>
         <size>0x14</size>
         <input_file_ref idref="fl-e1"/>
      </object_component>
      <object_component id="oc-1c1">
         <name>.const:g_pui32EnRegs</name>
         <load_address>0x3600</load_address>
         <run_address>0x3600</run_address>
         <size>0x14</size>
         <input_file_ref idref="fl-e1"/>
      </object_component>
      <object_component id="oc-163">
         <name>.const:arm_cfft_sR_f32_len256</name>
         <load_address>0x3614</load_address>
         <run_address>0x3614</run_address>
         <size>0x10</size>
         <input_file_ref idref="fl-d8"/>
      </object_component>
      <object_component id="oc-41e">
         <name>.cinit..data.load</name>
         <load_address>0x3628</load_address>
         <run_address>0x3628</run_address>
         <size>0x11</size>
      </object_component>
      <object_component id="oc-41b">
         <name>__TI_handler_table</name>
         <load_address>0x363c</load_address>
         <run_address>0x363c</run_address>
         <size>0xc</size>
      </object_component>
      <object_component id="oc-41f">
         <name>.cinit..bss.load</name>
         <load_address>0x3648</load_address>
         <run_address>0x3648</run_address>
         <size>0x8</size>
      </object_component>
      <object_component id="oc-41d">
         <name>.cinit..vtable.load</name>
         <load_address>0x3650</load_address>
         <run_address>0x3650</run_address>
         <size>0x8</size>
      </object_component>
      <object_component id="oc-41c">
         <name>__TI_cinit_table</name>
         <load_address>0x3658</load_address>
         <run_address>0x3658</run_address>
         <size>0x18</size>
      </object_component>
      <object_component id="oc-36d">
         <name>.vtable</name>
         <uninitialized>true</uninitialized>
         <run_address>0x20000000</run_address>
         <size>0x26c</size>
         <input_file_ref idref="fl-e1"/>
      </object_component>
      <object_component id="oc-b7">
         <name>.data</name>
         <load_address>0x20000dc8</load_address>
         <run_address>0x20000dc8</run_address>
         <size>0x4</size>
         <input_file_ref idref="fl-2"/>
      </object_component>
      <object_component id="oc-f3">
         <name>.data:$O1$$</name>
         <load_address>0x20000db4</load_address>
         <run_address>0x20000db4</run_address>
         <size>0xc</size>
         <input_file_ref idref="fl-cb"/>
      </object_component>
      <object_component id="oc-93">
         <name>.data</name>
         <load_address>0x20000dd0</load_address>
         <run_address>0x20000dd0</run_address>
         <size>0x4</size>
         <input_file_ref idref="fl-d0"/>
      </object_component>
      <object_component id="oc-f6">
         <name>.data:$O1$$</name>
         <load_address>0x20000dc0</load_address>
         <run_address>0x20000dc0</run_address>
         <size>0x8</size>
         <input_file_ref idref="fl-d2"/>
      </object_component>
      <object_component id="oc-27d">
         <name>.data</name>
         <load_address>0x20000dcc</load_address>
         <run_address>0x20000dcc</run_address>
         <size>0x4</size>
         <input_file_ref idref="fl-e8"/>
      </object_component>
      <object_component id="oc-b4">
         <name>.bss:singleADCSample</name>
         <uninitialized>true</uninitialized>
         <run_address>0x20000b6c</run_address>
         <size>0x4</size>
         <input_file_ref idref="fl-2"/>
      </object_component>
      <object_component id="oc-ba">
         <name>.bss:N_ADC_samples</name>
         <uninitialized>true</uninitialized>
         <run_address>0x2000026c</run_address>
         <size>0x400</size>
         <input_file_ref idref="fl-2"/>
      </object_component>
      <object_component id="oc-160">
         <name>.bss:FFTOutput</name>
         <uninitialized>true</uninitialized>
         <run_address>0x2000066c</run_address>
         <size>0x200</size>
         <input_file_ref idref="fl-2"/>
      </object_component>
      <object_component id="oc-35a">
         <name>.common:xcoOledCur</name>
         <uninitialized>true</uninitialized>
         <run_address>0x20000ba0</run_address>
         <size>0x4</size>
      </object_component>
      <object_component id="oc-35b">
         <name>.common:ycoOledCur</name>
         <uninitialized>true</uninitialized>
         <run_address>0x20000bac</run_address>
         <size>0x4</size>
      </object_component>
      <object_component id="oc-357">
         <name>.common:pbOledCur</name>
         <uninitialized>true</uninitialized>
         <run_address>0x20000b84</run_address>
         <size>0x4</size>
      </object_component>
      <object_component id="oc-359">
         <name>.common:bnOledCur</name>
         <uninitialized>true</uninitialized>
         <run_address>0x20000b70</run_address>
         <size>0x4</size>
      </object_component>
      <object_component id="oc-323">
         <name>.common:clrOledCur</name>
         <uninitialized>true</uninitialized>
         <run_address>0x20000bb0</run_address>
         <size>0x1</size>
      </object_component>
      <object_component id="oc-324">
         <name>.common:pbOledPatCur</name>
         <uninitialized>true</uninitialized>
         <run_address>0x20000b90</run_address>
         <size>0x4</size>
      </object_component>
      <object_component id="oc-2b5">
         <name>.common:fOledCharUpdate</name>
         <uninitialized>true</uninitialized>
         <run_address>0x20000b7c</run_address>
         <size>0x4</size>
      </object_component>
      <object_component id="oc-29e">
         <name>.common:dxcoOledFontCur</name>
         <uninitialized>true</uninitialized>
         <run_address>0x20000b74</run_address>
         <size>0x4</size>
      </object_component>
      <object_component id="oc-2a1">
         <name>.common:dycoOledFontCur</name>
         <uninitialized>true</uninitialized>
         <run_address>0x20000b78</run_address>
         <size>0x4</size>
      </object_component>
      <object_component id="oc-31d">
         <name>.common:pbOledFontCur</name>
         <uninitialized>true</uninitialized>
         <run_address>0x20000b88</run_address>
         <size>0x4</size>
      </object_component>
      <object_component id="oc-321">
         <name>.common:pbOledFontUser</name>
         <uninitialized>true</uninitialized>
         <run_address>0x20000b8c</run_address>
         <size>0x4</size>
      </object_component>
      <object_component id="oc-358">
         <name>.common:rgbOledBmp</name>
         <uninitialized>true</uninitialized>
         <run_address>0x2000086c</run_address>
         <size>0x200</size>
      </object_component>
      <object_component id="oc-29c">
         <name>.common:xchOledCur</name>
         <uninitialized>true</uninitialized>
         <run_address>0x20000b98</run_address>
         <size>0x4</size>
      </object_component>
      <object_component id="oc-29d">
         <name>.common:ychOledCur</name>
         <uninitialized>true</uninitialized>
         <run_address>0x20000ba4</run_address>
         <size>0x4</size>
      </object_component>
      <object_component id="oc-298">
         <name>.common:xchOledMax</name>
         <uninitialized>true</uninitialized>
         <run_address>0x20000b9c</run_address>
         <size>0x4</size>
      </object_component>
      <object_component id="oc-29b">
         <name>.common:ychOledMax</name>
         <uninitialized>true</uninitialized>
         <run_address>0x20000ba8</run_address>
         <size>0x4</size>
      </object_component>
      <object_component id="oc-322">
         <name>.common:rgbOledFontUser</name>
         <uninitialized>true</uninitialized>
         <run_address>0x20000a6c</run_address>
         <size>0x100</size>
      </object_component>
      <object_component id="oc-39d">
         <name>.common:pfnDoRop</name>
         <uninitialized>true</uninitialized>
         <run_address>0x20000b94</run_address>
         <size>0x4</size>
      </object_component>
      <object_component id="oc-39a">
         <name>.common:modOledCur</name>
         <uninitialized>true</uninitialized>
         <run_address>0x20000b80</run_address>
         <size>0x4</size>
      </object_component>
      <object_component id="oc-2a">
         <name>.stack</name>
         <uninitialized>true</uninitialized>
         <run_address>0x20000bb4</run_address>
         <size>0x0</size>
         <input_file_ref idref="fl-c7"/>
      </object_component>
      <object_component id="oc-420">
         <name>.stack</name>
         <uninitialized>true</uninitialized>
         <run_address>0x20000bb4</run_address>
         <size>0x0</size>
      </object_component>
      <object_component id="oc-109">
         <name>.debug_info</name>
         <load_address>0x0</load_address>
         <run_address>0x0</run_address>
         <size>0x935</size>
         <input_file_ref idref="fl-2"/>
      </object_component>
      <object_component id="oc-b5">
         <name>.debug_info</name>
         <load_address>0x935</load_address>
         <run_address>0x935</run_address>
         <size>0xde</size>
         <input_file_ref idref="fl-2"/>
      </object_component>
      <object_component id="oc-bb">
         <name>.debug_info</name>
         <load_address>0xa13</load_address>
         <run_address>0xa13</run_address>
         <size>0xda</size>
         <input_file_ref idref="fl-2"/>
      </object_component>
      <object_component id="oc-161">
         <name>.debug_info</name>
         <load_address>0xaed</load_address>
         <run_address>0xaed</run_address>
         <size>0xd2</size>
         <input_file_ref idref="fl-2"/>
      </object_component>
      <object_component id="oc-b8">
         <name>.debug_info</name>
         <load_address>0xbbf</load_address>
         <run_address>0xbbf</run_address>
         <size>0xd8</size>
         <input_file_ref idref="fl-2"/>
      </object_component>
      <object_component id="oc-19b">
         <name>.debug_info</name>
         <load_address>0xc97</load_address>
         <run_address>0xc97</run_address>
         <size>0x124</size>
         <input_file_ref idref="fl-2"/>
      </object_component>
      <object_component id="oc-1a1">
         <name>.debug_info</name>
         <load_address>0xdbb</load_address>
         <run_address>0xdbb</run_address>
         <size>0x190</size>
         <input_file_ref idref="fl-2"/>
      </object_component>
      <object_component id="oc-1a7">
         <name>.debug_info</name>
         <load_address>0xf4b</load_address>
         <run_address>0xf4b</run_address>
         <size>0x17b</size>
         <input_file_ref idref="fl-2"/>
      </object_component>
      <object_component id="oc-125">
         <name>.debug_info</name>
         <load_address>0x10c6</load_address>
         <run_address>0x10c6</run_address>
         <size>0x13e</size>
         <input_file_ref idref="fl-2"/>
      </object_component>
      <object_component id="oc-149">
         <name>.debug_info</name>
         <load_address>0x1204</load_address>
         <run_address>0x1204</run_address>
         <size>0x123</size>
         <input_file_ref idref="fl-2"/>
      </object_component>
      <object_component id="oc-ec">
         <name>.debug_info</name>
         <load_address>0x1327</load_address>
         <run_address>0x1327</run_address>
         <size>0x246</size>
         <input_file_ref idref="fl-2"/>
      </object_component>
      <object_component id="oc-45">
         <name>.debug_info</name>
         <load_address>0x156d</load_address>
         <run_address>0x156d</run_address>
         <size>0x122</size>
         <input_file_ref idref="fl-2"/>
      </object_component>
      <object_component id="oc-4b">
         <name>.debug_info</name>
         <load_address>0x168f</load_address>
         <run_address>0x168f</run_address>
         <size>0x141</size>
         <input_file_ref idref="fl-2"/>
      </object_component>
      <object_component id="oc-167">
         <name>.debug_info</name>
         <load_address>0x17d0</load_address>
         <run_address>0x17d0</run_address>
         <size>0x1ea6</size>
         <input_file_ref idref="fl-2"/>
      </object_component>
      <object_component id="oc-189">
         <name>.debug_info</name>
         <load_address>0x3676</load_address>
         <run_address>0x3676</run_address>
         <size>0x196</size>
         <input_file_ref idref="fl-2"/>
      </object_component>
      <object_component id="oc-10e">
         <name>.debug_info</name>
         <load_address>0x380c</load_address>
         <run_address>0x380c</run_address>
         <size>0x8b</size>
         <input_file_ref idref="fl-2"/>
      </object_component>
      <object_component id="oc-c0">
         <name>.debug_info</name>
         <load_address>0x3897</load_address>
         <run_address>0x3897</run_address>
         <size>0x18b</size>
         <input_file_ref idref="fl-2"/>
      </object_component>
      <object_component id="oc-1f0">
         <name>.debug_info</name>
         <load_address>0x3a22</load_address>
         <run_address>0x3a22</run_address>
         <size>0x4e</size>
         <input_file_ref idref="fl-2"/>
      </object_component>
      <object_component id="oc-51">
         <name>.debug_info</name>
         <load_address>0x3a70</load_address>
         <run_address>0x3a70</run_address>
         <size>0x2e8</size>
         <input_file_ref idref="fl-3"/>
      </object_component>
      <object_component id="oc-10">
         <name>.debug_info</name>
         <load_address>0x3d58</load_address>
         <run_address>0x3d58</run_address>
         <size>0xed</size>
         <input_file_ref idref="fl-3"/>
      </object_component>
      <object_component id="oc-2f">
         <name>.debug_info</name>
         <load_address>0x3e45</load_address>
         <run_address>0x3e45</run_address>
         <size>0x137</size>
         <input_file_ref idref="fl-3"/>
      </object_component>
      <object_component id="oc-33">
         <name>.debug_info</name>
         <load_address>0x3f7c</load_address>
         <run_address>0x3f7c</run_address>
         <size>0x128</size>
         <input_file_ref idref="fl-3"/>
      </object_component>
      <object_component id="oc-40">
         <name>.debug_info</name>
         <load_address>0x40a4</load_address>
         <run_address>0x40a4</run_address>
         <size>0x140</size>
         <input_file_ref idref="fl-3"/>
      </object_component>
      <object_component id="oc-39">
         <name>.debug_info</name>
         <load_address>0x41e4</load_address>
         <run_address>0x41e4</run_address>
         <size>0x12e</size>
         <input_file_ref idref="fl-3"/>
      </object_component>
      <object_component id="oc-58">
         <name>.debug_info</name>
         <load_address>0x4312</load_address>
         <run_address>0x4312</run_address>
         <size>0x84</size>
         <input_file_ref idref="fl-3"/>
      </object_component>
      <object_component id="oc-1ef">
         <name>.debug_info</name>
         <load_address>0x4396</load_address>
         <run_address>0x4396</run_address>
         <size>0x318</size>
         <input_file_ref idref="fl-4"/>
      </object_component>
      <object_component id="oc-285">
         <name>.debug_info</name>
         <load_address>0x46ae</load_address>
         <run_address>0x46ae</run_address>
         <size>0x1fe</size>
         <input_file_ref idref="fl-4"/>
      </object_component>
      <object_component id="oc-1e9">
         <name>.debug_info</name>
         <load_address>0x48ac</load_address>
         <run_address>0x48ac</run_address>
         <size>0x33c</size>
         <input_file_ref idref="fl-4"/>
      </object_component>
      <object_component id="oc-14f">
         <name>.debug_info</name>
         <load_address>0x4be8</load_address>
         <run_address>0x4be8</run_address>
         <size>0x1f3</size>
         <input_file_ref idref="fl-4"/>
      </object_component>
      <object_component id="oc-202">
         <name>.debug_info</name>
         <load_address>0x4ddb</load_address>
         <run_address>0x4ddb</run_address>
         <size>0x372</size>
         <input_file_ref idref="fl-5"/>
      </object_component>
      <object_component id="oc-157">
         <name>.debug_info</name>
         <load_address>0x514d</load_address>
         <run_address>0x514d</run_address>
         <size>0x26c</size>
         <input_file_ref idref="fl-5"/>
      </object_component>
      <object_component id="oc-134">
         <name>.debug_info</name>
         <load_address>0x53b9</load_address>
         <run_address>0x53b9</run_address>
         <size>0x236</size>
         <input_file_ref idref="fl-5"/>
      </object_component>
      <object_component id="oc-3b9">
         <name>.debug_info</name>
         <load_address>0x55ef</load_address>
         <run_address>0x55ef</run_address>
         <size>0x114</size>
         <input_file_ref idref="fl-6"/>
      </object_component>
      <object_component id="oc-31f">
         <name>.debug_info</name>
         <load_address>0x5703</load_address>
         <run_address>0x5703</run_address>
         <size>0x128</size>
         <input_file_ref idref="fl-6"/>
      </object_component>
      <object_component id="oc-3bc">
         <name>.debug_info</name>
         <load_address>0x582b</load_address>
         <run_address>0x582b</run_address>
         <size>0x111</size>
         <input_file_ref idref="fl-7"/>
      </object_component>
      <object_component id="oc-326">
         <name>.debug_info</name>
         <load_address>0x593c</load_address>
         <run_address>0x593c</run_address>
         <size>0x123</size>
         <input_file_ref idref="fl-7"/>
      </object_component>
      <object_component id="oc-29f">
         <name>.debug_info</name>
         <load_address>0x5a5f</load_address>
         <run_address>0x5a5f</run_address>
         <size>0x879</size>
         <input_file_ref idref="fl-8"/>
      </object_component>
      <object_component id="oc-331">
         <name>.debug_info</name>
         <load_address>0x62d8</load_address>
         <run_address>0x62d8</run_address>
         <size>0x28e</size>
         <input_file_ref idref="fl-8"/>
      </object_component>
      <object_component id="oc-364">
         <name>.debug_info</name>
         <load_address>0x6566</load_address>
         <run_address>0x6566</run_address>
         <size>0x2b8</size>
         <input_file_ref idref="fl-8"/>
      </object_component>
      <object_component id="oc-2b0">
         <name>.debug_info</name>
         <load_address>0x681e</load_address>
         <run_address>0x681e</run_address>
         <size>0x2a1</size>
         <input_file_ref idref="fl-8"/>
      </object_component>
      <object_component id="oc-25c">
         <name>.debug_info</name>
         <load_address>0x6abf</load_address>
         <run_address>0x6abf</run_address>
         <size>0x3d6</size>
         <input_file_ref idref="fl-8"/>
      </object_component>
      <object_component id="oc-263">
         <name>.debug_info</name>
         <load_address>0x6e95</load_address>
         <run_address>0x6e95</run_address>
         <size>0x22f</size>
         <input_file_ref idref="fl-8"/>
      </object_component>
      <object_component id="oc-269">
         <name>.debug_info</name>
         <load_address>0x70c4</load_address>
         <run_address>0x70c4</run_address>
         <size>0x33b</size>
         <input_file_ref idref="fl-8"/>
      </object_component>
      <object_component id="oc-337">
         <name>.debug_info</name>
         <load_address>0x73ff</load_address>
         <run_address>0x73ff</run_address>
         <size>0x213</size>
         <input_file_ref idref="fl-8"/>
      </object_component>
      <object_component id="oc-26e">
         <name>.debug_info</name>
         <load_address>0x7612</load_address>
         <run_address>0x7612</run_address>
         <size>0x22b</size>
         <input_file_ref idref="fl-8"/>
      </object_component>
      <object_component id="oc-1bc">
         <name>.debug_info</name>
         <load_address>0x783d</load_address>
         <run_address>0x783d</run_address>
         <size>0x250</size>
         <input_file_ref idref="fl-8"/>
      </object_component>
      <object_component id="oc-299">
         <name>.debug_info</name>
         <load_address>0x7a8d</load_address>
         <run_address>0x7a8d</run_address>
         <size>0x4fb</size>
         <input_file_ref idref="fl-9"/>
      </object_component>
      <object_component id="oc-1f7">
         <name>.debug_info</name>
         <load_address>0x7f88</load_address>
         <run_address>0x7f88</run_address>
         <size>0x25d</size>
         <input_file_ref idref="fl-9"/>
      </object_component>
      <object_component id="oc-2a5">
         <name>.debug_info</name>
         <load_address>0x81e5</load_address>
         <run_address>0x81e5</run_address>
         <size>0x25d</size>
         <input_file_ref idref="fl-9"/>
      </object_component>
      <object_component id="oc-2ab">
         <name>.debug_info</name>
         <load_address>0x8442</load_address>
         <run_address>0x8442</run_address>
         <size>0x22f</size>
         <input_file_ref idref="fl-9"/>
      </object_component>
      <object_component id="oc-1fd">
         <name>.debug_info</name>
         <load_address>0x8671</load_address>
         <run_address>0x8671</run_address>
         <size>0x274</size>
         <input_file_ref idref="fl-9"/>
      </object_component>
      <object_component id="oc-39b">
         <name>.debug_info</name>
         <load_address>0x88e5</load_address>
         <run_address>0x88e5</run_address>
         <size>0x4f3</size>
         <input_file_ref idref="fl-a"/>
      </object_component>
      <object_component id="oc-319">
         <name>.debug_info</name>
         <load_address>0x8dd8</load_address>
         <run_address>0x8dd8</run_address>
         <size>0x22e</size>
         <input_file_ref idref="fl-a"/>
      </object_component>
      <object_component id="oc-3a6">
         <name>.debug_info</name>
         <load_address>0x9006</load_address>
         <run_address>0x9006</run_address>
         <size>0x27a</size>
         <input_file_ref idref="fl-a"/>
      </object_component>
      <object_component id="oc-3a0">
         <name>.debug_info</name>
         <load_address>0x9280</load_address>
         <run_address>0x9280</run_address>
         <size>0x27a</size>
         <input_file_ref idref="fl-a"/>
      </object_component>
      <object_component id="oc-3b2">
         <name>.debug_info</name>
         <load_address>0x94fa</load_address>
         <run_address>0x94fa</run_address>
         <size>0x278</size>
         <input_file_ref idref="fl-a"/>
      </object_component>
      <object_component id="oc-3ac">
         <name>.debug_info</name>
         <load_address>0x9772</load_address>
         <run_address>0x9772</run_address>
         <size>0x27a</size>
         <input_file_ref idref="fl-a"/>
      </object_component>
      <object_component id="oc-34e">
         <name>.debug_info</name>
         <load_address>0x99ec</load_address>
         <run_address>0x99ec</run_address>
         <size>0x234</size>
         <input_file_ref idref="fl-a"/>
      </object_component>
      <object_component id="oc-354">
         <name>.debug_info</name>
         <load_address>0x9c20</load_address>
         <run_address>0x9c20</run_address>
         <size>0x234</size>
         <input_file_ref idref="fl-a"/>
      </object_component>
      <object_component id="oc-294">
         <name>.debug_info</name>
         <load_address>0x9e54</load_address>
         <run_address>0x9e54</run_address>
         <size>0x271</size>
         <input_file_ref idref="fl-a"/>
      </object_component>
      <object_component id="oc-3c4">
         <name>.debug_info</name>
         <load_address>0xa0c5</load_address>
         <run_address>0xa0c5</run_address>
         <size>0x370</size>
         <input_file_ref idref="fl-b"/>
      </object_component>
      <object_component id="oc-32b">
         <name>.debug_info</name>
         <load_address>0xa435</load_address>
         <run_address>0xa435</run_address>
         <size>0x20f</size>
         <input_file_ref idref="fl-b"/>
      </object_component>
      <object_component id="oc-2ea">
         <name>.debug_info</name>
         <load_address>0xa644</load_address>
         <run_address>0xa644</run_address>
         <size>0x225</size>
         <input_file_ref idref="fl-b"/>
      </object_component>
      <object_component id="oc-26">
         <name>.debug_info</name>
         <load_address>0xa869</load_address>
         <run_address>0xa869</run_address>
         <size>0x160</size>
         <input_file_ref idref="fl-c7"/>
      </object_component>
      <object_component id="oc-ca">
         <name>.debug_info</name>
         <load_address>0xa9c9</load_address>
         <run_address>0xa9c9</run_address>
         <size>0x293</size>
         <input_file_ref idref="fl-c8"/>
      </object_component>
      <object_component id="oc-16">
         <name>.debug_info</name>
         <load_address>0xac5c</load_address>
         <run_address>0xac5c</run_address>
         <size>0x245</size>
         <input_file_ref idref="fl-c8"/>
      </object_component>
      <object_component id="oc-53">
         <name>.debug_info</name>
         <load_address>0xaea1</load_address>
         <run_address>0xaea1</run_address>
         <size>0x60</size>
         <input_file_ref idref="fl-c8"/>
      </object_component>
      <object_component id="oc-c5">
         <name>.debug_info</name>
         <load_address>0xaf01</load_address>
         <run_address>0xaf01</run_address>
         <size>0x46</size>
         <input_file_ref idref="fl-c8"/>
      </object_component>
      <object_component id="oc-68">
         <name>.debug_info</name>
         <load_address>0xaf47</load_address>
         <run_address>0xaf47</run_address>
         <size>0x2da</size>
         <input_file_ref idref="fl-c9"/>
      </object_component>
      <object_component id="oc-1c">
         <name>.debug_info</name>
         <load_address>0xb221</load_address>
         <run_address>0xb221</run_address>
         <size>0x1df</size>
         <input_file_ref idref="fl-c9"/>
      </object_component>
      <object_component id="oc-63">
         <name>.debug_info</name>
         <load_address>0xb400</load_address>
         <run_address>0xb400</run_address>
         <size>0x46</size>
         <input_file_ref idref="fl-c9"/>
      </object_component>
      <object_component id="oc-cc">
         <name>.debug_info</name>
         <load_address>0xb446</load_address>
         <run_address>0xb446</run_address>
         <size>0x2c</size>
         <input_file_ref idref="fl-c9"/>
      </object_component>
      <object_component id="oc-74">
         <name>.debug_info</name>
         <load_address>0xb472</load_address>
         <run_address>0xb472</run_address>
         <size>0x2c9</size>
         <input_file_ref idref="fl-ca"/>
      </object_component>
      <object_component id="oc-20">
         <name>.debug_info</name>
         <load_address>0xb73b</load_address>
         <run_address>0xb73b</run_address>
         <size>0x1aa</size>
         <input_file_ref idref="fl-ca"/>
      </object_component>
      <object_component id="oc-6f">
         <name>.debug_info</name>
         <load_address>0xb8e5</load_address>
         <run_address>0xb8e5</run_address>
         <size>0x46</size>
         <input_file_ref idref="fl-ca"/>
      </object_component>
      <object_component id="oc-d4">
         <name>.debug_info</name>
         <load_address>0xb92b</load_address>
         <run_address>0xb92b</run_address>
         <size>0x2c</size>
         <input_file_ref idref="fl-ca"/>
      </object_component>
      <object_component id="oc-fa">
         <name>.debug_info</name>
         <load_address>0xb957</load_address>
         <run_address>0xb957</run_address>
         <size>0x3ce</size>
         <input_file_ref idref="fl-cb"/>
      </object_component>
      <object_component id="oc-f4">
         <name>.debug_info</name>
         <load_address>0xbd25</load_address>
         <run_address>0xbd25</run_address>
         <size>0x185</size>
         <input_file_ref idref="fl-cb"/>
      </object_component>
      <object_component id="oc-90">
         <name>.debug_info</name>
         <load_address>0xbeaa</load_address>
         <run_address>0xbeaa</run_address>
         <size>0x214</size>
         <input_file_ref idref="fl-cb"/>
      </object_component>
      <object_component id="oc-5e">
         <name>.debug_info</name>
         <load_address>0xc0be</load_address>
         <run_address>0xc0be</run_address>
         <size>0x111</size>
         <input_file_ref idref="fl-cc"/>
      </object_component>
      <object_component id="oc-6a">
         <name>.debug_info</name>
         <load_address>0xc1cf</load_address>
         <run_address>0xc1cf</run_address>
         <size>0x13f</size>
         <input_file_ref idref="fl-cd"/>
      </object_component>
      <object_component id="oc-79">
         <name>.debug_info</name>
         <load_address>0xc30e</load_address>
         <run_address>0xc30e</run_address>
         <size>0x138</size>
         <input_file_ref idref="fl-ce"/>
      </object_component>
      <object_component id="oc-7f">
         <name>.debug_info</name>
         <load_address>0xc446</load_address>
         <run_address>0xc446</run_address>
         <size>0x148</size>
         <input_file_ref idref="fl-cf"/>
      </object_component>
      <object_component id="oc-94">
         <name>.debug_info</name>
         <load_address>0xc58e</load_address>
         <run_address>0xc58e</run_address>
         <size>0x109</size>
         <input_file_ref idref="fl-d0"/>
      </object_component>
      <object_component id="oc-28b">
         <name>.debug_info</name>
         <load_address>0xc697</load_address>
         <run_address>0xc697</run_address>
         <size>0x13a</size>
         <input_file_ref idref="fl-d1"/>
      </object_component>
      <object_component id="oc-17d">
         <name>.debug_info</name>
         <load_address>0xc7d1</load_address>
         <run_address>0xc7d1</run_address>
         <size>0x2be</size>
         <input_file_ref idref="fl-d2"/>
      </object_component>
      <object_component id="oc-f7">
         <name>.debug_info</name>
         <load_address>0xca8f</load_address>
         <run_address>0xca8f</run_address>
         <size>0x113</size>
         <input_file_ref idref="fl-d2"/>
      </object_component>
      <object_component id="oc-176">
         <name>.debug_info</name>
         <load_address>0xcba2</load_address>
         <run_address>0xcba2</run_address>
         <size>0x21f</size>
         <input_file_ref idref="fl-d2"/>
      </object_component>
      <object_component id="oc-f2">
         <name>.debug_info</name>
         <load_address>0xcdc1</load_address>
         <run_address>0xcdc1</run_address>
         <size>0x300</size>
         <input_file_ref idref="fl-d3"/>
      </object_component>
      <object_component id="oc-88">
         <name>.debug_info</name>
         <load_address>0xd0c1</load_address>
         <run_address>0xd0c1</run_address>
         <size>0x167</size>
         <input_file_ref idref="fl-d3"/>
      </object_component>
      <object_component id="oc-16e">
         <name>.debug_info</name>
         <load_address>0xd228</load_address>
         <run_address>0xd228</run_address>
         <size>0x5e</size>
         <input_file_ref idref="fl-d3"/>
      </object_component>
      <object_component id="oc-ea">
         <name>.debug_info</name>
         <load_address>0xd286</load_address>
         <run_address>0xd286</run_address>
         <size>0x483</size>
         <input_file_ref idref="fl-d4"/>
      </object_component>
      <object_component id="oc-82">
         <name>.debug_info</name>
         <load_address>0xd709</load_address>
         <run_address>0xd709</run_address>
         <size>0x190</size>
         <input_file_ref idref="fl-d4"/>
      </object_component>
      <object_component id="oc-11a">
         <name>.debug_info</name>
         <load_address>0xd899</load_address>
         <run_address>0xd899</run_address>
         <size>0x39</size>
         <input_file_ref idref="fl-d4"/>
      </object_component>
      <object_component id="oc-195">
         <name>.debug_info</name>
         <load_address>0xd8d2</load_address>
         <run_address>0xd8d2</run_address>
         <size>0x39</size>
         <input_file_ref idref="fl-d4"/>
      </object_component>
      <object_component id="oc-11f">
         <name>.debug_info</name>
         <load_address>0xd90b</load_address>
         <run_address>0xd90b</run_address>
         <size>0xcd</size>
         <input_file_ref idref="fl-d4"/>
      </object_component>
      <object_component id="oc-116">
         <name>.debug_info</name>
         <load_address>0xd9d8</load_address>
         <run_address>0xd9d8</run_address>
         <size>0x37a</size>
         <input_file_ref idref="fl-d5"/>
      </object_component>
      <object_component id="oc-df">
         <name>.debug_info</name>
         <load_address>0xdd52</load_address>
         <run_address>0xdd52</run_address>
         <size>0x183</size>
         <input_file_ref idref="fl-d5"/>
      </object_component>
      <object_component id="oc-190">
         <name>.debug_info</name>
         <load_address>0xded5</load_address>
         <run_address>0xded5</run_address>
         <size>0x2c</size>
         <input_file_ref idref="fl-d5"/>
      </object_component>
      <object_component id="oc-345">
         <name>.debug_info</name>
         <load_address>0xdf01</load_address>
         <run_address>0xdf01</run_address>
         <size>0x147</size>
         <input_file_ref idref="fl-d6"/>
      </object_component>
      <object_component id="oc-e4">
         <name>.debug_info</name>
         <load_address>0xe048</load_address>
         <run_address>0xe048</run_address>
         <size>0x145</size>
         <input_file_ref idref="fl-d7"/>
      </object_component>
      <object_component id="oc-20e">
         <name>.debug_info</name>
         <load_address>0xe18d</load_address>
         <run_address>0xe18d</run_address>
         <size>0x121d</size>
         <input_file_ref idref="fl-d8"/>
      </object_component>
      <object_component id="oc-164">
         <name>.debug_info</name>
         <load_address>0xf3aa</load_address>
         <run_address>0xf3aa</run_address>
         <size>0x148</size>
         <input_file_ref idref="fl-d8"/>
      </object_component>
      <object_component id="oc-2c0">
         <name>.debug_info</name>
         <load_address>0xf4f2</load_address>
         <run_address>0xf4f2</run_address>
         <size>0x1ea6</size>
         <input_file_ref idref="fl-d8"/>
      </object_component>
      <object_component id="oc-1e6">
         <name>.debug_info</name>
         <load_address>0x11398</load_address>
         <run_address>0x11398</run_address>
         <size>0x3e2</size>
         <input_file_ref idref="fl-d9"/>
      </object_component>
      <object_component id="oc-143">
         <name>.debug_info</name>
         <load_address>0x1177a</load_address>
         <run_address>0x1177a</run_address>
         <size>0x2e9</size>
         <input_file_ref idref="fl-d9"/>
      </object_component>
      <object_component id="oc-1de">
         <name>.debug_info</name>
         <load_address>0x11a63</load_address>
         <run_address>0x11a63</run_address>
         <size>0x436</size>
         <input_file_ref idref="fl-da"/>
      </object_component>
      <object_component id="oc-1cc">
         <name>.debug_info</name>
         <load_address>0x11e99</load_address>
         <run_address>0x11e99</run_address>
         <size>0x4d5</size>
         <input_file_ref idref="fl-da"/>
      </object_component>
      <object_component id="oc-1d2">
         <name>.debug_info</name>
         <load_address>0x1236e</load_address>
         <run_address>0x1236e</run_address>
         <size>0x360</size>
         <input_file_ref idref="fl-da"/>
      </object_component>
      <object_component id="oc-1d8">
         <name>.debug_info</name>
         <load_address>0x126ce</load_address>
         <run_address>0x126ce</run_address>
         <size>0x2d5</size>
         <input_file_ref idref="fl-da"/>
      </object_component>
      <object_component id="oc-13d">
         <name>.debug_info</name>
         <load_address>0x129a3</load_address>
         <run_address>0x129a3</run_address>
         <size>0x381</size>
         <input_file_ref idref="fl-da"/>
      </object_component>
      <object_component id="oc-277">
         <name>.debug_info</name>
         <load_address>0x12d24</load_address>
         <run_address>0x12d24</run_address>
         <size>0x3cb</size>
         <input_file_ref idref="fl-db"/>
      </object_component>
      <object_component id="oc-1c6">
         <name>.debug_info</name>
         <load_address>0x130ef</load_address>
         <run_address>0x130ef</run_address>
         <size>0x700</size>
         <input_file_ref idref="fl-db"/>
      </object_component>
      <object_component id="oc-2bb">
         <name>.debug_info</name>
         <load_address>0x137ef</load_address>
         <run_address>0x137ef</run_address>
         <size>0x6a6</size>
         <input_file_ref idref="fl-de"/>
      </object_component>
      <object_component id="oc-207">
         <name>.debug_info</name>
         <load_address>0x13e95</load_address>
         <run_address>0x13e95</run_address>
         <size>0x13b</size>
         <input_file_ref idref="fl-de"/>
      </object_component>
      <object_component id="oc-20a">
         <name>.debug_info</name>
         <load_address>0x13fd0</load_address>
         <run_address>0x13fd0</run_address>
         <size>0x149</size>
         <input_file_ref idref="fl-de"/>
      </object_component>
      <object_component id="oc-ff">
         <name>.debug_info</name>
         <load_address>0x14119</load_address>
         <run_address>0x14119</run_address>
         <size>0x356</size>
         <input_file_ref idref="fl-df"/>
      </object_component>
      <object_component id="oc-221">
         <name>.debug_info</name>
         <load_address>0x1446f</load_address>
         <run_address>0x1446f</run_address>
         <size>0x29c</size>
         <input_file_ref idref="fl-df"/>
      </object_component>
      <object_component id="oc-227">
         <name>.debug_info</name>
         <load_address>0x1470b</load_address>
         <run_address>0x1470b</run_address>
         <size>0x209</size>
         <input_file_ref idref="fl-df"/>
      </object_component>
      <object_component id="oc-a3">
         <name>.debug_info</name>
         <load_address>0x14914</load_address>
         <run_address>0x14914</run_address>
         <size>0x268</size>
         <input_file_ref idref="fl-df"/>
      </object_component>
      <object_component id="oc-21b">
         <name>.debug_info</name>
         <load_address>0x14b7c</load_address>
         <run_address>0x14b7c</run_address>
         <size>0x28f</size>
         <input_file_ref idref="fl-df"/>
      </object_component>
      <object_component id="oc-9c">
         <name>.debug_info</name>
         <load_address>0x14e0b</load_address>
         <run_address>0x14e0b</run_address>
         <size>0x20d</size>
         <input_file_ref idref="fl-df"/>
      </object_component>
      <object_component id="oc-2ca">
         <name>.debug_info</name>
         <load_address>0x15018</load_address>
         <run_address>0x15018</run_address>
         <size>0x228</size>
         <input_file_ref idref="fl-df"/>
      </object_component>
      <object_component id="oc-22d">
         <name>.debug_info</name>
         <load_address>0x15240</load_address>
         <run_address>0x15240</run_address>
         <size>0x248</size>
         <input_file_ref idref="fl-df"/>
      </object_component>
      <object_component id="oc-233">
         <name>.debug_info</name>
         <load_address>0x15488</load_address>
         <run_address>0x15488</run_address>
         <size>0x1ff</size>
         <input_file_ref idref="fl-df"/>
      </object_component>
      <object_component id="oc-af">
         <name>.debug_info</name>
         <load_address>0x15687</load_address>
         <run_address>0x15687</run_address>
         <size>0x1fd</size>
         <input_file_ref idref="fl-df"/>
      </object_component>
      <object_component id="oc-38f">
         <name>.debug_info</name>
         <load_address>0x15884</load_address>
         <run_address>0x15884</run_address>
         <size>0x385</size>
         <input_file_ref idref="fl-e0"/>
      </object_component>
      <object_component id="oc-391">
         <name>.debug_info</name>
         <load_address>0x15c09</load_address>
         <run_address>0x15c09</run_address>
         <size>0x112</size>
         <input_file_ref idref="fl-e0"/>
      </object_component>
      <object_component id="oc-30e">
[...]
         <value>0x35ac</value>
         <object_component_ref idref="oc-325"/>
      </symbol>
      <symbol id="sm-1e7">
         <name>xcoOledCur</name>
         <value>0x20000ba0</value>
      </symbol>
      <symbol id="sm-1e8">
         <name>ycoOledCur</name>
         <value>0x20000bac</value>
      </symbol>
      <symbol id="sm-1e9">
         <name>pbOledCur</name>
         <value>0x20000b84</value>
      </symbol>
      <symbol id="sm-1ea">
         <name>bnOledCur</name>
         <value>0x20000b70</value>
      </symbol>
      <symbol id="sm-1eb">
         <name>clrOledCur</name>
         <value>0x20000bb0</value>
      </symbol>
      <symbol id="sm-1ec">
         <name>pbOledPatCur</name>
         <value>0x20000b90</value>
      </symbol>
      <symbol id="sm-1ed">
         <name>fOledCharUpdate</name>
         <value>0x20000b7c</value>
      </symbol>
      <symbol id="sm-1ee">
         <name>dxcoOledFontCur</name>
         <value>0x20000b74</value>
      </symbol>
      <symbol id="sm-1ef">
         <name>dycoOledFontCur</name>
         <value>0x20000b78</value>
      </symbol>
      <symbol id="sm-1f0">
         <name>pbOledFontCur</name>
         <value>0x20000b88</value>
      </symbol>
      <symbol id="sm-1f1">
         <name>pbOledFontUser</name>
         <value>0x20000b8c</value>
      </symbol>
      <symbol id="sm-1f2">
         <name>rgbOledBmp</name>
         <value>0x2000086c</value>
      </symbol>
      <symbol id="sm-1f3">
         <name>OrbitOledDvrInit</name>
         <value>0x1821</value>
         <object_component_ref idref="oc-261"/>
      </symbol>
      <symbol id="sm-1f4">
         <name>OrbitOledUpdate</name>
         <value>0x1e59</value>
         <object_component_ref idref="oc-2af"/>
      </symbol>
      <symbol id="sm-1f5">
         <name>OrbitOledClear</name>
         <value>0x25a9</value>
         <object_component_ref idref="oc-26d"/>
      </symbol>
      <symbol id="sm-1f6">
         <name>OrbitOledPutBuffer</name>
         <value>0x1c5d</value>
         <object_component_ref idref="oc-363"/>
      </symbol>
      <symbol id="sm-1f7">
         <name>OrbitOledDevInit</name>
         <value>0x1791</value>
         <object_component_ref idref="oc-267"/>
      </symbol>
      <symbol id="sm-1f8">
         <name>OrbitOledClearBuffer</name>
         <value>0x2431</value>
         <object_component_ref idref="oc-336"/>
      </symbol>
      <symbol id="sm-1f9">
         <name>OrbitOledHostInit</name>
         <value>0x1449</value>
         <object_component_ref idref="oc-25b"/>
      </symbol>
      <symbol id="sm-1fa">
         <name>OrbitOledInit</name>
         <value>0x248d</value>
         <object_component_ref idref="oc-1ba"/>
      </symbol>
      <symbol id="sm-1fb">
         <name>Ssi3PutByte</name>
         <value>0x1ea9</value>
         <object_component_ref idref="oc-32f"/>
      </symbol>
      <symbol id="sm-23b">
         <name>xchOledCur</name>
         <value>0x20000b98</value>
      </symbol>
      <symbol id="sm-23c">
         <name>ychOledCur</name>
         <value>0x20000ba4</value>
      </symbol>
      <symbol id="sm-23d">
         <name>xchOledMax</name>
         <value>0x20000b9c</value>
      </symbol>
      <symbol id="sm-23e">
         <name>ychOledMax</name>
         <value>0x20000ba8</value>
      </symbol>
      <symbol id="sm-23f">
         <name>rgbOledFontUser</name>
         <value>0x20000a6c</value>
      </symbol>
      <symbol id="sm-240">
         <name>OrbitOledPutString</name>
         <value>0x22e1</value>
         <object_component_ref idref="oc-1fb"/>
      </symbol>
      <symbol id="sm-241">
         <name>OrbitOledDrawGlyph</name>
         <value>0x1d0d</value>
         <object_component_ref idref="oc-2a3"/>
      </symbol>
      <symbol id="sm-242">
         <name>OrbitOledSetCursor</name>
         <value>0x1f95</value>
         <object_component_ref idref="oc-1f5"/>
      </symbol>
      <symbol id="sm-243">
         <name>OrbitOledAdvanceCursor</name>
         <value>0x2105</value>
         <object_component_ref idref="oc-2a9"/>
      </symbol>
      <symbol id="sm-29c">
         <name>pfnDoRop</name>
         <value>0x20000b94</value>
      </symbol>
      <symbol id="sm-29d">
         <name>modOledCur</name>
         <value>0x20000b80</value>
      </symbol>
      <symbol id="sm-29e">
         <name>OrbitOledMoveTo</name>
         <value>0x2079</value>
         <object_component_ref idref="oc-292"/>
      </symbol>
      <symbol id="sm-29f">
         <name>OrbitOledClampYco</name>
         <value>0x2535</value>
         <object_component_ref idref="oc-351"/>
      </symbol>
      <symbol id="sm-2a0">
         <name>OrbitOledRopSet</name>
         <value>0x2573</value>
         <object_component_ref idref="oc-39e"/>
      </symbol>
      <symbol id="sm-2a1">
         <name>OrbitOledRopXor</name>
         <value>0x2611</value>
         <object_component_ref idref="oc-3a4"/>
      </symbol>
      <symbol id="sm-2a2">
         <name>OrbitOledRopAnd</name>
         <value>0x2601</value>
         <object_component_ref idref="oc-3aa"/>
      </symbol>
      <symbol id="sm-2a3">
         <name>OrbitOledSetDrawMode</name>
         <value>0x20c1</value>
         <object_component_ref idref="oc-317"/>
      </symbol>
      <symbol id="sm-2a4">
         <name>OrbitOledClampXco</name>
         <value>0x2525</value>
         <object_component_ref idref="oc-34b"/>
      </symbol>
      <symbol id="sm-2a5">
         <name>OrbitOledRopOr</name>
         <value>0x2609</value>
         <object_component_ref idref="oc-3b0"/>
      </symbol>
      <symbol id="sm-2c2">
         <name>DelayMs</name>
         <value>0x225d</value>
         <object_component_ref idref="oc-329"/>
      </symbol>
      <symbol id="sm-2c3">
         <name>DelayInit</name>
         <value>0x2331</value>
         <object_component_ref idref="oc-2e6"/>
      </symbol>
      <symbol id="sm-2d4">
         <name>_c_int00</name>
         <value>0x1d61</value>
         <object_component_ref idref="oc-24"/>
      </symbol>
      <symbol id="sm-2d5">
         <name>__stack</name>
         <value>0x20000bb4</value>
         <object_component_ref idref="oc-2a"/>
      </symbol>
      <symbol id="sm-2f3">
         <name>__TI_decompress_lzss</name>
         <value>0x1ad9</value>
         <object_component_ref idref="oc-12"/>
      </symbol>
      <symbol id="sm-30a">
         <name>__TI_decompress_none</name>
         <value>0x258f</value>
         <object_component_ref idref="oc-18"/>
      </symbol>
      <symbol id="sm-321">
         <name>__TI_zero_init</name>
         <value>0x25cd</value>
         <object_component_ref idref="oc-1e"/>
      </symbol>
      <symbol id="sm-342">
         <name>C$$EXIT</name>
         <value>0x1db5</value>
         <object_component_ref idref="oc-8d"/>
      </symbol>
      <symbol id="sm-343">
         <name>abort</name>
         <value>0x1db9</value>
         <object_component_ref idref="oc-8d"/>
      </symbol>
      <symbol id="sm-344">
         <name>exit</name>
         <value>0x1dc1</value>
         <object_component_ref idref="oc-8d"/>
      </symbol>
      <symbol id="sm-345">
         <name>__TI_dtors_ptr</name>
         <value>0x20000db8</value>
         <object_component_ref idref="oc-f3"/>
      </symbol>
      <symbol id="sm-346">
         <name>__TI_cleanup_ptr</name>
         <value>0x20000db4</value>
         <object_component_ref idref="oc-f3"/>
      </symbol>
      <symbol id="sm-347">
         <name>__TI_enable_exit_profile_output</name>
         <value>0x20000dbc</value>
         <object_component_ref idref="oc-f3"/>
      </symbol>
      <symbol id="sm-362">
         <name>memcpy</name>
         <value>0x16f3</value>
         <object_component_ref idref="oc-5d"/>
      </symbol>
      <symbol id="sm-363">
         <name>__aeabi_memcpy</name>
         <value>0x16f3</value>
         <object_component_ref idref="oc-5d"/>
      </symbol>
      <symbol id="sm-364">
         <name>__aeabi_memcpy8</name>
         <value>0x16f3</value>
         <object_component_ref idref="oc-5d"/>
      </symbol>
      <symbol id="sm-365">
         <name>__aeabi_memcpy4</name>
         <value>0x16f3</value>
         <object_component_ref idref="oc-5d"/>
      </symbol>
      <symbol id="sm-374">
         <name>__aeabi_memset</name>
         <value>0x1921</value>
         <object_component_ref idref="oc-69"/>
      </symbol>
      <symbol id="sm-375">
         <name>memset</name>
         <value>0x1927</value>
         <object_component_ref idref="oc-69"/>
      </symbol>
      <symbol id="sm-376">
         <name>__aeabi_memset8</name>
         <value>0x1921</value>
         <object_component_ref idref="oc-69"/>
      </symbol>
      <symbol id="sm-377">
         <name>__aeabi_memset4</name>
         <value>0x1921</value>
         <object_component_ref idref="oc-69"/>
      </symbol>
      <symbol id="sm-378">
         <name>__aeabi_memclr8</name>
         <value>0x191f</value>
         <object_component_ref idref="oc-69"/>
      </symbol>
      <symbol id="sm-379">
         <name>__aeabi_memclr4</name>
         <value>0x191f</value>
         <object_component_ref idref="oc-69"/>
      </symbol>
      <symbol id="sm-37a">
         <name>__aeabi_memclr</name>
         <value>0x191f</value>
         <object_component_ref idref="oc-69"/>
      </symbol>
      <symbol id="sm-384">
         <name>__mpu_init</name>
         <value>0x263d</value>
         <object_component_ref idref="oc-75"/>
      </symbol>
      <symbol id="sm-38e">
         <name>_system_pre_init</name>
         <value>0x2639</value>
         <object_component_ref idref="oc-7b"/>
      </symbol>
      <symbol id="sm-396">
         <name>main_func_sp</name>
         <value>0x20000dd0</value>
         <object_component_ref idref="oc-93"/>
      </symbol>
      <symbol id="sm-3a5">
         <name>__aeabi_uidivmod</name>
         <value>0x2145</value>
         <object_component_ref idref="oc-28a"/>
      </symbol>
      <symbol id="sm-3a6">
         <name>__aeabi_uidiv</name>
         <value>0x2145</value>
         <object_component_ref idref="oc-28a"/>
      </symbol>
      <symbol id="sm-3bf">
         <name>_nop</name>
         <value>0x24ff</value>
         <object_component_ref idref="oc-175"/>
      </symbol>
      <symbol id="sm-3c0">
         <name>_lock</name>
         <value>0x20000dc0</value>
         <object_component_ref idref="oc-f6"/>
      </symbol>
      <symbol id="sm-3c1">
         <name>_unlock</name>
         <value>0x20000dc4</value>
         <object_component_ref idref="oc-f6"/>
      </symbol>
      <symbol id="sm-3c2">
         <name>_register_lock</name>
         <value>0x24f7</value>
         <object_component_ref idref="oc-175"/>
      </symbol>
      <symbol id="sm-3c3">
         <name>_register_unlock</name>
         <value>0x24f1</value>
         <object_component_ref idref="oc-175"/>
      </symbol>
      <symbol id="sm-3d7">
         <name>_args_main</name>
         <value>0x2449</value>
         <object_component_ref idref="oc-87"/>
      </symbol>
      <symbol id="sm-401">
         <name>__TI_auto_init</name>
         <value>0x1999</value>
         <object_component_ref idref="oc-81"/>
      </symbol>
      <symbol id="sm-41b">
         <name>copy_in</name>
         <value>0x202d</value>
         <object_component_ref idref="oc-dd"/>
      </symbol>
      <symbol id="sm-425">
         <name>__aeabi_idiv0</name>
         <value>0x242f</value>
         <object_component_ref idref="oc-344"/>
      </symbol>
      <symbol id="sm-42f">
         <name>_system_post_cinit</name>
         <value>0x263f</value>
         <object_component_ref idref="oc-e3"/>
      </symbol>
      <symbol id="sm-43f">
         <name>arm_cfft_sR_f32_len256</name>
         <value>0x3614</value>
         <object_component_ref idref="oc-163"/>
      </symbol>
      <symbol id="sm-451">
         <name>arm_cmplx_mag_f32</name>
         <value>0x1cb5</value>
         <object_component_ref idref="oc-142"/>
      </symbol>
      <symbol id="sm-486">
         <name>arm_cfft_radix8by4_f32</name>
         <value>0x8db</value>
         <object_component_ref idref="oc-1cb"/>
      </symbol>
      <symbol id="sm-487">
         <name>arm_cfft_f32</name>
         <value>0x1619</value>
         <object_component_ref idref="oc-13c"/>
      </symbol>
      <symbol id="sm-488">
         <name>arm_cfft_radix8by2_f32</name>
         <value>0xf8f</value>
         <object_component_ref idref="oc-1d1"/>
      </symbol>
      <symbol id="sm-489">
         <name>arm_bitreversal_32</name>
         <value>0x2229</value>
         <object_component_ref idref="oc-1d7"/>
      </symbol>
      <symbol id="sm-49e">
         <name>arm_radix8_butterfly_f32</name>
         <value>0x26d</value>
         <object_component_ref idref="oc-1c5"/>
      </symbol>
      <symbol id="sm-4b1">
         <name>twiddleCoef_256</name>
         <value>0x2640</value>
         <object_component_ref idref="oc-206"/>
      </symbol>
      <symbol id="sm-4b2">
         <name>armBitRevIndexTable256</name>
         <value>0x2e40</value>
         <object_component_ref idref="oc-209"/>
      </symbol>
      <symbol id="sm-510">
         <name>ADCProcessorTrigger</name>
         <value>0x23ff</value>
         <object_component_ref idref="oc-9b"/>
      </symbol>
      <symbol id="sm-511">
         <name>ADCSequenceEnable</name>
         <value>0x2565</value>
         <object_component_ref idref="oc-226"/>
      </symbol>
      <symbol id="sm-512">
         <name>ADCSequenceConfigure</name>
         <value>0x1e09</value>
         <object_component_ref idref="oc-21a"/>
      </symbol>
      <symbol id="sm-513">
         <name>ADCIntEnable</name>
         <value>0x2505</value>
         <object_component_ref idref="oc-232"/>
      </symbol>
      <symbol id="sm-514">
         <name>ADCSequenceStepConfigure</name>
         <value>0x18a5</value>
         <object_component_ref idref="oc-220"/>
      </symbol>
      <symbol id="sm-515">
         <name>ADCIntClear</name>
         <value>0x25d9</value>
         <object_component_ref idref="oc-ae"/>
      </symbol>
      <symbol id="sm-516">
         <name>ADCIntRegister</name>
         <value>0x23e7</value>
         <object_component_ref idref="oc-22c"/>
      </symbol>
      <symbol id="sm-517">
         <name>ADCSequenceDataGet</name>
         <value>0x2375</value>
         <object_component_ref idref="oc-a2"/>
      </symbol>
      <symbol id="sm-55a">
         <name>GPIOPinConfigure</name>
         <value>0x1f49</value>
         <object_component_ref idref="oc-2f2"/>
      </symbol>
      <symbol id="sm-55b">
         <name>GPIOPinTypeGPIOOutput</name>
         <value>0x2417</value>
         <object_component_ref idref="oc-310"/>
      </symbol>
      <symbol id="sm-55c">
         <name>GPIODirModeSet</name>
         <value>0x2289</value>
         <object_component_ref idref="oc-382"/>
      </symbol>
      <symbol id="sm-55d">
         <name>GPIOPinWrite</name>
         <value>0x2621</value>
         <object_component_ref idref="oc-30a"/>
      </symbol>
      <symbol id="sm-55e">
         <name>GPIOPadConfigSet</name>
         <value>0x1113</value>
         <object_component_ref idref="oc-388"/>
      </symbol>
      <symbol id="sm-55f">
         <name>GPIOPinTypeSSI</name>
         <value>0x2461</value>
         <object_component_ref idref="oc-2ec"/>
      </symbol>
      <symbol id="sm-5c4">
         <name>IntIsEnabled</name>
         <value>0x1b41</value>
         <object_component_ref idref="oc-136"/>
      </symbol>
      <symbol id="sm-5c5">
         <name>IntEnable</name>
         <value>0x1a71</value>
         <object_component_ref idref="oc-15a"/>
      </symbol>
      <symbol id="sm-5c6">
         <name>IntDisable</name>
         <value>0x1a09</value>
         <object_component_ref idref="oc-a8"/>
      </symbol>
      <symbol id="sm-5c7">
         <name>IntRegister</name>
         <value>0x21c1</value>
         <object_component_ref idref="oc-2cf"/>
      </symbol>
      <symbol id="sm-5c8">
         <name>g_pfnRAMVectors</name>
         <value>0x20000000</value>
         <object_component_ref idref="oc-36d"/>
      </symbol>
      <symbol id="sm-5c9">
         <name>IntMasterEnable</name>
         <value>0x2515</value>
         <object_component_ref idref="oc-12a"/>
      </symbol>
      <symbol id="sm-601">
         <name>SSIDataPut</name>
         <value>0x25e3</value>
         <object_component_ref idref="oc-3cb"/>
      </symbol>
      <symbol id="sm-602">
         <name>SSIDataGet</name>
         <value>0x25b5</value>
         <object_component_ref idref="oc-3d1"/>
      </symbol>
      <symbol id="sm-603">
         <name>SSIConfigSetExpClk</name>
         <value>0x2185</value>
         <object_component_ref idref="oc-2fe"/>
      </symbol>
      <symbol id="sm-604">
         <name>SSIEnable</name>
         <value>0x25ed</value>
         <object_component_ref idref="oc-304"/>
      </symbol>
      <symbol id="sm-605">
         <name>SSIClockSourceSet</name>
         <value>0x262d</value>
         <object_component_ref idref="oc-2f8"/>
      </symbol>
      <symbol id="sm-606">
         <name>SSIBusy</name>
         <value>0x2619</value>
         <object_component_ref idref="oc-3c5"/>
      </symbol>
      <symbol id="sm-657">
         <name>SysCtlClockSet</name>
         <value>0x1355</value>
         <object_component_ref idref="oc-212"/>
      </symbol>
      <symbol id="sm-658">
         <name>SysCtlDelay</name>
         <value>0x2633</value>
         <object_component_ref idref="oc-218"/>
      </symbol>
      <symbol id="sm-659">
         <name>SysCtlPeripheralEnable</name>
         <value>0x21f5</value>
         <object_component_ref idref="oc-1b4"/>
      </symbol>
      <symbol id="sm-65a">
         <name>SysCtlClockGet</name>
         <value>0x1245</value>
         <object_component_ref idref="oc-239"/>
      </symbol>
      <symbol id="sm-687">
         <name>SysTickEnable</name>
         <value>0x24a1</value>
         <object_component_ref idref="oc-251"/>
      </symbol>
      <symbol id="sm-688">
         <name>SysTickIntRegister</name>
         <value>0x23b1</value>
         <object_component_ref idref="oc-245"/>
      </symbol>
      <symbol id="sm-689">
         <name>SysTickIntEnable</name>
         <value>0x24b5</value>
         <object_component_ref idref="oc-24b"/>
      </symbol>
      <symbol id="sm-68a">
         <name>SysTickPeriodSet</name>
         <value>0x2545</value>
         <object_component_ref idref="oc-23f"/>
      </symbol>
      <symbol id="sm-6ae">
         <name>TimerEnable</name>
         <value>0x2581</value>
         <object_component_ref idref="oc-37b"/>
      </symbol>
      <symbol id="sm-6af">
         <name>TimerValueGet</name>
         <value>0x25f7</value>
         <object_component_ref idref="oc-3bd"/>
      </symbol>
      <symbol id="sm-6b0">
         <name>TimerConfigure</name>
         <value>0x1ba5</value>
         <object_component_ref idref="oc-375"/>
      </symbol>
      <symbol id="sm-6ba">
         <name>CPUcpsie</name>
         <value>0x259d</value>
         <object_component_ref idref="oc-1ad"/>
      </symbol>
      <symbol id="sm-6cc">
         <name>sqrtf</name>
         <value>0x2309</value>
         <object_component_ref idref="oc-1df"/>
      </symbol>
      <symbol id="sm-6d4">
         <name>errno</name>
         <value>0x20000dcc</value>
         <object_component_ref idref="oc-27d"/>
      </symbol>
      <symbol id="sm-6d5">
         <name>__TI_static_base__</name>
         <value>0x0</value>
      </symbol>
      <symbol id="sm-6d8">
         <name>SHT$$INIT_ARRAY$$Limit</name>
         <value>0x0</value>
      </symbol>
      <symbol id="sm-6d9">
         <name>SHT$$INIT_ARRAY$$Base</name>
         <value>0x0</value>
      </symbol>
   </symbol_table>
   <title>Link successful</title>
</link_info>
